###############################################################################
#
# IAR ELF Linker V8.40.1.212/W32 for ARM                  27/Jul/2021  22:40:26
# Copyright 2007-2019 IAR Systems AB.
#
#    Output file  =
#        D:\Temp
#        Download\STM32CubeL4-master\STM32CubeL4-master\Projects\B-L475E-IOT01A\Applications\BLE\P2P_LedButton\EWARM\STM32L4_IOT_P2P_ClientServer\Exe\BLE.out
#    Map file     =
#        D:\Temp
#        Download\STM32CubeL4-master\STM32CubeL4-master\Projects\B-L475E-IOT01A\Applications\BLE\P2P_LedButton\EWARM\STM32L4_IOT_P2P_ClientServer\List\BLE.map
#    Command line =
#        -f C:\Users\ajfqh\AppData\Local\Temp\EW3D9C.tmp ("D:\Temp
#        Download\STM32CubeL4-master\STM32CubeL4-master\Projects\B-L475E-IOT01A\Applications\BLE\P2P_LedButton\EWARM\STM32L4_IOT_P2P_ClientServer\Obj\bluenrg_gap_aci.o"
#        "D:\Temp
#        Download\STM32CubeL4-master\STM32CubeL4-master\Projects\B-L475E-IOT01A\Applications\BLE\P2P_LedButton\EWARM\STM32L4_IOT_P2P_ClientServer\Obj\bluenrg_gatt_aci.o"
#        "D:\Temp
#        Download\STM32CubeL4-master\STM32CubeL4-master\Projects\B-L475E-IOT01A\Applications\BLE\P2P_LedButton\EWARM\STM32L4_IOT_P2P_ClientServer\Obj\bluenrg_hal_aci.o"
#        "D:\Temp
#        Download\STM32CubeL4-master\STM32CubeL4-master\Projects\B-L475E-IOT01A\Applications\BLE\P2P_LedButton\EWARM\STM32L4_IOT_P2P_ClientServer\Obj\hw_lpm.o"
#        "D:\Temp
#        Download\STM32CubeL4-master\STM32CubeL4-master\Projects\B-L475E-IOT01A\Applications\BLE\P2P_LedButton\EWARM\STM32L4_IOT_P2P_ClientServer\Obj\hw_spi.o"
#        "D:\Temp
#        Download\STM32CubeL4-master\STM32CubeL4-master\Projects\B-L475E-IOT01A\Applications\BLE\P2P_LedButton\EWARM\STM32L4_IOT_P2P_ClientServer\Obj\hw_timerserver.o"
#        "D:\Temp
#        Download\STM32CubeL4-master\STM32CubeL4-master\Projects\B-L475E-IOT01A\Applications\BLE\P2P_LedButton\EWARM\STM32L4_IOT_P2P_ClientServer\Obj\lb_client_app.o"
#        "D:\Temp
#        Download\STM32CubeL4-master\STM32CubeL4-master\Projects\B-L475E-IOT01A\Applications\BLE\P2P_LedButton\EWARM\STM32L4_IOT_P2P_ClientServer\Obj\lb_demo.o"
#        "D:\Temp
#        Download\STM32CubeL4-master\STM32CubeL4-master\Projects\B-L475E-IOT01A\Applications\BLE\P2P_LedButton\EWARM\STM32L4_IOT_P2P_ClientServer\Obj\lb_server_app.o"
#        "D:\Temp
#        Download\STM32CubeL4-master\STM32CubeL4-master\Projects\B-L475E-IOT01A\Applications\BLE\P2P_LedButton\EWARM\STM32L4_IOT_P2P_ClientServer\Obj\lbs_stm.o"
#        "D:\Temp
#        Download\STM32CubeL4-master\STM32CubeL4-master\Projects\B-L475E-IOT01A\Applications\BLE\P2P_LedButton\EWARM\STM32L4_IOT_P2P_ClientServer\Obj\list.o"
#        "D:\Temp
#        Download\STM32CubeL4-master\STM32CubeL4-master\Projects\B-L475E-IOT01A\Applications\BLE\P2P_LedButton\EWARM\STM32L4_IOT_P2P_ClientServer\Obj\lpm.o"
#        "D:\Temp
#        Download\STM32CubeL4-master\STM32CubeL4-master\Projects\B-L475E-IOT01A\Applications\BLE\P2P_LedButton\EWARM\STM32L4_IOT_P2P_ClientServer\Obj\main.o"
#        "D:\Temp
#        Download\STM32CubeL4-master\STM32CubeL4-master\Projects\B-L475E-IOT01A\Applications\BLE\P2P_LedButton\EWARM\STM32L4_IOT_P2P_ClientServer\Obj\memory_manager.o"
#        "D:\Temp
#        Download\STM32CubeL4-master\STM32CubeL4-master\Projects\B-L475E-IOT01A\Applications\BLE\P2P_LedButton\EWARM\STM32L4_IOT_P2P_ClientServer\Obj\osal.o"
#        "D:\Temp
#        Download\STM32CubeL4-master\STM32CubeL4-master\Projects\B-L475E-IOT01A\Applications\BLE\P2P_LedButton\EWARM\STM32L4_IOT_P2P_ClientServer\Obj\scheduler.o"
#        "D:\Temp
#        Download\STM32CubeL4-master\STM32CubeL4-master\Projects\B-L475E-IOT01A\Applications\BLE\P2P_LedButton\EWARM\STM32L4_IOT_P2P_ClientServer\Obj\startup_stm32l475xx.o"
#        "D:\Temp
#        Download\STM32CubeL4-master\STM32CubeL4-master\Projects\B-L475E-IOT01A\Applications\BLE\P2P_LedButton\EWARM\STM32L4_IOT_P2P_ClientServer\Obj\stm32l475e_iot01.o"
#        "D:\Temp
#        Download\STM32CubeL4-master\STM32CubeL4-master\Projects\B-L475E-IOT01A\Applications\BLE\P2P_LedButton\EWARM\STM32L4_IOT_P2P_ClientServer\Obj\stm32l4xx_hal.o"
#        "D:\Temp
#        Download\STM32CubeL4-master\STM32CubeL4-master\Projects\B-L475E-IOT01A\Applications\BLE\P2P_LedButton\EWARM\STM32L4_IOT_P2P_ClientServer\Obj\stm32l4xx_hal_cortex.o"
#        "D:\Temp
#        Download\STM32CubeL4-master\STM32CubeL4-master\Projects\B-L475E-IOT01A\Applications\BLE\P2P_LedButton\EWARM\STM32L4_IOT_P2P_ClientServer\Obj\stm32l4xx_hal_dma.o"
#        "D:\Temp
#        Download\STM32CubeL4-master\STM32CubeL4-master\Projects\B-L475E-IOT01A\Applications\BLE\P2P_LedButton\EWARM\STM32L4_IOT_P2P_ClientServer\Obj\stm32l4xx_hal_gpio.o"
#        "D:\Temp
#        Download\STM32CubeL4-master\STM32CubeL4-master\Projects\B-L475E-IOT01A\Applications\BLE\P2P_LedButton\EWARM\STM32L4_IOT_P2P_ClientServer\Obj\stm32l4xx_hal_i2c.o"
#        "D:\Temp
#        Download\STM32CubeL4-master\STM32CubeL4-master\Projects\B-L475E-IOT01A\Applications\BLE\P2P_LedButton\EWARM\STM32L4_IOT_P2P_ClientServer\Obj\stm32l4xx_hal_i2c_ex.o"
#        "D:\Temp
#        Download\STM32CubeL4-master\STM32CubeL4-master\Projects\B-L475E-IOT01A\Applications\BLE\P2P_LedButton\EWARM\STM32L4_IOT_P2P_ClientServer\Obj\stm32l4xx_hal_pwr.o"
#        "D:\Temp
#        Download\STM32CubeL4-master\STM32CubeL4-master\Projects\B-L475E-IOT01A\Applications\BLE\P2P_LedButton\EWARM\STM32L4_IOT_P2P_ClientServer\Obj\stm32l4xx_hal_pwr_ex.o"
#        "D:\Temp
#        Download\STM32CubeL4-master\STM32CubeL4-master\Projects\B-L475E-IOT01A\Applications\BLE\P2P_LedButton\EWARM\STM32L4_IOT_P2P_ClientServer\Obj\stm32l4xx_hal_rcc.o"
#        "D:\Temp
#        Download\STM32CubeL4-master\STM32CubeL4-master\Projects\B-L475E-IOT01A\Applications\BLE\P2P_LedButton\EWARM\STM32L4_IOT_P2P_ClientServer\Obj\stm32l4xx_hal_rtc.o"
#        "D:\Temp
#        Download\STM32CubeL4-master\STM32CubeL4-master\Projects\B-L475E-IOT01A\Applications\BLE\P2P_LedButton\EWARM\STM32L4_IOT_P2P_ClientServer\Obj\stm32l4xx_hal_rtc_ex.o"
#        "D:\Temp
#        Download\STM32CubeL4-master\STM32CubeL4-master\Projects\B-L475E-IOT01A\Applications\BLE\P2P_LedButton\EWARM\STM32L4_IOT_P2P_ClientServer\Obj\stm32l4xx_hal_spi.o"
#        "D:\Temp
#        Download\STM32CubeL4-master\STM32CubeL4-master\Projects\B-L475E-IOT01A\Applications\BLE\P2P_LedButton\EWARM\STM32L4_IOT_P2P_ClientServer\Obj\stm32l4xx_hal_uart.o"
#        "D:\Temp
#        Download\STM32CubeL4-master\STM32CubeL4-master\Projects\B-L475E-IOT01A\Applications\BLE\P2P_LedButton\EWARM\STM32L4_IOT_P2P_ClientServer\Obj\stm32l4xx_hal_uart_ex.o"
#        "D:\Temp
#        Download\STM32CubeL4-master\STM32CubeL4-master\Projects\B-L475E-IOT01A\Applications\BLE\P2P_LedButton\EWARM\STM32L4_IOT_P2P_ClientServer\Obj\stm32l4xx_it.o"
#        "D:\Temp
#        Download\STM32CubeL4-master\STM32CubeL4-master\Projects\B-L475E-IOT01A\Applications\BLE\P2P_LedButton\EWARM\STM32L4_IOT_P2P_ClientServer\Obj\svc_ctl.o"
#        "D:\Temp
#        Download\STM32CubeL4-master\STM32CubeL4-master\Projects\B-L475E-IOT01A\Applications\BLE\P2P_LedButton\EWARM\STM32L4_IOT_P2P_ClientServer\Obj\system_stm32l4xx.o"
#        "D:\Temp
#        Download\STM32CubeL4-master\STM32CubeL4-master\Projects\B-L475E-IOT01A\Applications\BLE\P2P_LedButton\EWARM\STM32L4_IOT_P2P_ClientServer\Obj\tl_ble_hci.o"
#        "D:\Temp
#        Download\STM32CubeL4-master\STM32CubeL4-master\Projects\B-L475E-IOT01A\Applications\BLE\P2P_LedButton\EWARM\STM32L4_IOT_P2P_ClientServer\Obj\tl_ble_io.o"
#        "D:\Temp
#        Download\STM32CubeL4-master\STM32CubeL4-master\Projects\B-L475E-IOT01A\Applications\BLE\P2P_LedButton\EWARM\STM32L4_IOT_P2P_ClientServer\Obj\tl_ble_reassembly.o"
#        "D:\Temp
#        Download\STM32CubeL4-master\STM32CubeL4-master\Projects\B-L475E-IOT01A\Applications\BLE\P2P_LedButton\EWARM\STM32L4_IOT_P2P_ClientServer\Obj\tl_ble_spi.o"
#        --no_out_extension -o "D:\Temp
#        Download\STM32CubeL4-master\STM32CubeL4-master\Projects\B-L475E-IOT01A\Applications\BLE\P2P_LedButton\EWARM\STM32L4_IOT_P2P_ClientServer\Exe\BLE.out"
#        --map "D:\Temp
#        Download\STM32CubeL4-master\STM32CubeL4-master\Projects\B-L475E-IOT01A\Applications\BLE\P2P_LedButton\EWARM\STM32L4_IOT_P2P_ClientServer\List\BLE.map"
#        --config "D:\Temp
#        Download\STM32CubeL4-master\STM32CubeL4-master\Projects\B-L475E-IOT01A\Applications\BLE\P2P_LedButton\EWARM\stm32l475xx_flash.icf"
#        --semihosting --entry __iar_program_start --vfe --text_out locale)
#
###############################################################################

*******************************************************************************
*** RUNTIME MODEL ATTRIBUTES
***

CppFlavor       = *
__SystemLibrary = DLib
__dlib_version  = 6


*******************************************************************************
*** HEAP SELECTION
***

The basic heap was selected because some modules are built with
size limitations (and not runtime checking), and --advanced_heap
was not specified.


*******************************************************************************
*** PLACEMENT SUMMARY
***

"A0":  place at address 0x800'0000 { ro section .intvec };
define block CSTACK with size = 1K, alignment = 8 { };
"A1":  place at address 0x2001'7c00 { block CSTACK };
"P1":  place in [from 0x800'0000 to 0x80f'ffff] { ro };
define block HEAP with size = 512, alignment = 8 { };
"P2":  place in [from 0x2000'0000 to 0x2001'7fff] { rw, block HEAP };
initialize by copy { rw };

  Section            Kind         Address    Size  Object
  -------            ----         -------    ----  ------
"A0":                                       0x188
  .intvec            ro code   0x800'0000   0x188  startup_stm32l475xx.o [1]
                             - 0x800'0188   0x188

"P1":                                      0x32a1
  .text              ro code   0x800'0188   0x848  hw_spi.o [1]
  .text              ro code   0x800'09d0   0x118  tl_ble_spi.o [1]
  .text              ro code   0x800'0ae8   0x20c  stm32l4xx_hal_gpio.o [1]
  .text              ro code   0x800'0cf4    0xc4  stm32l4xx_hal_dma.o [1]
  .text              ro code   0x800'0db8    0xf0  stm32l4xx_hal_cortex.o [1]
  .text              ro code   0x800'0ea8    0x9a  lpm.o [1]
  .text              ro code   0x800'0f42    0x3a  zero_init3.o [4]
  .text              ro code   0x800'0f7c    0xea  stm32l4xx_hal_spi.o [1]
  .text              ro code   0x800'1068   0x504  hw_timerserver.o [1]
  .text              ro code   0x800'156c    0x30  hw_lpm.o [1]
  .text              ro code   0x800'159c    0x98  memory_manager.o [1]
  .text              ro code   0x800'1634   0x120  tl_ble_reassembly.o [1]
  .text              ro code   0x800'1754   0x2aa  main.o [1]
  .text              ro code   0x800'19fe     0x2  lpm.o [1]
  .text              ro code   0x800'1a00     0x2  lpm.o [1]
  .text              ro code   0x800'1a02     0x2  hw_timerserver.o [1]
  .text              ro code   0x800'1a04    0x66  list.o [1]
  .text              ro code   0x800'1a6a    0x4a  tl_ble_io.o [1]
  .text              ro code   0x800'1ab4    0x18  ABImemcpy_small.o [4]
  .text              ro code   0x800'1acc   0x1ba  tl_ble_hci.o [1]
  .text              ro code   0x800'1c88    0x56  stm32l4xx_hal.o [1]
  .text              ro code   0x800'1ce0    0x10  stm32l4xx_hal_pwr.o [1]
  .text              ro code   0x800'1cf0     0x6  ABImemclr4.o [4]
  .text              ro code   0x800'1cf8    0x24  stm32l4xx_hal_pwr_ex.o [1]
  .text              ro code   0x800'1d1c    0x46  stm32l4xx_hal_rtc_ex.o [1]
  .text              ro code   0x800'1d64   0x162  stm32l4xx_hal_rtc.o [1]
  .text              ro code   0x800'1ec8    0xec  scheduler.o [1]
  .text              ro code   0x800'1fb4   0x144  lb_demo.o [1]
  .text              ro code   0x800'20f8   0x114  stm32l475e_iot01.o [1]
  .text              ro code   0x800'220c   0x6bc  stm32l4xx_hal_rcc.o [1]
  .text              ro code   0x800'28c8   0x108  svc_ctl.o [1]
  .text              ro code   0x800'29d0    0x32  ABImemset48.o [4]
  .text              ro code   0x800'2a04     0xc  stm32l4xx_hal.o [1]
  .text              ro code   0x800'2a10    0xbe  bluenrg_hal_aci.o [1]
  .text              ro code   0x800'2ace   0x256  bluenrg_gap_aci.o [1]
  .text              ro code   0x800'2d24    0x98  lb_server_app.o [1]
  .text              ro code   0x800'2dbc   0x100  lbs_stm.o [1]
  .text              ro code   0x800'2ebc   0x200  bluenrg_gatt_aci.o [1]
  .text              ro code   0x800'30bc     0x2  svc_ctl.o [1]
  .text              ro code   0x800'30be     0x2  svc_ctl.o [1]
  .text              ro code   0x800'30c0     0x2  svc_ctl.o [1]
  .text              ro code   0x800'30c2     0x2  svc_ctl.o [1]
  .text              ro code   0x800'30c4     0x2  svc_ctl.o [1]
  .text              ro code   0x800'30c6     0x2  svc_ctl.o [1]
  .text              ro code   0x800'30c8     0x2  svc_ctl.o [1]
  .text              ro code   0x800'30ca     0x2  svc_ctl.o [1]
  .text              ro code   0x800'30cc    0x20  osal.o [1]
  .text              ro code   0x800'30ec    0x12  ABImemset_small.o [4]
  .text              ro code   0x800'3100    0x64  system_stm32l4xx.o [1]
  .text              ro code   0x800'3164    0x38  packbits_init_single.o [4]
  .rodata            const     0x800'319c    0x30  system_stm32l4xx.o [1]
  .text              ro code   0x800'31cc    0x2e  stm32l4xx_it.o [1]
  .text              ro code   0x800'31fc    0x10  stm32l4xx_hal.o [1]
  .text              ro code   0x800'320c    0x28  data_init.o [4]
  .text              ro code   0x800'3234    0x22  fpinit_M.o [3]
  .iar.init_table    const     0x800'3258    0x20  - Linker created -
  .text              ro code   0x800'3278    0x1e  cmain.o [4]
  .text              ro code   0x800'3296     0x4  low_level_init.o [2]
  .text              ro code   0x800'329a     0x4  exit.o [2]
  .text              ro code   0x800'32a0     0xa  cexit.o [4]
  .text              ro code   0x800'32ac    0x14  exit.o [5]
  .text              ro code   0x800'32c0    0x10  startup_stm32l475xx.o [1]
  .text              ro code   0x800'32d0     0xc  cstartup_M.o [4]
  .rodata            const     0x800'32dc     0x8  svc_ctl.o [1]
  .text              ro code   0x800'32e4     0x4  startup_stm32l475xx.o [1]
  .text              ro code   0x800'32e8     0x4  startup_stm32l475xx.o [1]
  .text              ro code   0x800'32ec     0x4  startup_stm32l475xx.o [1]
  .text              ro code   0x800'32f0     0x4  startup_stm32l475xx.o [1]
  .text              ro code   0x800'32f4     0x4  startup_stm32l475xx.o [1]
  .text              ro code   0x800'32f8     0x4  startup_stm32l475xx.o [1]
  .text              ro code   0x800'32fc     0x4  startup_stm32l475xx.o [1]
  .text              ro code   0x800'3300     0x4  startup_stm32l475xx.o [1]
  .text              ro code   0x800'3304     0x4  startup_stm32l475xx.o [1]
  .text              ro code   0x800'3308     0x4  startup_stm32l475xx.o [1]
  .text              ro code   0x800'330c     0x4  startup_stm32l475xx.o [1]
  .text              ro code   0x800'3310     0x4  startup_stm32l475xx.o [1]
  .text              ro code   0x800'3314     0x4  startup_stm32l475xx.o [1]
  .text              ro code   0x800'3318     0x4  startup_stm32l475xx.o [1]
  .text              ro code   0x800'331c     0x4  startup_stm32l475xx.o [1]
  .text              ro code   0x800'3320     0x4  startup_stm32l475xx.o [1]
  .text              ro code   0x800'3324     0x4  startup_stm32l475xx.o [1]
  .text              ro code   0x800'3328     0x4  startup_stm32l475xx.o [1]
  .text              ro code   0x800'332c     0x4  startup_stm32l475xx.o [1]
  .text              ro code   0x800'3330     0x4  startup_stm32l475xx.o [1]
  .text              ro code   0x800'3334     0x4  startup_stm32l475xx.o [1]
  .text              ro code   0x800'3338     0x4  startup_stm32l475xx.o [1]
  .text              ro code   0x800'333c     0x4  startup_stm32l475xx.o [1]
  .text              ro code   0x800'3340     0x4  startup_stm32l475xx.o [1]
  .text              ro code   0x800'3344     0x4  startup_stm32l475xx.o [1]
  .text              ro code   0x800'3348     0x4  startup_stm32l475xx.o [1]
  .text              ro code   0x800'334c     0x4  startup_stm32l475xx.o [1]
  .text              ro code   0x800'3350     0x4  startup_stm32l475xx.o [1]
  .text              ro code   0x800'3354     0x4  startup_stm32l475xx.o [1]
  .text              ro code   0x800'3358     0x4  startup_stm32l475xx.o [1]
  .text              ro code   0x800'335c     0x4  startup_stm32l475xx.o [1]
  .text              ro code   0x800'3360     0x4  startup_stm32l475xx.o [1]
  .text              ro code   0x800'3364     0x4  startup_stm32l475xx.o [1]
  .text              ro code   0x800'3368     0x4  startup_stm32l475xx.o [1]
  .text              ro code   0x800'336c     0x4  startup_stm32l475xx.o [1]
  .text              ro code   0x800'3370     0x4  startup_stm32l475xx.o [1]
  .text              ro code   0x800'3374     0x4  startup_stm32l475xx.o [1]
  .text              ro code   0x800'3378     0x4  startup_stm32l475xx.o [1]
  .text              ro code   0x800'337c     0x4  startup_stm32l475xx.o [1]
  .text              ro code   0x800'3380     0x4  startup_stm32l475xx.o [1]
  .text              ro code   0x800'3384     0x4  startup_stm32l475xx.o [1]
  .text              ro code   0x800'3388     0x4  startup_stm32l475xx.o [1]
  .text              ro code   0x800'338c     0x4  startup_stm32l475xx.o [1]
  .text              ro code   0x800'3390     0x4  startup_stm32l475xx.o [1]
  .text              ro code   0x800'3394     0x4  startup_stm32l475xx.o [1]
  .text              ro code   0x800'3398     0x4  startup_stm32l475xx.o [1]
  .text              ro code   0x800'339c     0x4  startup_stm32l475xx.o [1]
  .text              ro code   0x800'33a0     0x4  startup_stm32l475xx.o [1]
  .text              ro code   0x800'33a4     0x4  startup_stm32l475xx.o [1]
  .text              ro code   0x800'33a8     0x4  startup_stm32l475xx.o [1]
  .text              ro code   0x800'33ac     0x4  startup_stm32l475xx.o [1]
  .text              ro code   0x800'33b0     0x4  startup_stm32l475xx.o [1]
  .text              ro code   0x800'33b4     0x4  startup_stm32l475xx.o [1]
  .text              ro code   0x800'33b8     0x4  startup_stm32l475xx.o [1]
  .text              ro code   0x800'33bc     0x4  startup_stm32l475xx.o [1]
  .text              ro code   0x800'33c0     0x4  startup_stm32l475xx.o [1]
  .text              ro code   0x800'33c4     0x4  startup_stm32l475xx.o [1]
  .text              ro code   0x800'33c8     0x4  startup_stm32l475xx.o [1]
  .text              ro code   0x800'33cc     0x4  startup_stm32l475xx.o [1]
  .text              ro code   0x800'33d0     0x4  startup_stm32l475xx.o [1]
  .text              ro code   0x800'33d4     0x4  startup_stm32l475xx.o [1]
  .text              ro code   0x800'33d8     0x4  startup_stm32l475xx.o [1]
  .text              ro code   0x800'33dc     0x4  startup_stm32l475xx.o [1]
  .text              ro code   0x800'33e0     0x4  startup_stm32l475xx.o [1]
  .text              ro code   0x800'33e4     0x4  startup_stm32l475xx.o [1]
  .text              ro code   0x800'33e8     0x4  startup_stm32l475xx.o [1]
  .text              ro code   0x800'33ec     0x4  startup_stm32l475xx.o [1]
  .text              ro code   0x800'33f0     0x4  startup_stm32l475xx.o [1]
  .text              ro code   0x800'33f4     0x4  startup_stm32l475xx.o [1]
  .text              ro code   0x800'33f8     0x4  startup_stm32l475xx.o [1]
  .text              ro code   0x800'33fc     0x4  startup_stm32l475xx.o [1]
  .text              ro code   0x800'3400     0x4  startup_stm32l475xx.o [1]
  .text              ro code   0x800'3404     0x4  startup_stm32l475xx.o [1]
  .text              ro code   0x800'3408     0x4  startup_stm32l475xx.o [1]
  .text              ro code   0x800'340c     0x4  startup_stm32l475xx.o [1]
  .rodata            const     0x800'3410     0x0  zero_init3.o [4]
  .rodata            const     0x800'3410     0x0  packbits_init_single.o [4]
  Initializer bytes  const     0x800'3410    0x19  <for P2-1>
                             - 0x800'3429  0x32a1

"P2", part 1 of 2:                           0x40
  P2-1                        0x2000'0000    0x40  <Init block>
    .data            inited   0x2000'0000    0x28  scheduler.o [1]
    .data            inited   0x2000'0028     0x4  stm32l475e_iot01.o [1]
    .data            inited   0x2000'002c     0x4  stm32l475e_iot01.o [1]
    .data            inited   0x2000'0030     0xc  stm32l4xx_hal.o [1]
    .data            inited   0x2000'003c     0x4  system_stm32l4xx.o [1]
                            - 0x2000'0040    0x40

"P2", part 2 of 2:                          0xa78
  .bss               zero     0x2000'0040   0x6e0  lb_demo.o [1]
  .bss               zero     0x2000'0720   0x130  tl_ble_reassembly.o [1]
  .bss               zero     0x2000'0850    0x90  hw_spi.o [1]
  .bss               zero     0x2000'08e0    0x90  hw_timerserver.o [1]
  .bss               zero     0x2000'0970    0x64  hw_spi.o [1]
  .bss               zero     0x2000'09d4    0x2c  hw_spi.o [1]
  .bss               zero     0x2000'0a00    0x24  main.o [1]
  .bss               zero     0x2000'0a24    0x18  svc_ctl.o [1]
  .bss               zero     0x2000'0a3c    0x18  tl_ble_hci.o [1]
  .bss               zero     0x2000'0a54    0x14  hw_timerserver.o [1]
  .bss               zero     0x2000'0a68    0x10  lpm.o [1]
  .bss               zero     0x2000'0a78    0x10  memory_manager.o [1]
  .bss               zero     0x2000'0a88    0x10  tl_ble_spi.o [1]
  .bss               zero     0x2000'0a98     0x8  hw_spi.o [1]
  .bss               zero     0x2000'0aa0     0x8  lb_server_app.o [1]
  .bss               zero     0x2000'0aa8     0x8  lbs_stm.o [1]
  .bss               zero     0x2000'0ab0     0x6  lb_demo.o [1]
  .bss               zero     0x2000'0ab6     0x1  hw_spi.o [1]
                            - 0x2000'0ab7   0xa77

"A1":                                       0x400
  CSTACK                      0x2001'7c00   0x400  <Block>
    CSTACK           uninit   0x2001'7c00   0x400  <Block tail>
                            - 0x2001'8000   0x400

Unused ranges:

         From           To      Size
         ----           --      ----
   0x800'3429   0x80f'ffff  0xf'cbd7
  0x2000'0ab8  0x2001'7bff  0x1'7148


*******************************************************************************
*** INIT TABLE
***

          Address      Size
          -------      ----
Zero (__iar_zero_init3)
    1 destination range, total size 0xa77:
          0x2000'0040  0xa77

Copy/packbits (__iar_packbits_init_single3)
    1 source range, total size 0x19 (39% of destination):
           0x800'3410   0x19
    1 destination range, total size 0x40:
          0x2000'0000   0x40



*******************************************************************************
*** MODULE SUMMARY
***

    Module                  ro code  ro data  rw data
    ------                  -------  -------  -------
command line/config:
    -------------------------------------------------
    Total:

D:\Temp Download\STM32CubeL4-master\STM32CubeL4-master\Projects\B-L475E-IOT01A\Applications\BLE\P2P_LedButton\EWARM\STM32L4_IOT_P2P_ClientServer\Obj: [1]
    bluenrg_gap_aci.o           598
    bluenrg_gatt_aci.o          512
    bluenrg_hal_aci.o           190
    hw_lpm.o                     48
    hw_spi.o                  2'120               297
    hw_timerserver.o          1'286               164
    lb_demo.o                   324             1'766
    lb_server_app.o             152                 8
    lbs_stm.o                   256                 8
    list.o                      102
    lpm.o                       158                16
    main.o                      682                36
    memory_manager.o            152                16
    osal.o                       32
    scheduler.o                 236       15       40
    startup_stm32l475xx.o       708
    stm32l475e_iot01.o          276        3        8
    stm32l4xx_hal.o             114        5       12
    stm32l4xx_hal_cortex.o      240
    stm32l4xx_hal_dma.o         196
    stm32l4xx_hal_gpio.o        524
    stm32l4xx_hal_pwr.o          16
    stm32l4xx_hal_pwr_ex.o       36
    stm32l4xx_hal_rcc.o       1'724
    stm32l4xx_hal_rtc.o         354
    stm32l4xx_hal_rtc_ex.o       70
    stm32l4xx_hal_spi.o         234
    stm32l4xx_it.o               46
    svc_ctl.o                   280        8       24
    system_stm32l4xx.o          100       50        4
    tl_ble_hci.o                442                24
    tl_ble_io.o                  74
    tl_ble_reassembly.o         288               304
    tl_ble_spi.o                280                16
    -------------------------------------------------
    Total:                   12'850       81    2'743

dl7M_tln.a: [2]
    exit.o                        4
    low_level_init.o              4
    -------------------------------------------------
    Total:                        8

m7M_tls.a: [3]
    fpinit_M.o                   34
    -------------------------------------------------
    Total:                       34

rt7M_tl.a: [4]
    ABImemclr4.o                  6
    ABImemcpy_small.o            24
    ABImemset48.o                50
    ABImemset_small.o            18
    cexit.o                      10
    cmain.o                      30
    cstartup_M.o                 12
    data_init.o                  40
    packbits_init_single.o       56
    zero_init3.o                 58
    -------------------------------------------------
    Total:                      304

shb_l.a: [5]
    exit.o                       20
    -------------------------------------------------
    Total:                       20

    Gaps                         22        2
    Linker created                        32    1'024
-----------------------------------------------------
    Grand Total:             13'238      115    3'767


*******************************************************************************
*** ENTRY LIST
***

Entry                       Address   Size  Type      Object
-----                       -------   ----  ----      ------
.iar.init_table$$Base    0x800'3258          --   Gb  - Linker created -
.iar.init_table$$Limit   0x800'3278          --   Gb  - Linker created -
?main                    0x800'3279         Code  Gb  cmain.o [4]
AHBPrescTable            0x800'3154   0x10  Data  Gb  system_stm32l4xx.o [1]
Allocate_New_Buffer_To_TL
                         0x800'0ab7   0x26  Code  Lc  tl_ble_spi.o [1]
AsynchPrescalerUserConfig
                        0x2000'0a58    0x1  Data  Lc  hw_timerserver.o [1]
BLESVC_InitCustomSvc     0x800'20e3    0x4  Code  Gb  lb_demo.o [1]
BLE_SVC_LedButton_Update_Char
                         0x800'2e93   0x22  Code  Gb  lbs_stm.o [1]
BSP_LED_Init             0x800'20f9   0x46  Code  Gb  stm32l475e_iot01.o [1]
BSP_LED_Off              0x800'214d    0xc  Code  Gb  stm32l475e_iot01.o [1]
BSP_LED_On               0x800'213f    0xe  Code  Gb  stm32l475e_iot01.o [1]
BSP_PB_Init              0x800'2171   0x76  Code  Gb  stm32l475e_iot01.o [1]
BUTTON_IRQn              0x800'2208    0x2  Data  Gb  stm32l475e_iot01.o [1]
BUTTON_PIN               0x800'2204    0x2  Data  Gb  stm32l475e_iot01.o [1]
BUTTON_PORT             0x2000'002c    0x4  Data  Gb  stm32l475e_iot01.o [1]
BufferFreeCb            0x2000'0a7c    0x4  Data  Lc  memory_manager.o [1]
BufferPool              0x2000'0a80    0x8  Data  Lc  memory_manager.o [1]
BusFault_Handler         0x800'31d3    0x2  Code  Gb  stm32l4xx_it.o [1]
CHANNEL_OFFSET_TAB       0x800'09a4    0x8  Data  Lc  hw_spi.o [1]
CSTACK$$Base            0x2001'7c00          --   Gb  - Linker created -
CSTACK$$Limit           0x2001'8000          --   Gb  - Linker created -
CmdBuffer               0x2000'00e0  0x10c  Data  Lc  lb_demo.o [1]
Cmd_SetStatus            0x800'1adb   0x1c  Code  Lc  tl_ble_hci.o [1]
CurrentRunningTimerID   0x2000'0a54    0x1  Data  Lc  hw_timerserver.o [1]
DMA2_Channel1_IRQHandler
                         0x800'31f3    0x4  Code  Gb  stm32l4xx_it.o [1]
DMA2_Channel2_IRQHandler
                         0x800'31f7    0x4  Code  Gb  stm32l4xx_it.o [1]
DebugMon_Handler         0x800'31d9    0x2  Code  Gb  stm32l4xx_it.o [1]
DisableEnable_SPI_CS     0x800'0461   0x18  Code  Lc  hw_spi.o [1]
Disable_SPI_CS           0x800'0447    0xe  Code  Lc  hw_spi.o [1]
Disable_SPI_Receiving_Path
                         0x800'043d    0x6  Code  Lc  hw_spi.o [1]
DummyBytes               0x800'09bc    0x1  Data  Lc  hw_spi.o [1]
EXTI15_10_IRQHandler     0x800'31eb    0x8  Code  Gb  stm32l4xx_it.o [1]
EXTI9_5_IRQHandler       0x800'31e5    0x6  Code  Gb  stm32l4xx_it.o [1]
Enable_SPI_CS            0x800'0443    0x4  Code  Lc  hw_spi.o [1]
Enable_SPI_Receiving_Path
                         0x800'0415   0x28  Code  Lc  hw_spi.o [1]
Event_Queue_Process      0x800'167f   0xb2  Code  Lc  tl_ble_reassembly.o [1]
EvtPool                 0x2000'01ec  0x534  Data  Lc  lb_demo.o [1]
EvtSet                  0x2000'0020    0x4  Data  Lc  scheduler.o [1]
EvtWaited               0x2000'0024    0x4  Data  Lc  scheduler.o [1]
GPIO_PIN                 0x800'2200    0x4  Data  Gb  stm32l475e_iot01.o [1]
GPIO_PORT               0x2000'0028    0x4  Data  Gb  stm32l475e_iot01.o [1]
HAL_DBGMCU_EnableDBGSleepMode
                         0x800'1cb1    0xc  Code  Gb  stm32l4xx_hal.o [1]
HAL_DBGMCU_EnableDBGStandbyMode
                         0x800'1cc9    0xc  Code  Gb  stm32l4xx_hal.o [1]
HAL_DBGMCU_EnableDBGStopMode
                         0x800'1cbd    0xc  Code  Gb  stm32l4xx_hal.o [1]
HAL_DMA_Init             0x800'0cf5   0xa6  Code  Gb  stm32l4xx_hal_dma.o [1]
HAL_GPIO_EXTI_Callback   0x800'1951   0x14  Code  Gb  main.o [1]
HAL_GPIO_EXTI_IRQHandler
                         0x800'0cbb   0x10  Code  Gb  stm32l4xx_hal_gpio.o [1]
HAL_GPIO_Init            0x800'0ae9  0x1bc  Code  Gb  stm32l4xx_hal_gpio.o [1]
HAL_GPIO_ReadPin         0x800'0ca5    0xc  Code  Gb  stm32l4xx_hal_gpio.o [1]
HAL_GPIO_WritePin        0x800'0cb1    0xa  Code  Gb  stm32l4xx_hal_gpio.o [1]
HAL_GetTick              0x800'2a05    0xc  Code  Wk  stm32l4xx_hal.o [1]
HAL_IncTick              0x800'31fd   0x10  Code  Wk  stm32l4xx_hal.o [1]
HAL_Init                 0x800'1c89   0x28  Code  Gb  stm32l4xx_hal.o [1]
HAL_InitTick             0x800'19bd    0x4  Code  Gb  main.o [1]
HAL_NVIC_ClearPendingIRQ
                         0x800'0e73   0x16  Code  Gb  stm32l4xx_hal_cortex.o [1]
HAL_NVIC_DisableIRQ      0x800'0e3f   0x1e  Code  Gb  stm32l4xx_hal_cortex.o [1]
HAL_NVIC_EnableIRQ       0x800'0e29   0x16  Code  Gb  stm32l4xx_hal_cortex.o [1]
HAL_NVIC_SetPendingIRQ   0x800'0e5d   0x16  Code  Gb  stm32l4xx_hal_cortex.o [1]
HAL_NVIC_SetPriority     0x800'0ded   0x3a  Code  Gb  stm32l4xx_hal_cortex.o [1]
HAL_NVIC_SetPriorityGrouping
                         0x800'0dd3   0x1a  Code  Gb  stm32l4xx_hal_cortex.o [1]
HAL_PWREx_EnableSRAM2ContentRetention
                         0x800'1d05    0xe  Code  Gb  stm32l4xx_hal_pwr_ex.o [1]
HAL_PWREx_GetVoltageRange
                         0x800'1cf9    0xc  Code  Gb  stm32l4xx_hal_pwr_ex.o [1]
HAL_PWR_EnableBkUpAccess
                         0x800'1ce1    0xc  Code  Gb  stm32l4xx_hal_pwr.o [1]
HAL_RCC_ClockConfig      0x800'2677  0x100  Code  Gb  stm32l4xx_hal_rcc.o [1]
HAL_RCC_GetSysClockFreq
                         0x800'278b   0x92  Code  Gb  stm32l4xx_hal_rcc.o [1]
HAL_RCC_OscConfig        0x800'220d  0x43e  Code  Gb  stm32l4xx_hal_rcc.o [1]
HAL_RTCEx_EnableBypassShadow
                         0x800'1d33   0x30  Code  Gb  stm32l4xx_hal_rtc_ex.o [1]
HAL_RTC_Init             0x800'1d65   0x98  Code  Gb  stm32l4xx_hal_rtc.o [1]
HAL_RTC_WaitForSynchro   0x800'1dfd   0x32  Code  Gb  stm32l4xx_hal_rtc.o [1]
HAL_SPI_Init             0x800'0f7d   0xd2  Code  Gb  stm32l4xx_hal_spi.o [1]
HAL_SPI_MspInit          0x800'0245  0x1ae  Code  Gb  hw_spi.o [1]
HAL_SPI_MspInit::hdma_rx
                        0x2000'0898   0x48  Data  Lc  hw_spi.o [1]
HAL_SPI_MspInit::hdma_tx
                        0x2000'0850   0x48  Data  Lc  hw_spi.o [1]
HCICmdStatus            0x2000'0a3d    0x1  Data  Lc  tl_ble_hci.o [1]
HW_BNRG_DMARxCb          0x800'07d9  0x154  Code  Gb  hw_spi.o [1]
HW_BNRG_DMATxCb          0x800'075b   0x72  Code  Gb  hw_spi.o [1]
HW_BNRG_EvtReq           0x800'0711   0x18  Code  Gb  hw_spi.o [1]
HW_BNRG_Init             0x800'05bb  0x12e  Code  Gb  hw_spi.o [1]
HW_BNRG_Isr              0x800'0a27   0x8c  Code  Gb  tl_ble_spi.o [1]
HW_BNRG_Send             0x800'06e9   0x28  Code  Gb  hw_spi.o [1]
HW_BNRG_SpiIrqCb         0x800'0729   0x32  Code  Gb  hw_spi.o [1]
HW_OffMode               0x800'1579    0x2  Code  Gb  hw_lpm.o [1]
HW_SleepMode             0x800'156d    0xa  Code  Gb  hw_lpm.o [1]
HW_StopMode              0x800'1577    0x2  Code  Gb  hw_lpm.o [1]
HW_TS_Create             0x800'1359   0x50  Code  Gb  hw_timerserver.o [1]
HW_TS_Delete             0x800'13a9   0x16  Code  Gb  hw_timerserver.o [1]
HW_TS_Init               0x800'128b   0xce  Code  Gb  hw_timerserver.o [1]
HW_TS_RTC_Int_AppNot     0x800'19f9    0x6  Code  Gb  main.o [1]
HW_TS_RTC_Wakeup_Handler
                         0x800'11f9   0x92  Code  Gb  hw_timerserver.o [1]
HW_TS_Start              0x800'1441  0x116  Code  Gb  hw_timerserver.o [1]
HW_TS_Stop               0x800'13bf   0x68  Code  Gb  hw_timerserver.o [1]
HardFault_Handler        0x800'31cf    0x2  Code  Gb  stm32l4xx_it.o [1]
HciAsynchEventLargeBufferStatus
                        0x2000'073c    0x1  Data  Lc  tl_ble_reassembly.o [1]
HciAsynchEventQueue     0x2000'0a44    0x8  Data  Lc  tl_ble_hci.o [1]
HciCmdEventQueue        0x2000'0a4c    0x8  Data  Lc  tl_ble_hci.o [1]
HciLargeAsynchBuffer    0x2000'0744  0x10c  Data  Lc  tl_ble_reassembly.o [1]
HciLayerTimeout         0x2000'0a3e    0x1  Data  Lc  tl_ble_hci.o [1]
Initialization           0x800'1acd    0xe  Code  Lc  tl_ble_hci.o [1]
LBRContext              0x2000'0040   0xa0  Data  Lc  lb_demo.o [1]
LBR_Adv_Request          0x800'204d   0x3a  Code  Gb  lb_demo.o [1]
LBR_App_Key_Button_Action
                         0x800'20dd    0x6  Code  Gb  lb_demo.o [1]
LBR_Init                 0x800'1fb5   0x98  Code  Gb  lb_demo.o [1]
LBR_Notification         0x800'2d25   0x1e  Code  Gb  lb_server_app.o [1]
LBSAPP_Init              0x800'2d43   0x10  Code  Gb  lb_server_app.o [1]
LBS_App_Notification     0x800'2d75   0x44  Code  Gb  lb_server_app.o [1]
LBS_STM_Init             0x800'2e25   0x4e  Code  Gb  lbs_stm.o [1]
LB_App_Button_Trigger_Received
                         0x800'2d53   0x22  Code  Gb  lb_server_app.o [1]
LB_End_Dev_Context      0x2000'0aa0    0x8  Data  Lc  lb_server_app.o [1]
LL_DMA_SetDataLength     0x800'019f   0x16  Code  Lc  hw_spi.o [1]
LL_DMA_SetMemoryAddress
                         0x800'01b5    0xc  Code  Lc  hw_spi.o [1]
LL_DMA_SetMemoryIncMode
                         0x800'0189   0x16  Code  Lc  hw_spi.o [1]
LL_DMA_SetPeriphAddress
                         0x800'01c1    0xc  Code  Lc  hw_spi.o [1]
LL_RTC_TIME_GetSubSecond
                         0x800'1069    0x6  Code  Lc  hw_timerserver.o [1]
LL_RTC_WAKEUP_IsEnabled
                         0x800'106f    0xa  Code  Lc  hw_timerserver.o [1]
LPM_EnterModeSelected    0x800'0efb   0x40  Code  Gb  lpm.o [1]
LPM_EnterOffMode         0x800'1967   0x14  Code  Gb  main.o [1]
LPM_ExitOffMode          0x800'197b   0x18  Code  Gb  main.o [1]
LPM_ExitStopMode         0x800'1965    0x2  Code  Gb  main.o [1]
LPM_SetConf              0x800'0ea9    0xc  Code  Gb  lpm.o [1]
LPM_SetOffMode           0x800'0eb5   0x1c  Code  Gb  lpm.o [1]
LPM_SetStopMode          0x800'0ed1   0x1a  Code  Gb  lpm.o [1]
LST_init_head            0x800'1a05    0x6  Code  Gb  list.o [1]
LST_insert_tail          0x800'1a1d   0x14  Code  Gb  list.o [1]
LST_is_empty             0x800'1a0b   0x12  Code  Gb  list.o [1]
LST_remove_head          0x800'1a49   0x10  Code  Gb  list.o [1]
LST_remove_node          0x800'1a31   0x12  Code  Gb  list.o [1]
LedButton_Event_Handler
                         0x800'2dbd   0x68  Code  Lc  lbs_stm.o [1]
LowPowerModeConfiguration
                        0x2000'0a68    0x8  Data  Lc  lpm.o [1]
LowPowerModeSel         0x2000'0a70    0x4  Data  Lc  lpm.o [1]
MM_GetBuffer             0x800'15d7   0x2e  Code  Gb  memory_manager.o [1]
MM_Init                  0x800'159d   0x3a  Code  Gb  memory_manager.o [1]
MM_ReleaseBuffer         0x800'1605   0x2a  Code  Gb  memory_manager.o [1]
MSIRangeTable            0x800'319c   0x30  Data  Gb  system_stm32l4xx.o [1]
M_bd_addr                0x800'32dc    0x8  Data  Lc  svc_ctl.o [1]
MaxWakeupTimerSetup     0x2000'0a5c    0x2  Data  Lc  hw_timerserver.o [1]
MemManage_Handler        0x800'31d1    0x2  Code  Gb  stm32l4xx_it.o [1]
NMI_Handler              0x800'31cd    0x2  Code  Gb  stm32l4xx_it.o [1]
Osal_MemCpy              0x800'30cd    0xc  Code  Gb  osal.o [1]
Osal_MemSet              0x800'30d9   0x14  Code  Gb  osal.o [1]
PendSV_Handler           0x800'31db    0x2  Code  Gb  stm32l4xx_it.o [1]
PreviousRunningTimerID  0x2000'0a55    0x1  Data  Lc  hw_timerserver.o [1]
ProcessEndOfReceive      0x800'021d   0x18  Code  Lc  hw_spi.o [1]
QueueSize               0x2000'0a78    0x1  Data  Lc  memory_manager.o [1]
RCC_SetFlashLatencyFromMSIRange
                         0x800'281d   0x74  Code  Lc  stm32l4xx_hal_rcc.o [1]
RTC_EnterInitMode        0x800'1e2f   0x40  Code  Gb  stm32l4xx_hal_rtc.o [1]
RTC_ExitInitMode         0x800'1e6f   0x4c  Code  Gb  stm32l4xx_hal_rtc.o [1]
RTC_WKUP_IRQHandler      0x800'31e1    0x4  Code  Gb  stm32l4xx_it.o [1]
ReadHeaderCmd            0x800'09b4    0x8  Data  Lc  hw_spi.o [1]
ReadRtcSsrValue          0x800'1079   0x1c  Code  Lc  hw_timerserver.o [1]
ReceiveClosure           0x800'01df   0x3e  Code  Lc  hw_spi.o [1]
ReceiveHeader            0x800'0583   0x38  Code  Lc  hw_spi.o [1]
ReceivedHeader          0x2000'0a98    0x8  Data  Lc  hw_spi.o [1]
Region$$Table$$Base      0x800'3258          --   Gb  - Linker created -
Region$$Table$$Limit     0x800'3278          --   Gb  - Linker created -
RescheduleTimerList      0x800'111d   0xdc  Code  Lc  hw_timerserver.o [1]
ReturnTimeElapsed        0x800'10eb   0x32  Code  Lc  hw_timerserver.o [1]
RfResetTimerLock        0x2000'0ab6    0x1  Data  Lc  hw_spi.o [1]
SCH_Idle                 0x800'19c1    0x4  Code  Gb  main.o [1]
SCH_PauseTask            0x800'1f3b    0xc  Code  Gb  scheduler.o [1]
SCH_RegTask              0x800'1f15   0x12  Code  Gb  scheduler.o [1]
SCH_ResumeTask           0x800'1f47    0x8  Code  Gb  scheduler.o [1]
SCH_Run                  0x800'1ec9   0x4c  Code  Gb  scheduler.o [1]
SCH_SetEvt               0x800'1f69   0x14  Code  Gb  scheduler.o [1]
SCH_SetTask              0x800'1f27   0x14  Code  Gb  scheduler.o [1]
SCH_WaitEvt              0x800'1f87   0x26  Code  Gb  scheduler.o [1]
SPI_Receive_Manager      0x800'049d   0xd8  Code  Lc  hw_spi.o [1]
SSRValueOnLastSetup     0x2000'0a60    0x4  Data  Lc  hw_timerserver.o [1]
SVCCTL_App_Notification
                         0x800'2087   0x48  Code  Gb  lb_demo.o [1]
SVCCTL_CltHandler       0x2000'0a30    0xc  Data  Gb  svc_ctl.o [1]
SVCCTL_EvtHandler       0x2000'0a24    0xc  Data  Gb  svc_ctl.o [1]
SVCCTL_HCI_UserEvtRx     0x800'295b   0x5e  Code  Gb  svc_ctl.o [1]
SVCCTL_Init              0x800'28c9   0x82  Code  Gb  svc_ctl.o [1]
SVCCTL_RegisterSvcHandler
                         0x800'294b   0x10  Code  Gb  svc_ctl.o [1]
SVC_Handler              0x800'31d7    0x2  Code  Gb  stm32l4xx_it.o [1]
SpiContext              0x2000'09d4   0x20  Data  Lc  hw_spi.o [1]
SpiHandle               0x2000'0970   0x64  Data  Lc  hw_spi.o [1]
SynchPrescalerUserConfig
                        0x2000'0a5a    0x2  Data  Lc  hw_timerserver.o [1]
SysClockReq             0x2000'0a74    0x4  Data  Lc  lpm.o [1]
SysTick_Handler          0x800'31dd    0x4  Code  Gb  stm32l4xx_it.o [1]
SystemClock_Config       0x800'1909   0x48  Code  Gb  main.o [1]
SystemCoreClock         0x2000'003c    0x4  Data  Gb  system_stm32l4xx.o [1]
SystemInit               0x800'3101   0x38  Code  Gb  system_stm32l4xx.o [1]
TLQueueEvtContext       0x2000'0720   0x1c  Data  Lc  tl_ble_reassembly.o [1]
TL_BLE_EvtDone           0x800'0ab3    0x4  Code  Gb  tl_ble_spi.o [1]
TL_BLE_EvtReceived       0x800'1af7   0x34  Code  Gb  tl_ble_hci.o [1]
TL_BLE_HCI_Init          0x800'1b3f   0x3e  Code  Gb  tl_ble_hci.o [1]
TL_BLE_HCI_RxCmdResp     0x800'1a71    0x6  Code  Gb  tl_ble_io.o [1]
TL_BLE_HCI_SendCmd       0x800'1ba9   0xd0  Code  Gb  tl_ble_hci.o [1]
TL_BLE_HCI_StatusNot     0x800'19c5   0x34  Code  Gb  main.o [1]
TL_BLE_HCI_TimStart      0x800'1a83   0x28  Code  Gb  tl_ble_io.o [1]
TL_BLE_HCI_TimStop       0x800'1a7f    0x4  Code  Gb  tl_ble_io.o [1]
TL_BLE_HCI_ToNot         0x800'1a77    0x2  Code  Gb  tl_ble_io.o [1]
TL_BLE_HCI_UserEvtProc   0x800'1b7d   0x2c  Code  Gb  tl_ble_hci.o [1]
TL_BLE_HCI_UserEvtProcReq
                         0x800'1aab    0x6  Code  Gb  tl_ble_io.o [1]
TL_BLE_HCI_UserEvtRx     0x800'1ab1    0x4  Code  Gb  tl_ble_io.o [1]
TL_BLE_HCI_WaitCmdResp   0x800'1a79    0x6  Code  Gb  tl_ble_io.o [1]
TL_BLE_Init              0x800'09d1   0x42  Code  Gb  tl_ble_spi.o [1]
TL_BLE_R_EvtDone         0x800'1731   0x1e  Code  Gb  tl_ble_reassembly.o [1]
TL_BLE_R_EvtInput        0x800'1635   0x16  Code  Gb  tl_ble_reassembly.o [1]
TL_BLE_R_EvtProc         0x800'164b   0x10  Code  Gb  tl_ble_reassembly.o [1]
TL_BLE_R_EvtProcReq      0x800'1a6b    0x6  Code  Gb  tl_ble_io.o [1]
TL_BLE_R_Init            0x800'165b   0x24  Code  Gb  tl_ble_reassembly.o [1]
TL_BLE_SendCmd           0x800'0a13   0x14  Code  Gb  tl_ble_spi.o [1]
TaskCb                  0x2000'0000   0x18  Data  Lc  scheduler.o [1]
TaskMask                0x2000'001c    0x4  Data  Lc  scheduler.o [1]
TaskSet                 0x2000'0018    0x4  Data  Lc  scheduler.o [1]
TimeoutTicks            0x2000'09fc    0x4  Data  Lc  hw_spi.o [1]
TimerTransmitCallback    0x800'0235   0x10  Code  Lc  hw_spi.o [1]
TimerTxRxCallback        0x800'01d7    0x8  Code  Lc  hw_spi.o [1]
TlSpiIsrContext         0x2000'0a88    0x8  Data  Lc  tl_ble_spi.o [1]
TxRxTimerId             0x2000'09f4    0x1  Data  Lc  hw_spi.o [1]
UnlinkTimer              0x800'1095   0x56  Code  Lc  hw_timerserver.o [1]
UsageFault_Handler       0x800'31d5    0x2  Code  Gb  stm32l4xx_it.o [1]
WakeupBlueNRG            0x800'0479   0x1e  Code  Lc  hw_spi.o [1]
WakeupTimerDivider      0x2000'0a57    0x1  Data  Lc  hw_timerserver.o [1]
WakeupTimerLimitation   0x2000'0a56    0x1  Data  Lc  hw_timerserver.o [1]
WriteHeaderCmd           0x800'09ac    0x8  Data  Lc  hw_spi.o [1]
__NVIC_SetPriority       0x800'0db9   0x1a  Code  Lc  stm32l4xx_hal_cortex.o [1]
__aeabi_memclr4          0x800'1cf1         Code  Gb  ABImemclr4.o [4]
__cmain                  0x800'3279         Code  Gb  cmain.o [4]
__exit                   0x800'32ad   0x14  Code  Gb  exit.o [5]
__iar_Memset4_word       0x800'29d1         Code  Gb  ABImemset48.o [4]
__iar_Memset8_word       0x800'29d1         Code  Gb  ABImemset48.o [4]
__iar_data_init3         0x800'320d   0x28  Code  Gb  data_init.o [4]
__iar_init_vfp           0x800'3235         Code  Gb  fpinit_M.o [3]
__iar_packbits_init_single3
                         0x800'3165   0x38  Code  Gb  packbits_init_single.o [4]
__iar_program_start      0x800'32d1         Code  Gb  cstartup_M.o [4]
__iar_small_Memcpy       0x800'1ab9         Code  Gb  ABImemcpy_small.o [4]
__iar_small_Memset       0x800'30ed         Code  Gb  ABImemset_small.o [4]
__iar_small_Memset_word
                         0x800'30ed         Code  Gb  ABImemset_small.o [4]
__iar_small_memcpy       0x800'1ab5         Code  Gb  ABImemcpy_small.o [4]
__iar_small_memcpy4      0x800'1ab5         Code  Gb  ABImemcpy_small.o [4]
__iar_small_memcpy8      0x800'1ab5         Code  Gb  ABImemcpy_small.o [4]
__iar_small_memset       0x800'30ed         Code  Gb  ABImemset_small.o [4]
__iar_zero_init3         0x800'0f43   0x3a  Code  Gb  zero_init3.o [4]
__low_level_init         0x800'3297    0x4  Code  Gb  low_level_init.o [2]
__vector_table           0x800'0000         Data  Gb  startup_stm32l475xx.o [1]
_call_main               0x800'3285         Code  Gb  cmain.o [4]
_exit                    0x800'32a1         Code  Gb  cexit.o [4]
_main                    0x800'3293         Code  Gb  cmain.o [4]
aLedButtonContext       0x2000'0aa8    0x8  Data  Lc  lbs_stm.o [1]
aTimerContext           0x2000'08e0   0x90  Data  Lc  hw_timerserver.o [1]
aci_gap_configure_whitelist
                         0x800'2cc3   0x20  Code  Gb  bluenrg_gap_aci.o [1]
aci_gap_init             0x800'2acf   0x64  Code  Gb  bluenrg_gap_aci.o [1]
aci_gap_set_auth_requirement
                         0x800'2c3b   0x62  Code  Gb  bluenrg_gap_aci.o [1]
aci_gap_set_discoverable
                         0x800'2b33   0x54  Code  Gb  bluenrg_gap_aci.o [1]
aci_gap_set_io_capability
                         0x800'2c11   0x2a  Code  Gb  bluenrg_gap_aci.o [1]
aci_gatt_add_char        0x800'2f4b   0xa8  Code  Gb  bluenrg_gatt_aci.o [1]
aci_gatt_add_serv        0x800'2ee5   0x66  Code  Gb  bluenrg_gatt_aci.o [1]
aci_gatt_init            0x800'2ebd   0x28  Code  Gb  bluenrg_gatt_aci.o [1]
aci_gatt_update_char_value
                         0x800'3019   0x5a  Code  Gb  bluenrg_gatt_aci.o [1]
aci_hal_set_tx_power_level
                         0x800'2a7f   0x34  Code  Gb  bluenrg_hal_aci.o [1]
aci_hal_write_config_data
                         0x800'2a11   0x62  Code  Gb  bluenrg_hal_aci.o [1]
connection_handle       0x2000'0ab4    0x2  Data  Gb  lb_demo.o [1]
exit                     0x800'329b    0x4  Code  Gb  exit.o [2]
handleNotification      0x2000'0ab0    0x4  Data  Gb  lb_demo.o [1]
hci_send_req             0x800'1c85    0x2  Code  Gb  tl_ble_hci.o [1]
hci_timeout_callback     0x800'1b2b   0x14  Code  Lc  tl_ble_hci.o [1]
hci_timer_id            0x2000'0a3c    0x1  Data  Lc  tl_ble_hci.o [1]
hrtc                    0x2000'0a00   0x24  Data  Lc  main.o [1]
local_name               0x800'20e8   0x10  Data  Lc  lb_demo.o [1]
main                     0x800'1755  0x1b4  Code  Gb  main.o [1]
pCmdBuffer              0x2000'0a40    0x4  Data  Lc  tl_ble_hci.o [1]
pCmdBuffer              0x2000'0740    0x4  Data  Lc  tl_ble_reassembly.o [1]
pCmdBuffer              0x2000'0a94    0x4  Data  Lc  tl_ble_spi.o [1]
pHciEventBuffer         0x2000'0a90    0x4  Data  Lc  tl_ble_spi.o [1]
pTimerTxRxCallback      0x2000'09f8    0x4  Data  Lc  hw_spi.o [1]
pf_nRFResetTimerCallBack
                         0x800'01cd    0xa  Code  Lc  hw_spi.o [1]
phrtc                   0x2000'0a64    0x4  Data  Lc  hw_timerserver.o [1]
uwTick                  0x2000'0034    0x4  Data  Gb  stm32l4xx_hal.o [1]
uwTickFreq              0x2000'0030    0x1  Data  Gb  stm32l4xx_hal.o [1]
uwTickPrio              0x2000'0038    0x4  Data  Gb  stm32l4xx_hal.o [1]


[1] = D:\Temp Download\STM32CubeL4-master\STM32CubeL4-master\Projects\B-L475E-IOT01A\Applications\BLE\P2P_LedButton\EWARM\STM32L4_IOT_P2P_ClientServer\Obj
[2] = dl7M_tln.a
[3] = m7M_tls.a
[4] = rt7M_tl.a
[5] = shb_l.a

  13'238 bytes of readonly  code memory
     115 bytes of readonly  data memory
   3'767 bytes of readwrite data memory

Errors: none
Warnings: none
