Archive member included to satisfy reference by file (symbol)

d:/cubeide/stm32cubeide_1.7.0/stm32cubeide/plugins/com.st.stm32cube.ide.mcu.externaltools.gnu-tools-for-stm32.9-2020-q2-update.win32_2.0.0.202105311346/tools/bin/../lib/gcc/arm-none-eabi/9.3.1/../../../../arm-none-eabi/lib/thumb/v7e-m+fp/hard\libc_nano.a(lib_a-exit.o)
                              d:/cubeide/stm32cubeide_1.7.0/stm32cubeide/plugins/com.st.stm32cube.ide.mcu.externaltools.gnu-tools-for-stm32.9-2020-q2-update.win32_2.0.0.202105311346/tools/bin/../lib/gcc/arm-none-eabi/9.3.1/../../../../arm-none-eabi/lib/thumb/v7e-m+fp/hard/crt0.o (exit)
d:/cubeide/stm32cubeide_1.7.0/stm32cubeide/plugins/com.st.stm32cube.ide.mcu.externaltools.gnu-tools-for-stm32.9-2020-q2-update.win32_2.0.0.202105311346/tools/bin/../lib/gcc/arm-none-eabi/9.3.1/../../../../arm-none-eabi/lib/thumb/v7e-m+fp/hard\libc_nano.a(lib_a-impure.o)
                              d:/cubeide/stm32cubeide_1.7.0/stm32cubeide/plugins/com.st.stm32cube.ide.mcu.externaltools.gnu-tools-for-stm32.9-2020-q2-update.win32_2.0.0.202105311346/tools/bin/../lib/gcc/arm-none-eabi/9.3.1/../../../../arm-none-eabi/lib/thumb/v7e-m+fp/hard\libc_nano.a(lib_a-exit.o) (_global_impure_ptr)
d:/cubeide/stm32cubeide_1.7.0/stm32cubeide/plugins/com.st.stm32cube.ide.mcu.externaltools.gnu-tools-for-stm32.9-2020-q2-update.win32_2.0.0.202105311346/tools/bin/../lib/gcc/arm-none-eabi/9.3.1/../../../../arm-none-eabi/lib/thumb/v7e-m+fp/hard\libc_nano.a(lib_a-init.o)
                              d:/cubeide/stm32cubeide_1.7.0/stm32cubeide/plugins/com.st.stm32cube.ide.mcu.externaltools.gnu-tools-for-stm32.9-2020-q2-update.win32_2.0.0.202105311346/tools/bin/../lib/gcc/arm-none-eabi/9.3.1/../../../../arm-none-eabi/lib/thumb/v7e-m+fp/hard/crt0.o (__libc_init_array)
d:/cubeide/stm32cubeide_1.7.0/stm32cubeide/plugins/com.st.stm32cube.ide.mcu.externaltools.gnu-tools-for-stm32.9-2020-q2-update.win32_2.0.0.202105311346/tools/bin/../lib/gcc/arm-none-eabi/9.3.1/../../../../arm-none-eabi/lib/thumb/v7e-m+fp/hard\libc_nano.a(lib_a-memcpy-stub.o)
                              ./Application/Common/ble_core/osal.o (memcpy)
d:/cubeide/stm32cubeide_1.7.0/stm32cubeide/plugins/com.st.stm32cube.ide.mcu.externaltools.gnu-tools-for-stm32.9-2020-q2-update.win32_2.0.0.202105311346/tools/bin/../lib/gcc/arm-none-eabi/9.3.1/../../../../arm-none-eabi/lib/thumb/v7e-m+fp/hard\libc_nano.a(lib_a-memset.o)
                              d:/cubeide/stm32cubeide_1.7.0/stm32cubeide/plugins/com.st.stm32cube.ide.mcu.externaltools.gnu-tools-for-stm32.9-2020-q2-update.win32_2.0.0.202105311346/tools/bin/../lib/gcc/arm-none-eabi/9.3.1/../../../../arm-none-eabi/lib/thumb/v7e-m+fp/hard/crt0.o (memset)
d:/cubeide/stm32cubeide_1.7.0/stm32cubeide/plugins/com.st.stm32cube.ide.mcu.externaltools.gnu-tools-for-stm32.9-2020-q2-update.win32_2.0.0.202105311346/tools/bin/../lib/gcc/arm-none-eabi/9.3.1/thumb/v7e-m+fp/hard\libgcc.a(_aeabi_ldivmod.o)
                              ./Drivers/STM32L4xx_HAL_Drivers/stm32l4xx_hal_uart.o (__aeabi_ldivmod)
d:/cubeide/stm32cubeide_1.7.0/stm32cubeide/plugins/com.st.stm32cube.ide.mcu.externaltools.gnu-tools-for-stm32.9-2020-q2-update.win32_2.0.0.202105311346/tools/bin/../lib/gcc/arm-none-eabi/9.3.1/thumb/v7e-m+fp/hard\libgcc.a(_aeabi_uldivmod.o)
                              ./Drivers/STM32L4xx_HAL_Drivers/stm32l4xx_hal_uart.o (__aeabi_uldivmod)
d:/cubeide/stm32cubeide_1.7.0/stm32cubeide/plugins/com.st.stm32cube.ide.mcu.externaltools.gnu-tools-for-stm32.9-2020-q2-update.win32_2.0.0.202105311346/tools/bin/../lib/gcc/arm-none-eabi/9.3.1/thumb/v7e-m+fp/hard\libgcc.a(_udivmoddi4.o)
                              d:/cubeide/stm32cubeide_1.7.0/stm32cubeide/plugins/com.st.stm32cube.ide.mcu.externaltools.gnu-tools-for-stm32.9-2020-q2-update.win32_2.0.0.202105311346/tools/bin/../lib/gcc/arm-none-eabi/9.3.1/thumb/v7e-m+fp/hard\libgcc.a(_aeabi_ldivmod.o) (__udivmoddi4)
d:/cubeide/stm32cubeide_1.7.0/stm32cubeide/plugins/com.st.stm32cube.ide.mcu.externaltools.gnu-tools-for-stm32.9-2020-q2-update.win32_2.0.0.202105311346/tools/bin/../lib/gcc/arm-none-eabi/9.3.1/thumb/v7e-m+fp/hard\libgcc.a(_dvmd_tls.o)
                              d:/cubeide/stm32cubeide_1.7.0/stm32cubeide/plugins/com.st.stm32cube.ide.mcu.externaltools.gnu-tools-for-stm32.9-2020-q2-update.win32_2.0.0.202105311346/tools/bin/../lib/gcc/arm-none-eabi/9.3.1/thumb/v7e-m+fp/hard\libgcc.a(_aeabi_ldivmod.o) (__aeabi_ldiv0)
d:/cubeide/stm32cubeide_1.7.0/stm32cubeide/plugins/com.st.stm32cube.ide.mcu.externaltools.gnu-tools-for-stm32.9-2020-q2-update.win32_2.0.0.202105311346/tools/bin/../lib/gcc/arm-none-eabi/9.3.1/../../../../arm-none-eabi/lib/thumb/v7e-m+fp/hard\libnosys.a(_exit.o)
                              d:/cubeide/stm32cubeide_1.7.0/stm32cubeide/plugins/com.st.stm32cube.ide.mcu.externaltools.gnu-tools-for-stm32.9-2020-q2-update.win32_2.0.0.202105311346/tools/bin/../lib/gcc/arm-none-eabi/9.3.1/../../../../arm-none-eabi/lib/thumb/v7e-m+fp/hard\libc_nano.a(lib_a-exit.o) (_exit)

[...]
Memory Configuration

Name             Origin             Length             Attributes
RAM              0x0000000020000000 0x0000000000018000 xrw
RAM2             0x0000000010000000 0x0000000000008000 xrw
FLASH            0x0000000008000000 0x0000000000080000 xr
*default*        0x0000000000000000 0xffffffffffffffff

Linker script and memory map

LOAD d:/cubeide/stm32cubeide_1.7.0/stm32cubeide/plugins/com.st.stm32cube.ide.mcu.externaltools.gnu-tools-for-stm32.9-2020-q2-update.win32_2.0.0.202105311346/tools/bin/../lib/gcc/arm-none-eabi/9.3.1/thumb/v7e-m+fp/hard/crti.o
LOAD d:/cubeide/stm32cubeide_1.7.0/stm32cubeide/plugins/com.st.stm32cube.ide.mcu.externaltools.gnu-tools-for-stm32.9-2020-q2-update.win32_2.0.0.202105311346/tools/bin/../lib/gcc/arm-none-eabi/9.3.1/thumb/v7e-m+fp/hard/crtbegin.o
LOAD d:/cubeide/stm32cubeide_1.7.0/stm32cubeide/plugins/com.st.stm32cube.ide.mcu.externaltools.gnu-tools-for-stm32.9-2020-q2-update.win32_2.0.0.202105311346/tools/bin/../lib/gcc/arm-none-eabi/9.3.1/../../../../arm-none-eabi/lib/thumb/v7e-m+fp/hard/crt0.o
LOAD ./Application/Common/ble_core/bluenrg_gap_aci.o
LOAD ./Application/Common/ble_core/bluenrg_gatt_aci.o
LOAD ./Application/Common/ble_core/bluenrg_hal_aci.o
LOAD ./Application/Common/ble_core/osal.o
LOAD ./Application/Common/ble_services/lbs_stm.o
LOAD ./Application/Common/ble_services/svc_ctl.o
LOAD ./Application/Common/hw_interface/hw_lpm.o
LOAD ./Application/Common/hw_interface/hw_spi.o
LOAD ./Application/Common/hw_interface/hw_timerserver.o
LOAD ./Application/Common/hw_interface/save.o
LOAD ./Application/Common/tl/tl_ble_hci.o
LOAD ./Application/Common/tl/tl_ble_io.o
LOAD ./Application/Common/tl/tl_ble_reassembly.o
LOAD ./Application/Common/tl/tl_ble_spi.o
LOAD ./Application/Common/utilities/list.o
LOAD ./Application/Common/utilities/lpm.o
LOAD ./Application/Common/utilities/memory_manager.o
LOAD ./Application/Common/utilities/scheduler.o
LOAD ./Application/P2P_LB_Example/crc.o
LOAD ./Application/P2P_LB_Example/lb_client_app.o
LOAD ./Application/P2P_LB_Example/lb_demo.o
LOAD ./Application/P2P_LB_Example/lb_server_app.o
LOAD ./Application/P2P_LB_Example/main.o
LOAD ./Application/P2P_LB_Example/save.o
LOAD ./Application/P2P_LB_Example/stm32l4xx_it.o
LOAD ./Application/P2P_LB_Example/system_stm32l4xx.o
LOAD ./Drivers/BSP/STM32L475x_IoT_Discovery/stm32l475e_iot01.o
LOAD ./Drivers/CMSIS/startup_stm32l475xx.o
LOAD ./Drivers/STM32L4xx_HAL_Drivers/stm32l4xx_hal.o
LOAD ./Drivers/STM32L4xx_HAL_Drivers/stm32l4xx_hal_cortex.o
LOAD ./Drivers/STM32L4xx_HAL_Drivers/stm32l4xx_hal_dma.o
LOAD ./Drivers/STM32L4xx_HAL_Drivers/stm32l4xx_hal_flash.o
LOAD ./Drivers/STM32L4xx_HAL_Drivers/stm32l4xx_hal_flash_ex.o
LOAD ./Drivers/STM32L4xx_HAL_Drivers/stm32l4xx_hal_gpio.o
LOAD ./Drivers/STM32L4xx_HAL_Drivers/stm32l4xx_hal_i2c.o
LOAD ./Drivers/STM32L4xx_HAL_Drivers/stm32l4xx_hal_i2c_ex.o
LOAD ./Drivers/STM32L4xx_HAL_Drivers/stm32l4xx_hal_pwr.o
LOAD ./Drivers/STM32L4xx_HAL_Drivers/stm32l4xx_hal_pwr_ex.o
LOAD ./Drivers/STM32L4xx_HAL_Drivers/stm32l4xx_hal_rcc.o
LOAD ./Drivers/STM32L4xx_HAL_Drivers/stm32l4xx_hal_rtc.o
LOAD ./Drivers/STM32L4xx_HAL_Drivers/stm32l4xx_hal_rtc_ex.o
LOAD ./Drivers/STM32L4xx_HAL_Drivers/stm32l4xx_hal_spi.o
LOAD ./Drivers/STM32L4xx_HAL_Drivers/stm32l4xx_hal_uart.o
LOAD ./Drivers/STM32L4xx_HAL_Drivers/stm32l4xx_hal_uart_ex.o
START GROUP
LOAD d:/cubeide/stm32cubeide_1.7.0/stm32cubeide/plugins/com.st.stm32cube.ide.mcu.externaltools.gnu-tools-for-stm32.9-2020-q2-update.win32_2.0.0.202105311346/tools/bin/../lib/gcc/arm-none-eabi/9.3.1/../../../../arm-none-eabi/lib/thumb/v7e-m+fp/hard\libc_nano.a
LOAD d:/cubeide/stm32cubeide_1.7.0/stm32cubeide/plugins/com.st.stm32cube.ide.mcu.externaltools.gnu-tools-for-stm32.9-2020-q2-update.win32_2.0.0.202105311346/tools/bin/../lib/gcc/arm-none-eabi/9.3.1/../../../../arm-none-eabi/lib/thumb/v7e-m+fp/hard\libm.a
END GROUP
START GROUP
LOAD d:/cubeide/stm32cubeide_1.7.0/stm32cubeide/plugins/com.st.stm32cube.ide.mcu.externaltools.gnu-tools-for-stm32.9-2020-q2-update.win32_2.0.0.202105311346/tools/bin/../lib/gcc/arm-none-eabi/9.3.1/thumb/v7e-m+fp/hard\libgcc.a
LOAD d:/cubeide/stm32cubeide_1.7.0/stm32cubeide/plugins/com.st.stm32cube.ide.mcu.externaltools.gnu-tools-for-stm32.9-2020-q2-update.win32_2.0.0.202105311346/tools/bin/../lib/gcc/arm-none-eabi/9.3.1/../../../../arm-none-eabi/lib/thumb/v7e-m+fp/hard\libc_nano.a
END GROUP
START GROUP
LOAD d:/cubeide/stm32cubeide_1.7.0/stm32cubeide/plugins/com.st.stm32cube.ide.mcu.externaltools.gnu-tools-for-stm32.9-2020-q2-update.win32_2.0.0.202105311346/tools/bin/../lib/gcc/arm-none-eabi/9.3.1/thumb/v7e-m+fp/hard\libgcc.a
LOAD d:/cubeide/stm32cubeide_1.7.0/stm32cubeide/plugins/com.st.stm32cube.ide.mcu.externaltools.gnu-tools-for-stm32.9-2020-q2-update.win32_2.0.0.202105311346/tools/bin/../lib/gcc/arm-none-eabi/9.3.1/../../../../arm-none-eabi/lib/thumb/v7e-m+fp/hard\libc_nano.a
LOAD d:/cubeide/stm32cubeide_1.7.0/stm32cubeide/plugins/com.st.stm32cube.ide.mcu.externaltools.gnu-tools-for-stm32.9-2020-q2-update.win32_2.0.0.202105311346/tools/bin/../lib/gcc/arm-none-eabi/9.3.1/../../../../arm-none-eabi/lib/thumb/v7e-m+fp/hard\libnosys.a
END GROUP
START GROUP
LOAD d:/cubeide/stm32cubeide_1.7.0/stm32cubeide/plugins/com.st.stm32cube.ide.mcu.externaltools.gnu-tools-for-stm32.9-2020-q2-update.win32_2.0.0.202105311346/tools/bin/../lib/gcc/arm-none-eabi/9.3.1/thumb/v7e-m+fp/hard\libgcc.a
LOAD d:/cubeide/stm32cubeide_1.7.0/stm32cubeide/plugins/com.st.stm32cube.ide.mcu.externaltools.gnu-tools-for-stm32.9-2020-q2-update.win32_2.0.0.202105311346/tools/bin/../lib/gcc/arm-none-eabi/9.3.1/../../../../arm-none-eabi/lib/thumb/v7e-m+fp/hard\libc_nano.a
LOAD d:/cubeide/stm32cubeide_1.7.0/stm32cubeide/plugins/com.st.stm32cube.ide.mcu.externaltools.gnu-tools-for-stm32.9-2020-q2-update.win32_2.0.0.202105311346/tools/bin/../lib/gcc/arm-none-eabi/9.3.1/../../../../arm-none-eabi/lib/thumb/v7e-m+fp/hard\libnosys.a
END GROUP
LOAD d:/cubeide/stm32cubeide_1.7.0/stm32cubeide/plugins/com.st.stm32cube.ide.mcu.externaltools.gnu-tools-for-stm32.9-2020-q2-update.win32_2.0.0.202105311346/tools/bin/../lib/gcc/arm-none-eabi/9.3.1/thumb/v7e-m+fp/hard/crtend.o
LOAD d:/cubeide/stm32cubeide_1.7.0/stm32cubeide/plugins/com.st.stm32cube.ide.mcu.externaltools.gnu-tools-for-stm32.9-2020-q2-update.win32_2.0.0.202105311346/tools/bin/../lib/gcc/arm-none-eabi/9.3.1/thumb/v7e-m+fp/hard/crtn.o
                0x0000000020018000                _estack = 0x20018000
                0x0000000000000200                _Min_Heap_Size = 0x200
                0x0000000000000400                _Min_Stack_Size = 0x400

.isr_vector     0x0000000008000000      0x188
                0x0000000008000000                . = ALIGN (0x8)
 *(.isr_vector)
 .isr_vector    0x0000000008000000      0x188 ./Drivers/CMSIS/startup_stm32l475xx.o
                0x0000000008000000                g_pfnVectors
                0x0000000008000188                . = ALIGN (0x8)

.text           0x0000000008000188     0x3930
                0x0000000008000188                . = ALIGN (0x8)
 *(.text)
 .text          0x0000000008000188       0x40 d:/cubeide/stm32cubeide_1.7.0/stm32cubeide/plugins/com.st.stm32cube.ide.mcu.externaltools.gnu-tools-for-stm32.9-2020-q2-update.win32_2.0.0.202105311346/tools/bin/../lib/gcc/arm-none-eabi/9.3.1/thumb/v7e-m+fp/hard/crtbegin.o
 *(.text*)
 .text.aci_gap_init
                0x00000000080001c8       0x80 ./Application/Common/ble_core/bluenrg_gap_aci.o
                0x00000000080001c8                aci_gap_init
 .text.aci_gap_set_discoverable
                0x0000000008000248       0xd8 ./Application/Common/ble_core/bluenrg_gap_aci.o
                0x0000000008000248                aci_gap_set_discoverable
 .text.aci_gap_set_io_capability
                0x0000000008000320       0x48 ./Application/Common/ble_core/bluenrg_gap_aci.o
                0x0000000008000320                aci_gap_set_io_capability
 .text.aci_gap_set_auth_requirement
                0x0000000008000368       0x7c ./Application/Common/ble_core/bluenrg_gap_aci.o
                0x0000000008000368                aci_gap_set_auth_requirement
 .text.aci_gap_configure_whitelist
                0x00000000080003e4       0x3c ./Application/Common/ble_core/bluenrg_gap_aci.o
                0x00000000080003e4                aci_gap_configure_whitelist
 .text.aci_gatt_init
                0x0000000008000420       0x3c ./Application/Common/ble_core/bluenrg_gatt_aci.o
                0x0000000008000420                aci_gatt_init
 .text.aci_gatt_add_serv
                0x000000000800045c       0x84 ./Application/Common/ble_core/bluenrg_gatt_aci.o
                0x000000000800045c                aci_gatt_add_serv
 .text.aci_gatt_add_char
                0x00000000080004e0       0xcc ./Application/Common/ble_core/bluenrg_gatt_aci.o
                0x00000000080004e0                aci_gatt_add_char
 .text.aci_gatt_update_char_value
                0x00000000080005ac       0x80 ./Application/Common/ble_core/bluenrg_gatt_aci.o
                0x00000000080005ac                aci_gatt_update_char_value
 .text.aci_hal_write_config_data
                0x000000000800062c       0x64 ./Application/Common/ble_core/bluenrg_hal_aci.o
                0x000000000800062c                aci_hal_write_config_data
 .text.aci_hal_set_tx_power_level
                0x0000000008000690       0x4c ./Application/Common/ble_core/bluenrg_hal_aci.o
                0x0000000008000690                aci_hal_set_tx_power_level
 .text.Osal_MemCpy
                0x00000000080006dc        0x4 ./Application/Common/ble_core/osal.o
                0x00000000080006dc                Osal_MemCpy
 .text.Osal_MemSet
                0x00000000080006e0        0x4 ./Application/Common/ble_core/osal.o
                0x00000000080006e0                Osal_MemSet
 .text.LBS_STM_Init
                0x00000000080006e4      0x18c ./Application/Common/ble_services/lbs_stm.o
                0x00000000080006e4                LBS_STM_Init
 .text.BLE_SVC_LedButton_Update_Char
                0x0000000008000870       0x28 ./Application/Common/ble_services/lbs_stm.o
                0x0000000008000870                BLE_SVC_LedButton_Update_Char
 .text.LedButton_Event_Handler
                0x0000000008000898       0xfc ./Application/Common/ble_services/lbs_stm.o
 .text.DIS_Init
                0x0000000008000994        0x2 ./Application/Common/ble_services/svc_ctl.o
                0x0000000008000994                DIS_Init
 .text.HRS_Init
                0x0000000008000996        0x2 ./Application/Common/ble_services/svc_ctl.o
                0x0000000008000996                HRS_Init
 .text.ANS_Init
                0x0000000008000998        0x2 ./Application/Common/ble_services/svc_ctl.o
                0x0000000008000998                ANS_Init
 .text.HIDS_Init
                0x000000000800099a        0x2 ./Application/Common/ble_services/svc_ctl.o
                0x000000000800099a                HIDS_Init
 .text.HPS_Init
                0x000000000800099c        0x2 ./Application/Common/ble_services/svc_ctl.o
                0x000000000800099c                HPS_Init
 .text.IPSS_Init
                0x000000000800099e        0x2 ./Application/Common/ble_services/svc_ctl.o
                0x000000000800099e                IPSS_Init
 .text.LNS_Init
                0x00000000080009a0        0x2 ./Application/Common/ble_services/svc_ctl.o
                0x00000000080009a0                LNS_Init
 .text.SCPS_Init
                0x00000000080009a2        0x2 ./Application/Common/ble_services/svc_ctl.o
                0x00000000080009a2                SCPS_Init
 .text.SVCCTL_RegisterSvcHandler
                0x00000000080009a4       0x14 ./Application/Common/ble_services/svc_ctl.o
                0x00000000080009a4                SVCCTL_RegisterSvcHandler
 .text.SVCCTL_HCI_UserEvtRx
                0x00000000080009b8       0x60 ./Application/Common/ble_services/svc_ctl.o
                0x00000000080009b8                SVCCTL_HCI_UserEvtRx
 .text.SVCCTL_GetBdAddress
                0x0000000008000a18        0x8 ./Application/Common/ble_services/svc_ctl.o
                0x0000000008000a18                SVCCTL_GetBdAddress
 .text.SVCCTL_Init
                0x0000000008000a20       0x94 ./Application/Common/ble_services/svc_ctl.o
                0x0000000008000a20                SVCCTL_Init
 .text.HW_SleepMode
                0x0000000008000ab4       0x14 ./Application/Common/hw_interface/hw_lpm.o
                0x0000000008000ab4                HW_SleepMode
 .text.HW_StopMode
                0x0000000008000ac8       0x24 ./Application/Common/hw_interface/hw_lpm.o
                0x0000000008000ac8                HW_StopMode
 .text.HW_OffMode
                0x0000000008000aec        0x4 ./Application/Common/hw_interface/hw_lpm.o
                0x0000000008000aec                HW_OffMode
 .text.pf_nRFResetTimerCallBack
                0x0000000008000af0        0xc ./Application/Common/hw_interface/hw_spi.o
 .text.TimerTxRxCallback
                0x0000000008000afc        0xc ./Application/Common/hw_interface/hw_spi.o
 .text.Enable_SPI_CS
                0x0000000008000b08       0x10 ./Application/Common/hw_interface/hw_spi.o
 .text.Disable_SPI_CS
                0x0000000008000b18       0x20 ./Application/Common/hw_interface/hw_spi.o
 .text.DisableEnable_SPI_CS
                0x0000000008000b38       0x1e ./Application/Common/hw_interface/hw_spi.o
 *fill*         0x0000000008000b56        0x2 
 .text.Enable_SPI_Receiving_Path
                0x0000000008000b58       0x30 ./Application/Common/hw_interface/hw_spi.o
 .text.LL_DMA_SetDataLength.constprop.0
                0x0000000008000b88       0x1c ./Application/Common/hw_interface/hw_spi.o
 .text.ReceiveHeader
                0x0000000008000ba4       0x3c ./Application/Common/hw_interface/hw_spi.o
 .text.SPI_Receive_Manager
                0x0000000008000be0       0xf8 ./Application/Common/hw_interface/hw_spi.o
 .text.TimerTransmitCallback
                0x0000000008000cd8       0x14 ./Application/Common/hw_interface/hw_spi.o
 .text.HAL_SPI_MspInit
                0x0000000008000cec      0x1e4 ./Application/Common/hw_interface/hw_spi.o
                0x0000000008000cec                HAL_SPI_MspInit
 .text.HW_BNRG_Init
                0x0000000008000ed0      0x138 ./Application/Common/hw_interface/hw_spi.o
                0x0000000008000ed0                HW_BNRG_Init
 .text.HW_BNRG_EvtReq
                0x0000000008001008       0x24 ./Application/Common/hw_interface/hw_spi.o
                0x0000000008001008                HW_BNRG_EvtReq
 .text.HW_BNRG_SpiIrqCb
                0x000000000800102c       0x34 ./Application/Common/hw_interface/hw_spi.o
                0x000000000800102c                HW_BNRG_SpiIrqCb
 .text.HW_BNRG_DMATxCb
                0x0000000008001060       0x94 ./Application/Common/hw_interface/hw_spi.o
                0x0000000008001060                HW_BNRG_DMATxCb
 .text.HW_BNRG_TimStartAllowed
                0x00000000080010f4       0x14 ./Application/Common/hw_interface/hw_spi.o
                0x00000000080010f4                HW_BNRG_TimStartAllowed
 .text.HW_BNRG_TimStartReq
                0x0000000008001108        0x4 ./Application/Common/hw_interface/hw_spi.o
                0x0000000008001108                HW_BNRG_TimStartReq
 .text.WakeupBlueNRG
                0x000000000800110c       0x2c ./Application/Common/hw_interface/hw_spi.o
 .text.HW_BNRG_Send
                0x0000000008001138       0x38 ./Application/Common/hw_interface/hw_spi.o
                0x0000000008001138                HW_BNRG_Send
 .text.ReceiveClosure
                0x0000000008001170       0x50 ./Application/Common/hw_interface/hw_spi.o
 .text.ProcessEndOfReceive
                0x00000000080011c0       0x20 ./Application/Common/hw_interface/hw_spi.o
 .text.HW_BNRG_DMARxCb
                0x00000000080011e0      0x16c ./Application/Common/hw_interface/hw_spi.o
                0x00000000080011e0                HW_BNRG_DMARxCb
 .text.ReadRtcSsrValue
                0x000000000800134c       0x20 ./Application/Common/hw_interface/hw_timerserver.o
 .text.UnlinkTimer
                0x000000000800136c       0x6c ./Application/Common/hw_interface/hw_timerserver.o
 .text.ReturnTimeElapsed
                0x00000000080013d8       0x40 ./Application/Common/hw_interface/hw_timerserver.o
 .text.HW_TS_Init
                0x0000000008001418       0xdc ./Application/Common/hw_interface/hw_timerserver.o
                0x0000000008001418                HW_TS_Init
 .text.HW_TS_Create
                0x00000000080014f4       0x54 ./Application/Common/hw_interface/hw_timerserver.o
                0x00000000080014f4                HW_TS_Create
 .text.HW_TS_RTC_CountUpdated_AppNot
                0x0000000008001548        0x2 ./Application/Common/hw_interface/hw_timerserver.o
                0x0000000008001548                HW_TS_RTC_CountUpdated_AppNot
 *fill*         0x000000000800154a        0x2 
 .text.RescheduleTimerList
                0x000000000800154c       0xfc ./Application/Common/hw_interface/hw_timerserver.o
 .text.HW_TS_Stop
                0x0000000008001648       0x88 ./Application/Common/hw_interface/hw_timerserver.o
                0x0000000008001648                HW_TS_Stop
 .text.HW_TS_Delete
                0x00000000080016d0       0x1c ./Application/Common/hw_interface/hw_timerserver.o
                0x00000000080016d0                HW_TS_Delete
 .text.HW_TS_Start
                0x00000000080016ec      0x108 ./Application/Common/hw_interface/hw_timerserver.o
                0x00000000080016ec                HW_TS_Start
 .text.HW_TS_RTC_Wakeup_Handler
                0x00000000080017f4       0x94 ./Application/Common/hw_interface/hw_timerserver.o
                0x00000000080017f4                HW_TS_RTC_Wakeup_Handler
 .text.hci_timeout_callback
                0x0000000008001888       0x18 ./Application/Common/tl/tl_ble_hci.o
 .text.TL_BLE_EvtReceived
                0x00000000080018a0       0x34 ./Application/Common/tl/tl_ble_hci.o
                0x00000000080018a0                TL_BLE_EvtReceived
 .text.TL_BLE_HCI_Init
                0x00000000080018d4       0x68 ./Application/Common/tl/tl_ble_hci.o
                0x00000000080018d4                TL_BLE_HCI_Init
 .text.TL_BLE_HCI_UserEvtProc
                0x000000000800193c       0x2c ./Application/Common/tl/tl_ble_hci.o
                0x000000000800193c                TL_BLE_HCI_UserEvtProc
 .text.TL_BLE_HCI_SendCmd
                0x0000000008001968       0xe0 ./Application/Common/tl/tl_ble_hci.o
                0x0000000008001968                TL_BLE_HCI_SendCmd
 .text.hci_send_req
                0x0000000008001a48        0x4 ./Application/Common/tl/tl_ble_hci.o
                0x0000000008001a48                hci_send_req
 .text.TL_BLE_R_EvtProcReq
                0x0000000008001a4c        0x6 ./Application/Common/tl/tl_ble_io.o
                0x0000000008001a4c                TL_BLE_R_EvtProcReq
 .text.TL_BLE_HCI_RxCmdResp
                0x0000000008001a52        0x6 ./Application/Common/tl/tl_ble_io.o
                0x0000000008001a52                TL_BLE_HCI_RxCmdResp
 .text.TL_BLE_HCI_ToNot
                0x0000000008001a58        0x2 ./Application/Common/tl/tl_ble_io.o
                0x0000000008001a58                TL_BLE_HCI_ToNot
 .text.TL_BLE_HCI_WaitCmdResp
                0x0000000008001a5a        0x6 ./Application/Common/tl/tl_ble_io.o
                0x0000000008001a5a                TL_BLE_HCI_WaitCmdResp
 .text.TL_BLE_HCI_TimStop
                0x0000000008001a60        0x4 ./Application/Common/tl/tl_ble_io.o
                0x0000000008001a60                TL_BLE_HCI_TimStop
 .text.TL_BLE_HCI_TimStart
                0x0000000008001a64       0x28 ./Application/Common/tl/tl_ble_io.o
                0x0000000008001a64                TL_BLE_HCI_TimStart
 .text.TL_BLE_HCI_UserEvtProcReq
                0x0000000008001a8c        0x6 ./Application/Common/tl/tl_ble_io.o
                0x0000000008001a8c                TL_BLE_HCI_UserEvtProcReq
 .text.TL_BLE_HCI_UserEvtRx
                0x0000000008001a92        0x4 ./Application/Common/tl/tl_ble_io.o
                0x0000000008001a92                TL_BLE_HCI_UserEvtRx
 *fill*         0x0000000008001a96        0x2 
 .text.Event_Queue_Process
                0x0000000008001a98       0xd8 ./Application/Common/tl/tl_ble_reassembly.o
 .text.TL_BLE_R_EvtInput
                0x0000000008001b70       0x1c ./Application/Common/tl/tl_ble_reassembly.o
                0x0000000008001b70                TL_BLE_R_EvtInput
 .text.TL_BLE_R_EvtProc
                0x0000000008001b8c       0x12 ./Application/Common/tl/tl_ble_reassembly.o
                0x0000000008001b8c                TL_BLE_R_EvtProc
 *fill*         0x0000000008001b9e        0x2 
 .text.TL_BLE_R_Init
                0x0000000008001ba0       0x38 ./Application/Common/tl/tl_ble_reassembly.o
                0x0000000008001ba0                TL_BLE_R_Init
 .text.TL_BLE_R_EvtDone
                0x0000000008001bd8       0x24 ./Application/Common/tl/tl_ble_reassembly.o
                0x0000000008001bd8                TL_BLE_R_EvtDone
 .text.Allocate_New_Buffer_To_TL
                0x0000000008001bfc       0x2c ./Application/Common/tl/tl_ble_spi.o
 .text.TL_BLE_Init
                0x0000000008001c28       0x50 ./Application/Common/tl/tl_ble_spi.o
                0x0000000008001c28                TL_BLE_Init
 .text.TL_BLE_SendCmd
                0x0000000008001c78       0x18 ./Application/Common/tl/tl_ble_spi.o
                0x0000000008001c78                TL_BLE_SendCmd
 .text.HW_BNRG_Isr
                0x0000000008001c90       0x84 ./Application/Common/tl/tl_ble_spi.o
                0x0000000008001c90                HW_BNRG_Isr
 .text.TL_BLE_EvtDone
                0x0000000008001d14        0x4 ./Application/Common/tl/tl_ble_spi.o
                0x0000000008001d14                TL_BLE_EvtDone
 .text.LST_init_head
                0x0000000008001d18        0x6 ./Application/Common/utilities/list.o
                0x0000000008001d18                LST_init_head
 .text.LST_is_empty
                0x0000000008001d1e       0x14 ./Application/Common/utilities/list.o
                0x0000000008001d1e                LST_is_empty
 .text.LST_insert_tail
                0x0000000008001d32       0x18 ./Application/Common/utilities/list.o
                0x0000000008001d32                LST_insert_tail
 .text.LST_remove_node
                0x0000000008001d4a       0x16 ./Application/Common/utilities/list.o
                0x0000000008001d4a                LST_remove_node
 .text.LST_remove_head
                0x0000000008001d60       0x18 ./Application/Common/utilities/list.o
                0x0000000008001d60                LST_remove_head
 .text.LPM_SetConf
                0x0000000008001d78       0x10 ./Application/Common/utilities/lpm.o
                0x0000000008001d78                LPM_SetConf
 .text.LPM_SetOffMode
                0x0000000008001d88       0x28 ./Application/Common/utilities/lpm.o
                0x0000000008001d88                LPM_SetOffMode
 .text.LPM_SetStopMode
                0x0000000008001db0       0x28 ./Application/Common/utilities/lpm.o
                0x0000000008001db0                LPM_SetStopMode
 .text.LPM_EnterSleepMode
                0x0000000008001dd8        0x2 ./Application/Common/utilities/lpm.o
                0x0000000008001dd8                LPM_EnterSleepMode
 .text.LPM_ExitSleepMode
                0x0000000008001dda        0x2 ./Application/Common/utilities/lpm.o
                0x0000000008001dda                LPM_ExitSleepMode
 .text.LPM_EnterStopMode
                0x0000000008001ddc        0x2 ./Application/Common/utilities/lpm.o
                0x0000000008001ddc                LPM_EnterStopMode
 *fill*         0x0000000008001dde        0x2 
 .text.LPM_EnterModeSelected
                0x0000000008001de0       0x40 ./Application/Common/utilities/lpm.o
                0x0000000008001de0                LPM_EnterModeSelected
 .text.MM_Init  0x0000000008001e20       0x40 ./Application/Common/utilities/memory_manager.o
                0x0000000008001e20                MM_Init
 .text.MM_GetBuffer
                0x0000000008001e60       0x34 ./Application/Common/utilities/memory_manager.o
                0x0000000008001e60                MM_GetBuffer
 .text.MM_ReleaseBuffer
                0x0000000008001e94       0x2c ./Application/Common/utilities/memory_manager.o
                0x0000000008001e94                MM_ReleaseBuffer
 .text.SCH_RegTask
                0x0000000008001ec0       0x18 ./Application/Common/utilities/scheduler.o
                0x0000000008001ec0                SCH_RegTask
 .text.SCH_SetTask
                0x0000000008001ed8       0x20 ./Application/Common/utilities/scheduler.o
                0x0000000008001ed8                SCH_SetTask
 .text.SCH_PauseTask
                0x0000000008001ef8       0x24 ./Application/Common/utilities/scheduler.o
                0x0000000008001ef8                SCH_PauseTask
 .text.SCH_ResumeTask
                0x0000000008001f1c       0x20 ./Application/Common/utilities/scheduler.o
                0x0000000008001f1c                SCH_ResumeTask
 .text.SCH_SetEvt
                0x0000000008001f3c       0x20 ./Application/Common/utilities/scheduler.o
                0x0000000008001f3c                SCH_SetEvt
 .text.SCH_Run  0x0000000008001f5c       0x60 ./Application/Common/utilities/scheduler.o
                0x0000000008001f5c                SCH_Run
 .text.SCH_EvtIdle
                0x0000000008001fbc        0x4 ./Application/Common/utilities/scheduler.o
                0x0000000008001fbc                SCH_EvtIdle
 .text.SCH_WaitEvt
                0x0000000008001fc0       0x2c ./Application/Common/utilities/scheduler.o
                0x0000000008001fc0                SCH_WaitEvt
 .text.crcSlow  0x0000000008001fec       0x36 ./Application/P2P_LB_Example/crc.o
                0x0000000008001fec                crcSlow
 *fill*         0x0000000008002022        0x2 
 .text.LBR_Init
                0x0000000008002024       0xa4 ./Application/P2P_LB_Example/lb_demo.o
                0x0000000008002024                LBR_Init
 .text.LBR_Adv_Request
                0x00000000080020c8       0x40 ./Application/P2P_LB_Example/lb_demo.o
                0x00000000080020c8                LBR_Adv_Request
 .text.SVCCTL_App_Notification
                0x0000000008002108       0x58 ./Application/P2P_LB_Example/lb_demo.o
                0x0000000008002108                SVCCTL_App_Notification
 .text.LBR_App_Key_Button_Action
                0x0000000008002160        0x6 ./Application/P2P_LB_Example/lb_demo.o
                0x0000000008002160                LBR_App_Key_Button_Action
 .text.BLESVC_InitCustomSvc
                0x0000000008002166        0x4 ./Application/P2P_LB_Example/lb_demo.o
                0x0000000008002166                BLESVC_InitCustomSvc
 *fill*         0x000000000800216a        0x2 
 .text.LBR_Notification
                0x000000000800216c       0x24 ./Application/P2P_LB_Example/lb_server_app.o
                0x000000000800216c                LBR_Notification
 .text.LBSAPP_Init
                0x0000000008002190       0x14 ./Application/P2P_LB_Example/lb_server_app.o
                0x0000000008002190                LBSAPP_Init
 .text.LB_App_Button_Trigger_Received
                0x00000000080021a4       0x24 ./Application/P2P_LB_Example/lb_server_app.o
                0x00000000080021a4                LB_App_Button_Trigger_Received
 .text.whynotwork
                0x00000000080021c8       0x1e ./Application/P2P_LB_Example/lb_server_app.o
                0x00000000080021c8                whynotwork
 *fill*         0x00000000080021e6        0x2 
 .text.LBS_App_Notification
                0x00000000080021e8       0x90 ./Application/P2P_LB_Example/lb_server_app.o
                0x00000000080021e8                LBS_App_Notification
 .text.SystemClock_Config
                0x0000000008002278       0x46 ./Application/P2P_LB_Example/main.o
                0x0000000008002278                SystemClock_Config
 *fill*         0x00000000080022be        0x2 
 .text.startup.main
                0x00000000080022c0      0x1ec ./Application/P2P_LB_Example/main.o
                0x00000000080022c0                main
 .text.HAL_GPIO_EXTI_Callback
                0x00000000080024ac       0x14 ./Application/P2P_LB_Example/main.o
                0x00000000080024ac                HAL_GPIO_EXTI_Callback
 .text.LPM_ExitStopMode
                0x00000000080024c0        0x2 ./Application/P2P_LB_Example/main.o
                0x00000000080024c0                LPM_ExitStopMode
 *fill*         0x00000000080024c2        0x2 
 .text.LPM_EnterOffMode
                0x00000000080024c4       0x18 ./Application/P2P_LB_Example/main.o
                0x00000000080024c4                LPM_EnterOffMode
 .text.LPM_ExitOffMode
                0x00000000080024dc       0x1c ./Application/P2P_LB_Example/main.o
                0x00000000080024dc                LPM_ExitOffMode
 .text.HAL_InitTick
                0x00000000080024f8        0x4 ./Application/P2P_LB_Example/main.o
                0x00000000080024f8                HAL_InitTick
 .text.SCH_Idle
                0x00000000080024fc        0x4 ./Application/P2P_LB_Example/main.o
                0x00000000080024fc                SCH_Idle
 .text.TL_BLE_HCI_StatusNot
                0x0000000008002500       0x34 ./Application/P2P_LB_Example/main.o
                0x0000000008002500                TL_BLE_HCI_StatusNot
 .text.HW_TS_RTC_Int_AppNot
                0x0000000008002534        0x2 ./Application/P2P_LB_Example/main.o
                0x0000000008002534                HW_TS_RTC_Int_AppNot
 *fill*         0x0000000008002536        0x2 
 .text.Potato_Save
                0x0000000008002538       0xb0 ./Application/P2P_LB_Example/save.o
                0x0000000008002538                Potato_Save
 .text.Potato_Load
                0x00000000080025e8       0x60 ./Application/P2P_LB_Example/save.o
                0x00000000080025e8                Potato_Load
 .text.Potato_Erase
                0x0000000008002648       0x44 ./Application/P2P_LB_Example/save.o
                0x0000000008002648                Potato_Erase
 .text.Potato_Backup_Load
                0x000000000800268c       0x6c ./Application/P2P_LB_Example/save.o
                0x000000000800268c                Potato_Backup_Load
 .text.Potato_Dummy_Backup
                0x00000000080026f8       0x6c ./Application/P2P_LB_Example/save.o
                0x00000000080026f8                Potato_Dummy_Backup
 .text.NMI_Handler
                0x0000000008002764        0x2 ./Application/P2P_LB_Example/stm32l4xx_it.o
                0x0000000008002764                NMI_Handler
 .text.HardFault_Handler
                0x0000000008002766        0x2 ./Application/P2P_LB_Example/stm32l4xx_it.o
                0x0000000008002766                HardFault_Handler
 .text.MemManage_Handler
                0x0000000008002768        0x2 ./Application/P2P_LB_Example/stm32l4xx_it.o
                0x0000000008002768                MemManage_Handler
 .text.BusFault_Handler
                0x000000000800276a        0x2 ./Application/P2P_LB_Example/stm32l4xx_it.o
                0x000000000800276a                BusFault_Handler
 .text.UsageFault_Handler
                0x000000000800276c        0x2 ./Application/P2P_LB_Example/stm32l4xx_it.o
                0x000000000800276c                UsageFault_Handler
 .text.SVC_Handler
                0x000000000800276e        0x2 ./Application/P2P_LB_Example/stm32l4xx_it.o
                0x000000000800276e                SVC_Handler
 .text.DebugMon_Handler
                0x0000000008002770        0x2 ./Application/P2P_LB_Example/stm32l4xx_it.o
                0x0000000008002770                DebugMon_Handler
 .text.PendSV_Handler
                0x0000000008002772        0x2 ./Application/P2P_LB_Example/stm32l4xx_it.o
                0x0000000008002772                PendSV_Handler
 .text.SysTick_Handler
                0x0000000008002774        0x4 ./Application/P2P_LB_Example/stm32l4xx_it.o
                0x0000000008002774                SysTick_Handler
 .text.RTC_WKUP_IRQHandler
                0x0000000008002778        0x4 ./Application/P2P_LB_Example/stm32l4xx_it.o
                0x0000000008002778                RTC_WKUP_IRQHandler
 .text.EXTI9_5_IRQHandler
                0x000000000800277c        0x6 ./Application/P2P_LB_Example/stm32l4xx_it.o
                0x000000000800277c                EXTI9_5_IRQHandler
 .text.EXTI15_10_IRQHandler
                0x0000000008002782        0x8 ./Application/P2P_LB_Example/stm32l4xx_it.o
                0x0000000008002782                EXTI15_10_IRQHandler
 .text.DMA2_Channel1_IRQHandler
                0x000000000800278a        0x4 ./Application/P2P_LB_Example/stm32l4xx_it.o
                0x000000000800278a                DMA2_Channel1_IRQHandler
 .text.DMA2_Channel2_IRQHandler
                0x000000000800278e        0x4 ./Application/P2P_LB_Example/stm32l4xx_it.o
                0x000000000800278e                DMA2_Channel2_IRQHandler
 *fill*         0x0000000008002792        0x2 
 .text.SystemInit
                0x0000000008002794       0x54 ./Application/P2P_LB_Example/system_stm32l4xx.o
                0x0000000008002794                SystemInit
 .text.BSP_LED_Init
                0x00000000080027e8       0x44 ./Drivers/BSP/STM32L475x_IoT_Discovery/stm32l475e_iot01.o
                0x00000000080027e8                BSP_LED_Init
 .text.BSP_PB_Init
                0x000000000800282c       0x7c ./Drivers/BSP/STM32L475x_IoT_Discovery/stm32l475e_iot01.o
                0x000000000800282c                BSP_PB_Init
 .text.Reset_Handler
                0x00000000080028a8       0x50 ./Drivers/CMSIS/startup_stm32l475xx.o
                0x00000000080028a8                Reset_Handler
 .text.Default_Handler
                0x00000000080028f8        0x2 ./Drivers/CMSIS/startup_stm32l475xx.o
                0x00000000080028f8                RTC_Alarm_IRQHandler
                0x00000000080028f8                EXTI2_IRQHandler
                0x00000000080028f8                TIM8_TRG_COM_IRQHandler
                0x00000000080028f8                TIM8_CC_IRQHandler
                0x00000000080028f8                TIM1_CC_IRQHandler
                0x00000000080028f8                TSC_IRQHandler
                0x00000000080028f8                TAMP_STAMP_IRQHandler
                0x00000000080028f8                EXTI3_IRQHandler
                0x00000000080028f8                LPTIM2_IRQHandler
                0x00000000080028f8                DFSDM1_FLT1_IRQHandler
                0x00000000080028f8                I2C3_ER_IRQHandler
                0x00000000080028f8                DFSDM1_FLT2_IRQHandler
                0x00000000080028f8                EXTI0_IRQHandler
                0x00000000080028f8                I2C2_EV_IRQHandler
                0x00000000080028f8                CAN1_RX0_IRQHandler
                0x00000000080028f8                FPU_IRQHandler
                0x00000000080028f8                TIM1_UP_TIM16_IRQHandler
                0x00000000080028f8                ADC1_2_IRQHandler
                0x00000000080028f8                SPI1_IRQHandler
                0x00000000080028f8                TIM6_DAC_IRQHandler
                0x00000000080028f8                TIM8_UP_IRQHandler
                0x00000000080028f8                DMA1_Channel4_IRQHandler
                0x00000000080028f8                SAI2_IRQHandler
                0x00000000080028f8                DFSDM1_FLT3_IRQHandler
                0x00000000080028f8                USART3_IRQHandler
                0x00000000080028f8                DMA1_Channel7_IRQHandler
                0x00000000080028f8                CAN1_RX1_IRQHandler
                0x00000000080028f8                UART5_IRQHandler
                0x00000000080028f8                ADC3_IRQHandler
                0x00000000080028f8                TIM4_IRQHandler
                0x00000000080028f8                QUADSPI_IRQHandler
                0x00000000080028f8                I2C1_EV_IRQHandler
                0x00000000080028f8                DMA1_Channel6_IRQHandler
                0x00000000080028f8                UART4_IRQHandler
                0x00000000080028f8                DMA2_Channel4_IRQHandler
                0x00000000080028f8                TIM3_IRQHandler
                0x00000000080028f8                RCC_IRQHandler
                0x00000000080028f8                DMA1_Channel1_IRQHandler
                0x00000000080028f8                Default_Handler
                0x00000000080028f8                DMA2_Channel7_IRQHandler
                0x00000000080028f8                TIM7_IRQHandler
                0x00000000080028f8                SDMMC1_IRQHandler
                0x00000000080028f8                TIM5_IRQHandler
                0x00000000080028f8                I2C3_EV_IRQHandler
                0x00000000080028f8                PVD_PVM_IRQHandler
                0x00000000080028f8                SPI2_IRQHandler
                0x00000000080028f8                CAN1_TX_IRQHandler
                0x00000000080028f8                DMA2_Channel5_IRQHandler
                0x00000000080028f8                DMA1_Channel5_IRQHandler
                0x00000000080028f8                EXTI4_IRQHandler
                0x00000000080028f8                RNG_IRQHandler
                0x00000000080028f8                TIM1_TRG_COM_TIM17_IRQHandler
                0x00000000080028f8                DMA1_Channel3_IRQHandler
                0x00000000080028f8                COMP_IRQHandler
                0x00000000080028f8                WWDG_IRQHandler
                0x00000000080028f8                LPUART1_IRQHandler
                0x00000000080028f8                DMA2_Channel6_IRQHandler
                0x00000000080028f8                TIM2_IRQHandler
                0x00000000080028f8                EXTI1_IRQHandler
                0x00000000080028f8                USART2_IRQHandler
                0x00000000080028f8                DFSDM1_FLT0_IRQHandler
                0x00000000080028f8                I2C2_ER_IRQHandler
                0x00000000080028f8                DMA1_Channel2_IRQHandler
                0x00000000080028f8                TIM8_BRK_IRQHandler
                0x00000000080028f8                CAN1_SCE_IRQHandler
                0x00000000080028f8                FLASH_IRQHandler
                0x00000000080028f8                USART1_IRQHandler
                0x00000000080028f8                OTG_FS_IRQHandler
                0x00000000080028f8                SPI3_IRQHandler
                0x00000000080028f8                I2C1_ER_IRQHandler
                0x00000000080028f8                FMC_IRQHandler
                0x00000000080028f8                SWPMI1_IRQHandler
                0x00000000080028f8                LPTIM1_IRQHandler
                0x00000000080028f8                SAI1_IRQHandler
                0x00000000080028f8                DMA2_Channel3_IRQHandler
                0x00000000080028f8                TIM1_BRK_TIM15_IRQHandler
 .text.HAL_MspInit
                0x00000000080028fa        0x2 ./Drivers/STM32L4xx_HAL_Drivers/stm32l4xx_hal.o
                0x00000000080028fa                HAL_MspInit
 .text.HAL_Init
                0x00000000080028fc       0x2c ./Drivers/STM32L4xx_HAL_Drivers/stm32l4xx_hal.o
                0x00000000080028fc                HAL_Init
 .text.HAL_IncTick
                0x0000000008002928       0x18 ./Drivers/STM32L4xx_HAL_Drivers/stm32l4xx_hal.o
                0x0000000008002928                HAL_IncTick
 .text.HAL_GetTick
                0x0000000008002940        0xc ./Drivers/STM32L4xx_HAL_Drivers/stm32l4xx_hal.o
                0x0000000008002940                HAL_GetTick
 .text.HAL_DBGMCU_EnableDBGSleepMode
                0x000000000800294c       0x10 ./Drivers/STM32L4xx_HAL_Drivers/stm32l4xx_hal.o
                0x000000000800294c                HAL_DBGMCU_EnableDBGSleepMode
 .text.HAL_DBGMCU_EnableDBGStopMode
                0x000000000800295c       0x10 ./Drivers/STM32L4xx_HAL_Drivers/stm32l4xx_hal.o
                0x000000000800295c                HAL_DBGMCU_EnableDBGStopMode
 .text.HAL_DBGMCU_EnableDBGStandbyMode
                0x000000000800296c       0x10 ./Drivers/STM32L4xx_HAL_Drivers/stm32l4xx_hal.o
                0x000000000800296c                HAL_DBGMCU_EnableDBGStandbyMode
 .text.HAL_NVIC_SetPriorityGrouping
                0x000000000800297c       0x24 ./Drivers/STM32L4xx_HAL_Drivers/stm32l4xx_hal_cortex.o
                0x000000000800297c                HAL_NVIC_SetPriorityGrouping
 .text.HAL_NVIC_SetPriority
                0x00000000080029a0       0x64 ./Drivers/STM32L4xx_HAL_Drivers/stm32l4xx_hal_cortex.o
                0x00000000080029a0                HAL_NVIC_SetPriority
 .text.HAL_NVIC_EnableIRQ
                0x0000000008002a04       0x1c ./Drivers/STM32L4xx_HAL_Drivers/stm32l4xx_hal_cortex.o
                0x0000000008002a04                HAL_NVIC_EnableIRQ
 .text.HAL_NVIC_DisableIRQ
                0x0000000008002a20       0x28 ./Drivers/STM32L4xx_HAL_Drivers/stm32l4xx_hal_cortex.o
                0x0000000008002a20                HAL_NVIC_DisableIRQ
 .text.HAL_NVIC_SetPendingIRQ
                0x0000000008002a48       0x20 ./Drivers/STM32L4xx_HAL_Drivers/stm32l4xx_hal_cortex.o
                0x0000000008002a48                HAL_NVIC_SetPendingIRQ
 .text.HAL_NVIC_ClearPendingIRQ
                0x0000000008002a68       0x20 ./Drivers/STM32L4xx_HAL_Drivers/stm32l4xx_hal_cortex.o
                0x0000000008002a68                HAL_NVIC_ClearPendingIRQ
 .text.HAL_DMA_Init
                0x0000000008002a88       0xd4 ./Drivers/STM32L4xx_HAL_Drivers/stm32l4xx_hal_dma.o
                0x0000000008002a88                HAL_DMA_Init
 .text.FLASH_Program_Fast
                0x0000000008002b5c       0x2c ./Drivers/STM32L4xx_HAL_Drivers/stm32l4xx_hal_flash.o
 .text.HAL_FLASH_Unlock
                0x0000000008002b88       0x24 ./Drivers/STM32L4xx_HAL_Drivers/stm32l4xx_hal_flash.o
                0x0000000008002b88                HAL_FLASH_Unlock
 .text.HAL_FLASH_Lock
                0x0000000008002bac       0x14 ./Drivers/STM32L4xx_HAL_Drivers/stm32l4xx_hal_flash.o
                0x0000000008002bac                HAL_FLASH_Lock
 .text.FLASH_WaitForLastOperation
                0x0000000008002bc0       0x54 ./Drivers/STM32L4xx_HAL_Drivers/stm32l4xx_hal_flash.o
                0x0000000008002bc0                FLASH_WaitForLastOperation
 .text.HAL_FLASH_Program
                0x0000000008002c14       0xa4 ./Drivers/STM32L4xx_HAL_Drivers/stm32l4xx_hal_flash.o
                0x0000000008002c14                HAL_FLASH_Program
 .text.FLASH_MassErase
                0x0000000008002cb8       0x2c ./Drivers/STM32L4xx_HAL_Drivers/stm32l4xx_hal_flash_ex.o
 .text.FLASH_PageErase
                0x0000000008002ce4       0x3c ./Drivers/STM32L4xx_HAL_Drivers/stm32l4xx_hal_flash_ex.o
                0x0000000008002ce4                FLASH_PageErase
 .text.FLASH_FlushCaches
                0x0000000008002d20       0x58 ./Drivers/STM32L4xx_HAL_Drivers/stm32l4xx_hal_flash_ex.o
                0x0000000008002d20                FLASH_FlushCaches
 .text.HAL_FLASHEx_Erase
                0x0000000008002d78       0xe8 ./Drivers/STM32L4xx_HAL_Drivers/stm32l4xx_hal_flash_ex.o
                0x0000000008002d78                HAL_FLASHEx_Erase
 .text.HAL_GPIO_Init
                0x0000000008002e60      0x1bc ./Drivers/STM32L4xx_HAL_Drivers/stm32l4xx_hal_gpio.o
                0x0000000008002e60                HAL_GPIO_Init
 .text.HAL_GPIO_ReadPin
                0x000000000800301c        0xc ./Drivers/STM32L4xx_HAL_Drivers/stm32l4xx_hal_gpio.o
                0x000000000800301c                HAL_GPIO_ReadPin
 .text.HAL_GPIO_WritePin
                0x0000000008003028        0xa ./Drivers/STM32L4xx_HAL_Drivers/stm32l4xx_hal_gpio.o
                0x0000000008003028                HAL_GPIO_WritePin
 *fill*         0x0000000008003032        0x2 
 .text.HAL_GPIO_EXTI_IRQHandler
                0x0000000008003034       0x18 ./Drivers/STM32L4xx_HAL_Drivers/stm32l4xx_hal_gpio.o
                0x0000000008003034                HAL_GPIO_EXTI_IRQHandler
 .text.HAL_PWR_EnableBkUpAccess
                0x000000000800304c       0x10 ./Drivers/STM32L4xx_HAL_Drivers/stm32l4xx_hal_pwr.o
                0x000000000800304c                HAL_PWR_EnableBkUpAccess
 .text.HAL_PWREx_GetVoltageRange
                0x000000000800305c       0x10 ./Drivers/STM32L4xx_HAL_Drivers/stm32l4xx_hal_pwr_ex.o
                0x000000000800305c                HAL_PWREx_GetVoltageRange
 .text.HAL_PWREx_EnableSRAM2ContentRetention
                0x000000000800306c       0x10 ./Drivers/STM32L4xx_HAL_Drivers/stm32l4xx_hal_pwr_ex.o
                0x000000000800306c                HAL_PWREx_EnableSRAM2ContentRetention
 .text.RCC_SetFlashLatencyFromMSIRange
                0x000000000800307c       0x84 ./Drivers/STM32L4xx_HAL_Drivers/stm32l4xx_hal_rcc.o
 .text.HAL_RCC_GetSysClockFreq
                0x0000000008003100       0x9c ./Drivers/STM32L4xx_HAL_Drivers/stm32l4xx_hal_rcc.o
                0x0000000008003100                HAL_RCC_GetSysClockFreq
 .text.HAL_RCC_OscConfig
                0x000000000800319c      0x50c ./Drivers/STM32L4xx_HAL_Drivers/stm32l4xx_hal_rcc.o
                0x000000000800319c                HAL_RCC_OscConfig
 .text.HAL_RCC_ClockConfig
                0x00000000080036a8      0x128 ./Drivers/STM32L4xx_HAL_Drivers/stm32l4xx_hal_rcc.o
                0x00000000080036a8                HAL_RCC_ClockConfig
 .text.HAL_RTC_MspInit
                0x00000000080037d0        0x2 ./Drivers/STM32L4xx_HAL_Drivers/stm32l4xx_hal_rtc.o
                0x00000000080037d0                HAL_RTC_MspInit
 .text.HAL_RTC_WaitForSynchro
                0x00000000080037d2       0x30 ./Drivers/STM32L4xx_HAL_Drivers/stm32l4xx_hal_rtc.o
                0x00000000080037d2                HAL_RTC_WaitForSynchro
 .text.RTC_EnterInitMode
                0x0000000008003802       0x44 ./Drivers/STM32L4xx_HAL_Drivers/stm32l4xx_hal_rtc.o
                0x0000000008003802                RTC_EnterInitMode
 *fill*         0x0000000008003846        0x2 
 .text.RTC_ExitInitMode
                0x0000000008003848       0x48 ./Drivers/STM32L4xx_HAL_Drivers/stm32l4xx_hal_rtc.o
                0x0000000008003848                RTC_ExitInitMode
 .text.HAL_RTC_Init
                0x0000000008003890       0x8c ./Drivers/STM32L4xx_HAL_Drivers/stm32l4xx_hal_rtc.o
                0x0000000008003890                HAL_RTC_Init
 .text.HAL_RTCEx_EnableBypassShadow
                0x000000000800391c       0x36 ./Drivers/STM32L4xx_HAL_Drivers/stm32l4xx_hal_rtc_ex.o
                0x000000000800391c                HAL_RTCEx_EnableBypassShadow
 .text.HAL_SPI_Init
                0x0000000008003952       0xd4 ./Drivers/STM32L4xx_HAL_Drivers/stm32l4xx_hal_spi.o
                0x0000000008003952                HAL_SPI_Init
 *fill*         0x0000000008003a26        0x2 
 .text.__libc_init_array
                0x0000000008003a28       0x48 d:/cubeide/stm32cubeide_1.7.0/stm32cubeide/plugins/com.st.stm32cube.ide.mcu.externaltools.gnu-tools-for-stm32.9-2020-q2-update.win32_2.0.0.202105311346/tools/bin/../lib/gcc/arm-none-eabi/9.3.1/../../../../arm-none-eabi/lib/thumb/v7e-m+fp/hard\libc_nano.a(lib_a-init.o)
                0x0000000008003a28                __libc_init_array
 .text.memcpy   0x0000000008003a70       0x1c d:/cubeide/stm32cubeide_1.7.0/stm32cubeide/plugins/com.st.stm32cube.ide.mcu.externaltools.gnu-tools-for-stm32.9-2020-q2-update.win32_2.0.0.202105311346/tools/bin/../lib/gcc/arm-none-eabi/9.3.1/../../../../arm-none-eabi/lib/thumb/v7e-m+fp/hard\libc_nano.a(lib_a-memcpy-stub.o)
                0x0000000008003a70                memcpy
 .text.memset   0x0000000008003a8c       0x10 d:/cubeide/stm32cubeide_1.7.0/stm32cubeide/plugins/com.st.stm32cube.ide.mcu.externaltools.gnu-tools-for-stm32.9-2020-q2-update.win32_2.0.0.202105311346/tools/bin/../lib/gcc/arm-none-eabi/9.3.1/../../../../arm-none-eabi/lib/thumb/v7e-m+fp/hard\libc_nano.a(lib_a-memset.o)
                0x0000000008003a8c                memset
 *(.glue_7)
 .glue_7        0x0000000008003a9c        0x0 linker stubs
 *(.glue_7t)
 .glue_7t       0x0000000008003a9c        0x0 linker stubs
 *(.eh_frame)
 .eh_frame      0x0000000008003a9c        0x0 d:/cubeide/stm32cubeide_1.7.0/stm32cubeide/plugins/com.st.stm32cube.ide.mcu.externaltools.gnu-tools-for-stm32.9-2020-q2-update.win32_2.0.0.202105311346/tools/bin/../lib/gcc/arm-none-eabi/9.3.1/thumb/v7e-m+fp/hard/crtbegin.o
 *(.init)
 .init          0x0000000008003a9c        0x4 d:/cubeide/stm32cubeide_1.7.0/stm32cubeide/plugins/com.st.stm32cube.ide.mcu.externaltools.gnu-tools-for-stm32.9-2020-q2-update.win32_2.0.0.202105311346/tools/bin/../lib/gcc/arm-none-eabi/9.3.1/thumb/v7e-m+fp/hard/crti.o
                0x0000000008003a9c                _init
 .init          0x0000000008003aa0        0x8 d:/cubeide/stm32cubeide_1.7.0/stm32cubeide/plugins/com.st.stm32cube.ide.mcu.externaltools.gnu-tools-for-stm32.9-2020-q2-update.win32_2.0.0.202105311346/tools/bin/../lib/gcc/arm-none-eabi/9.3.1/thumb/v7e-m+fp/hard/crtn.o
 *(.fini)
 .fini          0x0000000008003aa8        0x4 d:/cubeide/stm32cubeide_1.7.0/stm32cubeide/plugins/com.st.stm32cube.ide.mcu.externaltools.gnu-tools-for-stm32.9-2020-q2-update.win32_2.0.0.202105311346/tools/bin/../lib/gcc/arm-none-eabi/9.3.1/thumb/v7e-m+fp/hard/crti.o
                0x0000000008003aa8                _fini
 .fini          0x0000000008003aac        0x8 d:/cubeide/stm32cubeide_1.7.0/stm32cubeide/plugins/com.st.stm32cube.ide.mcu.externaltools.gnu-tools-for-stm32.9-2020-q2-update.win32_2.0.0.202105311346/tools/bin/../lib/gcc/arm-none-eabi/9.3.1/thumb/v7e-m+fp/hard/crtn.o
                0x0000000008003ab8                . = ALIGN (0x8)
 *fill*         0x0000000008003ab4        0x4 
                0x0000000008003ab8                _etext = .

.vfp11_veneer   0x0000000008003ab8        0x0
 .vfp11_veneer  0x0000000008003ab8        0x0 linker stubs

.v4_bx          0x0000000008003ab8        0x0
 .v4_bx         0x0000000008003ab8        0x0 linker stubs

.iplt           0x0000000008003ab8        0x0
 .iplt          0x0000000008003ab8        0x0 d:/cubeide/stm32cubeide_1.7.0/stm32cubeide/plugins/com.st.stm32cube.ide.mcu.externaltools.gnu-tools-for-stm32.9-2020-q2-update.win32_2.0.0.202105311346/tools/bin/../lib/gcc/arm-none-eabi/9.3.1/thumb/v7e-m+fp/hard/crtbegin.o

.rodata         0x0000000008003ab8       0x78
                0x0000000008003ab8                . = ALIGN (0x8)
 *(.rodata)
 .rodata        0x0000000008003ab8        0x6 ./Application/Common/ble_services/svc_ctl.o
 .rodata        0x0000000008003abe       0x12 ./Application/Common/hw_interface/hw_spi.o
 .rodata        0x0000000008003ad0        0xe ./Application/P2P_LB_Example/lb_demo.o
 *fill*         0x0000000008003ade        0x2 
 .rodata        0x0000000008003ae0       0x48 ./Application/P2P_LB_Example/system_stm32l4xx.o
                0x0000000008003ae0                MSIRangeTable
                0x0000000008003b10                AHBPrescTable
                0x0000000008003b20                APBPrescTable
 *(.rodata*)
 .rodata.str1.1
                0x0000000008003b28        0x8 ./Application/Common/ble_services/svc_ctl.o
                0x0000000008003b30                . = ALIGN (0x8)

.rel.dyn        0x0000000008003b30        0x0
 .rel.iplt      0x0000000008003b30        0x0 d:/cubeide/stm32cubeide_1.7.0/stm32cubeide/plugins/com.st.stm32cube.ide.mcu.externaltools.gnu-tools-for-stm32.9-2020-q2-update.win32_2.0.0.202105311346/tools/bin/../lib/gcc/arm-none-eabi/9.3.1/thumb/v7e-m+fp/hard/crtbegin.o

.ARM.extab      0x0000000008003b30        0x0
                0x0000000008003b30                . = ALIGN (0x8)
 *(.ARM.extab* .gnu.linkonce.armextab.*)
                0x0000000008003b30                . = ALIGN (0x8)

.ARM            0x0000000008003b30        0x0
                0x0000000008003b30                . = ALIGN (0x8)
                0x0000000008003b30                __exidx_start = .
 *(.ARM.exidx*)
                0x0000000008003b30                __exidx_end = .
                0x0000000008003b30                . = ALIGN (0x8)

.preinit_array  0x0000000008003b30        0x0
                0x0000000008003b30                . = ALIGN (0x8)
                0x0000000008003b30                PROVIDE (__preinit_array_start = .)
 *(.preinit_array*)
                0x0000000008003b30                PROVIDE (__preinit_array_end = .)
                0x0000000008003b30                . = ALIGN (0x8)

.init_array     0x0000000008003b30        0x8
                0x0000000008003b30                . = ALIGN (0x8)
                0x0000000008003b30                PROVIDE (__init_array_start = .)
 *(SORT_BY_NAME(.init_array.*))
 *(.init_array*)
 .init_array    0x0000000008003b30        0x4 d:/cubeide/stm32cubeide_1.7.0/stm32cubeide/plugins/com.st.stm32cube.ide.mcu.externaltools.gnu-tools-for-stm32.9-2020-q2-update.win32_2.0.0.202105311346/tools/bin/../lib/gcc/arm-none-eabi/9.3.1/thumb/v7e-m+fp/hard/crtbegin.o
                0x0000000008003b34                PROVIDE (__init_array_end = .)
                0x0000000008003b38                . = ALIGN (0x8)
 *fill*         0x0000000008003b34        0x4 

.fini_array     0x0000000008003b38        0x8
                0x0000000008003b38                . = ALIGN (0x8)
                [!provide]                        PROVIDE (__fini_array_start = .)
 *(SORT_BY_NAME(.fini_array.*))
 *(.fini_array*)
 .fini_array    0x0000000008003b38        0x4 d:/cubeide/stm32cubeide_1.7.0/stm32cubeide/plugins/com.st.stm32cube.ide.mcu.externaltools.gnu-tools-for-stm32.9-2020-q2-update.win32_2.0.0.202105311346/tools/bin/../lib/gcc/arm-none-eabi/9.3.1/thumb/v7e-m+fp/hard/crtbegin.o
                [!provide]                        PROVIDE (__fini_array_end = .)
                0x0000000008003b40                . = ALIGN (0x8)
 *fill*         0x0000000008003b3c        0x4 
                0x0000000008003b40                _sidata = LOADADDR (.data)

.data           0x0000000020000000       0x48 load address 0x0000000008003b40
                0x0000000020000000                . = ALIGN (0x8)
                0x0000000020000000                _sdata = .
 *(.data)
 .data          0x0000000020000000        0x4 ./Application/Common/utilities/scheduler.o
 .data          0x0000000020000004        0x4 ./Application/P2P_LB_Example/system_stm32l4xx.o
                0x0000000020000004                SystemCoreClock
 .data          0x0000000020000008       0x14 ./Drivers/BSP/STM32L475x_IoT_Discovery/stm32l475e_iot01.o
                0x0000000020000008                GPIO_PORT
                0x000000002000000c                BUTTON_PORT
                0x0000000020000010                COM_TX_PORT
                0x0000000020000014                COM_RX_PORT
                0x0000000020000018                COM_USART
 .data          0x000000002000001c        0x8 ./Drivers/STM32L4xx_HAL_Drivers/stm32l4xx_hal.o
                0x000000002000001c                uwTickFreq
                0x0000000020000020                uwTickPrio
 .data          0x0000000020000024       0x20 ./Drivers/STM32L4xx_HAL_Drivers/stm32l4xx_hal_flash.o
                0x0000000020000024                pFlash
 *(.data*)
                0x0000000020000048                . = ALIGN (0x8)
 *fill*         0x0000000020000044        0x4 
                0x0000000020000048                _edata = .

.igot.plt       0x0000000020000048        0x0 load address 0x0000000008003b88
 .igot.plt      0x0000000020000048        0x0 d:/cubeide/stm32cubeide_1.7.0/stm32cubeide/plugins/com.st.stm32cube.ide.mcu.externaltools.gnu-tools-for-stm32.9-2020-q2-update.win32_2.0.0.202105311346/tools/bin/../lib/gcc/arm-none-eabi/9.3.1/thumb/v7e-m+fp/hard/crtbegin.o
                0x0000000020000048                . = ALIGN (0x4)

.bss            0x0000000020000048      0xb34 load address 0x0000000008003b88
                0x0000000020000048                _sbss = .
                0x0000000020000048                __bss_start__ = _sbss
 *(.bss)
 .bss           0x0000000020000048       0x1c d:/cubeide/stm32cubeide_1.7.0/stm32cubeide/plugins/com.st.stm32cube.ide.mcu.externaltools.gnu-tools-for-stm32.9-2020-q2-update.win32_2.0.0.202105311346/tools/bin/../lib/gcc/arm-none-eabi/9.3.1/thumb/v7e-m+fp/hard/crtbegin.o
 .bss           0x0000000020000064       0x14 ./Application/Common/ble_services/lbs_stm.o
 .bss           0x0000000020000078      0x12c ./Application/Common/hw_interface/hw_spi.o
 .bss           0x00000000200001a4       0xa3 ./Application/Common/hw_interface/hw_timerserver.o
 *fill*         0x0000000020000247        0x1 
 .bss           0x0000000020000248       0x1a ./Application/Common/tl/tl_ble_hci.o
 *fill*         0x0000000020000262        0x2 
 .bss           0x0000000020000264      0x12d ./Application/Common/tl/tl_ble_reassembly.o
 *fill*         0x0000000020000391        0x3 
 .bss           0x0000000020000394       0x10 ./Application/Common/tl/tl_ble_spi.o
 .bss           0x00000000200003a4       0x10 ./Application/Common/utilities/lpm.o
 .bss           0x00000000200003b4       0x10 ./Application/Common/utilities/memory_manager.o
 .bss           0x00000000200003c4       0x24 ./Application/Common/utilities/scheduler.o
 .bss           0x00000000200003e8      0x6e0 ./Application/P2P_LB_Example/lb_demo.o
 .bss           0x0000000020000ac8        0x7 ./Application/P2P_LB_Example/lb_server_app.o
                0x0000000020000ace                ret
 *fill*         0x0000000020000acf        0x1 
 .bss           0x0000000020000ad0       0x24 ./Application/P2P_LB_Example/main.o
 *(.bss*)
 *(COMMON)
 COMMON         0x0000000020000af4       0x18 ./Application/Common/ble_services/svc_ctl.o
                0x0000000020000af4                SVCCTL_CltHandler
                0x0000000020000b00                SVCCTL_EvtHandler
 COMMON         0x0000000020000b0c        0x6 ./Application/P2P_LB_Example/lb_demo.o
                0x0000000020000b0c                handleNotification
                0x0000000020000b10                connection_handle
 COMMON         0x0000000020000b12       0x66 ./Application/P2P_LB_Example/main.o
                0x0000000020000b12                POTATO_Context
 COMMON         0x0000000020000b78        0x4 ./Drivers/STM32L4xx_HAL_Drivers/stm32l4xx_hal.o
                0x0000000020000b78                uwTick
                0x0000000020000b7c                . = ALIGN (0x4)
                0x0000000020000b7c                _ebss = .
                0x0000000020000b7c                __bss_end__ = _ebss

._user_heap_stack
                0x0000000020000b7c      0x604 load address 0x0000000008003b88
                0x0000000020000b80                . = ALIGN (0x8)
 *fill*         0x0000000020000b7c        0x4 
                [!provide]                        PROVIDE (end = .)
                [!provide]                        PROVIDE (_end = .)
                0x0000000020000d80                . = (. + _Min_Heap_Size)
 *fill*         0x0000000020000b80      0x200 
                0x0000000020001180                . = (. + _Min_Stack_Size)
 *fill*         0x0000000020000d80      0x400 
                0x0000000020001180                . = ALIGN (0x8)

/DISCARD/
 libc.a(*)
 libm.a(*)
 libgcc.a(*)

.ARM.attributes
                0x0000000000000000       0x30
 *(.ARM.attributes)
 .ARM.attributes
                0x0000000000000000       0x1e d:/cubeide/stm32cubeide_1.7.0/stm32cubeide/plugins/com.st.stm32cube.ide.mcu.externaltools.gnu-tools-for-stm32.9-2020-q2-update.win32_2.0.0.202105311346/tools/bin/../lib/gcc/arm-none-eabi/9.3.1/thumb/v7e-m+fp/hard/crti.o
 .ARM.attributes
                0x000000000000001e       0x34 d:/cubeide/stm32cubeide_1.7.0/stm32cubeide/plugins/com.st.stm32cube.ide.mcu.externaltools.gnu-tools-for-stm32.9-2020-q2-update.win32_2.0.0.202105311346/tools/bin/../lib/gcc/arm-none-eabi/9.3.1/thumb/v7e-m+fp/hard/crtbegin.o
 .ARM.attributes
                0x0000000000000052       0x34 ./Application/Common/ble_core/bluenrg_gap_aci.o
 .ARM.attributes
                0x0000000000000086       0x34 ./Application/Common/ble_core/bluenrg_gatt_aci.o
 .ARM.attributes
                0x00000000000000ba       0x34 ./Application/Common/ble_core/bluenrg_hal_aci.o
 .ARM.attributes
                0x00000000000000ee       0x34 ./Application/Common/ble_core/osal.o
 .ARM.attributes
                0x0000000000000122       0x34 ./Application/Common/ble_services/lbs_stm.o
 .ARM.attributes
                0x0000000000000156       0x34 ./Application/Common/ble_services/svc_ctl.o
 .ARM.attributes
                0x000000000000018a       0x34 ./Application/Common/hw_interface/hw_lpm.o
 .ARM.attributes
                0x00000000000001be       0x34 ./Application/Common/hw_interface/hw_spi.o
 .ARM.attributes
                0x00000000000001f2       0x34 ./Application/Common/hw_interface/hw_timerserver.o
 .ARM.attributes
                0x0000000000000226       0x34 ./Application/Common/tl/tl_ble_hci.o
 .ARM.attributes
                0x000000000000025a       0x34 ./Application/Common/tl/tl_ble_io.o
 .ARM.attributes
                0x000000000000028e       0x34 ./Application/Common/tl/tl_ble_reassembly.o
 .ARM.attributes
                0x00000000000002c2       0x34 ./Application/Common/tl/tl_ble_spi.o
 .ARM.attributes
                0x00000000000002f6       0x34 ./Application/Common/utilities/list.o
 .ARM.attributes
                0x000000000000032a       0x34 ./Application/Common/utilities/lpm.o
 .ARM.attributes
                0x000000000000035e       0x34 ./Application/Common/utilities/memory_manager.o
 .ARM.attributes
                0x0000000000000392       0x34 ./Application/Common/utilities/scheduler.o
 .ARM.attributes
                0x00000000000003c6       0x34 ./Application/P2P_LB_Example/crc.o
 .ARM.attributes
                0x00000000000003fa       0x34 ./Application/P2P_LB_Example/lb_demo.o
 .ARM.attributes
                0x000000000000042e       0x34 ./Application/P2P_LB_Example/lb_server_app.o
 .ARM.attributes
                0x0000000000000462       0x34 ./Application/P2P_LB_Example/main.o
 .ARM.attributes
                0x0000000000000496       0x34 ./Application/P2P_LB_Example/save.o
 .ARM.attributes
                0x00000000000004ca       0x34 ./Application/P2P_LB_Example/stm32l4xx_it.o
 .ARM.attributes
                0x00000000000004fe       0x34 ./Application/P2P_LB_Example/system_stm32l4xx.o
 .ARM.attributes
                0x0000000000000532       0x34 ./Drivers/BSP/STM32L475x_IoT_Discovery/stm32l475e_iot01.o
 .ARM.attributes
                0x0000000000000566       0x21 ./Drivers/CMSIS/startup_stm32l475xx.o
 .ARM.attributes
                0x0000000000000587       0x34 ./Drivers/STM32L4xx_HAL_Drivers/stm32l4xx_hal.o
 .ARM.attributes
                0x00000000000005bb       0x34 ./Drivers/STM32L4xx_HAL_Drivers/stm32l4xx_hal_cortex.o
 .ARM.attributes
                0x00000000000005ef       0x34 ./Drivers/STM32L4xx_HAL_Drivers/stm32l4xx_hal_dma.o
 .ARM.attributes
                0x0000000000000623       0x34 ./Drivers/STM32L4xx_HAL_Drivers/stm32l4xx_hal_flash.o
 .ARM.attributes
                0x0000000000000657       0x34 ./Drivers/STM32L4xx_HAL_Drivers/stm32l4xx_hal_flash_ex.o
 .ARM.attributes
                0x000000000000068b       0x34 ./Drivers/STM32L4xx_HAL_Drivers/stm32l4xx_hal_gpio.o
 .ARM.attributes
                0x00000000000006bf       0x34 ./Drivers/STM32L4xx_HAL_Drivers/stm32l4xx_hal_pwr.o
 .ARM.attributes
                0x00000000000006f3       0x34 ./Drivers/STM32L4xx_HAL_Drivers/stm32l4xx_hal_pwr_ex.o
 .ARM.attributes
                0x0000000000000727       0x34 ./Drivers/STM32L4xx_HAL_Drivers/stm32l4xx_hal_rcc.o
 .ARM.attributes
                0x000000000000075b       0x34 ./Drivers/STM32L4xx_HAL_Drivers/stm32l4xx_hal_rtc.o
 .ARM.attributes
                0x000000000000078f       0x34 ./Drivers/STM32L4xx_HAL_Drivers/stm32l4xx_hal_rtc_ex.o
 .ARM.attributes
                0x00000000000007c3       0x34 ./Drivers/STM32L4xx_HAL_Drivers/stm32l4xx_hal_spi.o
 .ARM.attributes
                0x00000000000007f7       0x34 d:/cubeide/stm32cubeide_1.7.0/stm32cubeide/plugins/com.st.stm32cube.ide.mcu.externaltools.gnu-tools-for-stm32.9-2020-q2-update.win32_2.0.0.202105311346/tools/bin/../lib/gcc/arm-none-eabi/9.3.1/../../../../arm-none-eabi/lib/thumb/v7e-m+fp/hard\libc_nano.a(lib_a-init.o)
 .ARM.attributes
                0x000000000000082b       0x34 d:/cubeide/stm32cubeide_1.7.0/stm32cubeide/plugins/com.st.stm32cube.ide.mcu.externaltools.gnu-tools-for-stm32.9-2020-q2-update.win32_2.0.0.202105311346/tools/bin/../lib/gcc/arm-none-eabi/9.3.1/../../../../arm-none-eabi/lib/thumb/v7e-m+fp/hard\libc_nano.a(lib_a-memcpy-stub.o)
 .ARM.attributes
                0x000000000000085f       0x34 d:/cubeide/stm32cubeide_1.7.0/stm32cubeide/plugins/com.st.stm32cube.ide.mcu.externaltools.gnu-tools-for-stm32.9-2020-q2-update.win32_2.0.0.202105311346/tools/bin/../lib/gcc/arm-none-eabi/9.3.1/../../../../arm-none-eabi/lib/thumb/v7e-m+fp/hard\libc_nano.a(lib_a-memset.o)
 .ARM.attributes
                0x0000000000000893       0x1e d:/cubeide/stm32cubeide_1.7.0/stm32cubeide/plugins/com.st.stm32cube.ide.mcu.externaltools.gnu-tools-for-stm32.9-2020-q2-update.win32_2.0.0.202105311346/tools/bin/../lib/gcc/arm-none-eabi/9.3.1/thumb/v7e-m+fp/hard/crtn.o
OUTPUT(STM32L4_IOT_P2P_ClientServer.elf elf32-littlearm)
LOAD linker stubs
LOAD d:/cubeide/stm32cubeide_1.7.0/stm32cubeide/plugins/com.st.stm32cube.ide.mcu.externaltools.gnu-tools-for-stm32.9-2020-q2-update.win32_2.0.0.202105311346/tools/bin/../lib/gcc/arm-none-eabi/9.3.1/../../../../arm-none-eabi/lib/thumb/v7e-m+fp/hard\libc.a
LOAD d:/cubeide/stm32cubeide_1.7.0/stm32cubeide/plugins/com.st.stm32cube.ide.mcu.externaltools.gnu-tools-for-stm32.9-2020-q2-update.win32_2.0.0.202105311346/tools/bin/../lib/gcc/arm-none-eabi/9.3.1/../../../../arm-none-eabi/lib/thumb/v7e-m+fp/hard\libm.a
LOAD d:/cubeide/stm32cubeide_1.7.0/stm32cubeide/plugins/com.st.stm32cube.ide.mcu.externaltools.gnu-tools-for-stm32.9-2020-q2-update.win32_2.0.0.202105311346/tools/bin/../lib/gcc/arm-none-eabi/9.3.1/thumb/v7e-m+fp/hard\libgcc.a

.debug_info     0x0000000000000000    0x2ec8a
 .debug_info    0x0000000000000000     0x2d43 ./Application/Common/ble_core/bluenrg_gap_aci.o
 .debug_info    0x0000000000002d43     0x37ce ./Application/Common/ble_core/bluenrg_gatt_aci.o
 .debug_info    0x0000000000006511      0x990 ./Application/Common/ble_core/bluenrg_hal_aci.o
 .debug_info    0x0000000000006ea1      0xa23 ./Application/Common/ble_core/osal.o
 .debug_info    0x00000000000078c4     0x13f1 ./Application/Common/ble_services/lbs_stm.o
 .debug_info    0x0000000000008cb5     0x1130 ./Application/Common/ble_services/svc_ctl.o
 .debug_info    0x0000000000009de5      0xfa3 ./Application/Common/hw_interface/hw_lpm.o
 .debug_info    0x000000000000ad88     0x2f75 ./Application/Common/hw_interface/hw_spi.o
 .debug_info    0x000000000000dcfd     0x23ab ./Application/Common/hw_interface/hw_timerserver.o
 .debug_info    0x00000000000100a8     0x15bb ./Application/Common/tl/tl_ble_hci.o
 .debug_info    0x0000000000011663      0xf1a ./Application/Common/tl/tl_ble_io.o
 .debug_info    0x000000000001257d     0x110b ./Application/Common/tl/tl_ble_reassembly.o
 .debug_info    0x0000000000013688     0x1237 ./Application/Common/tl/tl_ble_spi.o
 .debug_info    0x00000000000148bf     0x13e4 ./Application/Common/utilities/list.o
 .debug_info    0x0000000000015ca3      0xfc9 ./Application/Common/utilities/lpm.o
 .debug_info    0x0000000000016c6c      0xece ./Application/Common/utilities/memory_manager.o
 .debug_info    0x0000000000017b3a     0x1180 ./Application/Common/utilities/scheduler.o
 .debug_info    0x0000000000018cba      0x1c0 ./Application/P2P_LB_Example/crc.o
 .debug_info    0x0000000000018e7a     0x14db ./Application/P2P_LB_Example/lb_demo.o
 .debug_info    0x000000000001a355     0x10a4 ./Application/P2P_LB_Example/lb_server_app.o
 .debug_info    0x000000000001b3f9     0x20d9 ./Application/P2P_LB_Example/main.o
 .debug_info    0x000000000001d4d2     0x1406 ./Application/P2P_LB_Example/save.o
 .debug_info    0x000000000001e8d8      0xd47 ./Application/P2P_LB_Example/stm32l4xx_it.o
 .debug_info    0x000000000001f61f      0xa3c ./Application/P2P_LB_Example/system_stm32l4xx.o
 .debug_info    0x000000000002005b     0x254d ./Drivers/BSP/STM32L475x_IoT_Discovery/stm32l475e_iot01.o
 .debug_info    0x00000000000225a8       0x22 ./Drivers/CMSIS/startup_stm32l475xx.o
 .debug_info    0x00000000000225ca      0xf16 ./Drivers/STM32L4xx_HAL_Drivers/stm32l4xx_hal.o
 .debug_info    0x00000000000234e0     0x1299 ./Drivers/STM32L4xx_HAL_Drivers/stm32l4xx_hal_cortex.o
 .debug_info    0x0000000000024779      0xa9f ./Drivers/STM32L4xx_HAL_Drivers/stm32l4xx_hal_dma.o
 .debug_info    0x0000000000025218      0xa0c ./Drivers/STM32L4xx_HAL_Drivers/stm32l4xx_hal_flash.o
 .debug_info    0x0000000000025c24      0xce5 ./Drivers/STM32L4xx_HAL_Drivers/stm32l4xx_hal_flash_ex.o
 .debug_info    0x0000000000026909      0xa95 ./Drivers/STM32L4xx_HAL_Drivers/stm32l4xx_hal_gpio.o
 .debug_info    0x000000000002739e      0xbb4 ./Drivers/STM32L4xx_HAL_Drivers/stm32l4xx_hal_pwr.o
 .debug_info    0x0000000000027f52      0xcee ./Drivers/STM32L4xx_HAL_Drivers/stm32l4xx_hal_pwr_ex.o
 .debug_info    0x0000000000028c40     0x10c5 ./Drivers/STM32L4xx_HAL_Drivers/stm32l4xx_hal_rcc.o
 .debug_info    0x0000000000029d05     0x14e2 ./Drivers/STM32L4xx_HAL_Drivers/stm32l4xx_hal_rtc.o
 .debug_info    0x000000000002b1e7     0x15e7 ./Drivers/STM32L4xx_HAL_Drivers/stm32l4xx_hal_rtc_ex.o
 .debug_info    0x000000000002c7ce     0x24bc ./Drivers/STM32L4xx_HAL_Drivers/stm32l4xx_hal_spi.o

.debug_abbrev   0x0000000000000000     0x6905
 .debug_abbrev  0x0000000000000000      0x1d0 ./Application/Common/ble_core/bluenrg_gap_aci.o
 .debug_abbrev  0x00000000000001d0      0x1d5 ./Application/Common/ble_core/bluenrg_gatt_aci.o
 .debug_abbrev  0x00000000000003a5      0x16a ./Application/Common/ble_core/bluenrg_hal_aci.o
 .debug_abbrev  0x000000000000050f      0x1f0 ./Application/Common/ble_core/osal.o
 .debug_abbrev  0x00000000000006ff      0x30e ./Application/Common/ble_services/lbs_stm.o
 .debug_abbrev  0x0000000000000a0d      0x341 ./Application/Common/ble_services/svc_ctl.o
 .debug_abbrev  0x0000000000000d4e      0x27a ./Application/Common/hw_interface/hw_lpm.o
 .debug_abbrev  0x0000000000000fc8      0x44e ./Application/Common/hw_interface/hw_spi.o
 .debug_abbrev  0x0000000000001416      0x4e1 ./Application/Common/hw_interface/hw_timerserver.o
 .debug_abbrev  0x00000000000018f7      0x3b0 ./Application/Common/tl/tl_ble_hci.o
 .debug_abbrev  0x0000000000001ca7      0x263 ./Application/Common/tl/tl_ble_io.o
 .debug_abbrev  0x0000000000001f0a      0x29f ./Application/Common/tl/tl_ble_reassembly.o
 .debug_abbrev  0x00000000000021a9      0x2ab ./Application/Common/tl/tl_ble_spi.o
 .debug_abbrev  0x0000000000002454      0x308 ./Application/Common/utilities/list.o
 .debug_abbrev  0x000000000000275c      0x34b ./Application/Common/utilities/lpm.o
 .debug_abbrev  0x0000000000002aa7      0x33f ./Application/Common/utilities/memory_manager.o
 .debug_abbrev  0x0000000000002de6      0x346 ./Application/Common/utilities/scheduler.o
 .debug_abbrev  0x000000000000312c      0x114 ./Application/P2P_LB_Example/crc.o
 .debug_abbrev  0x0000000000003240      0x306 ./Application/P2P_LB_Example/lb_demo.o
 .debug_abbrev  0x0000000000003546      0x29a ./Application/P2P_LB_Example/lb_server_app.o
 .debug_abbrev  0x00000000000037e0      0x489 ./Application/P2P_LB_Example/main.o
 .debug_abbrev  0x0000000000003c69      0x35b ./Application/P2P_LB_Example/save.o
 .debug_abbrev  0x0000000000003fc4      0x266 ./Application/P2P_LB_Example/stm32l4xx_it.o
 .debug_abbrev  0x000000000000422a      0x174 ./Application/P2P_LB_Example/system_stm32l4xx.o
 .debug_abbrev  0x000000000000439e      0x43d ./Drivers/BSP/STM32L475x_IoT_Discovery/stm32l475e_iot01.o
 .debug_abbrev  0x00000000000047db       0x12 ./Drivers/CMSIS/startup_stm32l475xx.o
 .debug_abbrev  0x00000000000047ed      0x2cd ./Drivers/STM32L4xx_HAL_Drivers/stm32l4xx_hal.o
 .debug_abbrev  0x0000000000004aba      0x398 ./Drivers/STM32L4xx_HAL_Drivers/stm32l4xx_hal_cortex.o
 .debug_abbrev  0x0000000000004e52      0x281 ./Drivers/STM32L4xx_HAL_Drivers/stm32l4xx_hal_dma.o
 .debug_abbrev  0x00000000000050d3      0x3a0 ./Drivers/STM32L4xx_HAL_Drivers/stm32l4xx_hal_flash.o
 .debug_abbrev  0x0000000000005473      0x2bc ./Drivers/STM32L4xx_HAL_Drivers/stm32l4xx_hal_flash_ex.o
 .debug_abbrev  0x000000000000572f      0x214 ./Drivers/STM32L4xx_HAL_Drivers/stm32l4xx_hal_gpio.o
 .debug_abbrev  0x0000000000005943      0x1be ./Drivers/STM32L4xx_HAL_Drivers/stm32l4xx_hal_pwr.o
 .debug_abbrev  0x0000000000005b01      0x2d0 ./Drivers/STM32L4xx_HAL_Drivers/stm32l4xx_hal_pwr_ex.o
 .debug_abbrev  0x0000000000005dd1      0x290 ./Drivers/STM32L4xx_HAL_Drivers/stm32l4xx_hal_rcc.o
 .debug_abbrev  0x0000000000006061      0x2d0 ./Drivers/STM32L4xx_HAL_Drivers/stm32l4xx_hal_rtc.o
 .debug_abbrev  0x0000000000006331      0x279 ./Drivers/STM32L4xx_HAL_Drivers/stm32l4xx_hal_rtc_ex.o
 .debug_abbrev  0x00000000000065aa      0x35b ./Drivers/STM32L4xx_HAL_Drivers/stm32l4xx_hal_spi.o

.debug_loc      0x0000000000000000     0xecd4
 .debug_loc     0x0000000000000000     0x1e34 ./Application/Common/ble_core/bluenrg_gap_aci.o
 .debug_loc     0x0000000000001e34     0x28a4 ./Application/Common/ble_core/bluenrg_gatt_aci.o
 .debug_loc     0x00000000000046d8      0x367 ./Application/Common/ble_core/bluenrg_hal_aci.o
 .debug_loc     0x0000000000004a3f       0xde ./Application/Common/ble_core/osal.o
 .debug_loc     0x0000000000004b1d      0x127 ./Application/Common/ble_services/lbs_stm.o
 .debug_loc     0x0000000000004c44      0x11d ./Application/Common/ble_services/svc_ctl.o
 .debug_loc     0x0000000000004d61       0x4a ./Application/Common/hw_interface/hw_lpm.o
 .debug_loc     0x0000000000004dab      0x939 ./Application/Common/hw_interface/hw_spi.o
 .debug_loc     0x00000000000056e4      0x9d8 ./Application/Common/hw_interface/hw_timerserver.o
 .debug_loc     0x00000000000060bc      0x318 ./Application/Common/tl/tl_ble_hci.o
 .debug_loc     0x00000000000063d4      0x147 ./Application/Common/tl/tl_ble_io.o
 .debug_loc     0x000000000000651b       0xfe ./Application/Common/tl/tl_ble_reassembly.o
 .debug_loc     0x0000000000006619      0x13f ./Application/Common/tl/tl_ble_spi.o
 .debug_loc     0x0000000000006758      0x3fa ./Application/Common/utilities/list.o
 .debug_loc     0x0000000000006b52      0x183 ./Application/Common/utilities/lpm.o
 .debug_loc     0x0000000000006cd5      0x1a1 ./Application/Common/utilities/memory_manager.o
 .debug_loc     0x0000000000006e76      0x2e1 ./Application/Common/utilities/scheduler.o
 .debug_loc     0x0000000000007157      0x1e0 ./Application/P2P_LB_Example/crc.o
 .debug_loc     0x0000000000007337       0xdc ./Application/P2P_LB_Example/lb_demo.o
 .debug_loc     0x0000000000007413      0x1e3 ./Application/P2P_LB_Example/lb_server_app.o
 .debug_loc     0x00000000000075f6      0x16f ./Application/P2P_LB_Example/main.o
 .debug_loc     0x0000000000007765      0x347 ./Application/P2P_LB_Example/save.o
 .debug_loc     0x0000000000007aac      0x1eb ./Application/P2P_LB_Example/system_stm32l4xx.o
 .debug_loc     0x0000000000007c97      0xb62 ./Drivers/BSP/STM32L475x_IoT_Discovery/stm32l475e_iot01.o
 .debug_loc     0x00000000000087f9      0x242 ./Drivers/STM32L4xx_HAL_Drivers/stm32l4xx_hal.o
 .debug_loc     0x0000000000008a3b      0x5d3 ./Drivers/STM32L4xx_HAL_Drivers/stm32l4xx_hal_cortex.o
 .debug_loc     0x000000000000900e      0x6af ./Drivers/STM32L4xx_HAL_Drivers/stm32l4xx_hal_dma.o
 .debug_loc     0x00000000000096bd      0x53c ./Drivers/STM32L4xx_HAL_Drivers/stm32l4xx_hal_flash.o
 .debug_loc     0x0000000000009bf9      0x77f ./Drivers/STM32L4xx_HAL_Drivers/stm32l4xx_hal_flash_ex.o
 .debug_loc     0x000000000000a378      0x37f ./Drivers/STM32L4xx_HAL_Drivers/stm32l4xx_hal_gpio.o
 .debug_loc     0x000000000000a6f7      0x184 ./Drivers/STM32L4xx_HAL_Drivers/stm32l4xx_hal_pwr.o
 .debug_loc     0x000000000000a87b      0x787 ./Drivers/STM32L4xx_HAL_Drivers/stm32l4xx_hal_pwr_ex.o
 .debug_loc     0x000000000000b002      0x7e8 ./Drivers/STM32L4xx_HAL_Drivers/stm32l4xx_hal_rcc.o
 .debug_loc     0x000000000000b7ea      0xaa4 ./Drivers/STM32L4xx_HAL_Drivers/stm32l4xx_hal_rtc.o
 .debug_loc     0x000000000000c28e      0xc44 ./Drivers/STM32L4xx_HAL_Drivers/stm32l4xx_hal_rtc_ex.o
 .debug_loc     0x000000000000ced2     0x1e02 ./Drivers/STM32L4xx_HAL_Drivers/stm32l4xx_hal_spi.o

.debug_aranges  0x0000000000000000     0x1410
 .debug_aranges
                0x0000000000000000      0x130 ./Application/Common/ble_core/bluenrg_gap_aci.o
 .debug_aranges
                0x0000000000000130      0x178 ./Application/Common/ble_core/bluenrg_gatt_aci.o
 .debug_aranges
                0x00000000000002a8       0x68 ./Application/Common/ble_core/bluenrg_hal_aci.o
 .debug_aranges
                0x0000000000000310       0x28 ./Application/Common/ble_core/osal.o
 .debug_aranges
                0x0000000000000338       0x38 ./Application/Common/ble_services/lbs_stm.o
 .debug_aranges
                0x0000000000000370       0x58 ./Application/Common/ble_services/svc_ctl.o
 .debug_aranges
                0x00000000000003c8       0x28 ./Application/Common/hw_interface/hw_lpm.o
 .debug_aranges
                0x00000000000003f0       0xd8 ./Application/Common/hw_interface/hw_spi.o
 .debug_aranges
                0x00000000000004c8       0x80 ./Application/Common/hw_interface/hw_timerserver.o
 .debug_aranges
                0x0000000000000548       0x48 ./Application/Common/tl/tl_ble_hci.o
 .debug_aranges
                0x0000000000000590       0x60 ./Application/Common/tl/tl_ble_io.o
 .debug_aranges
                0x00000000000005f0       0x40 ./Application/Common/tl/tl_ble_reassembly.o
 .debug_aranges
                0x0000000000000630       0x40 ./Application/Common/tl/tl_ble_spi.o
 .debug_aranges
                0x0000000000000670       0x78 ./Application/Common/utilities/list.o
 .debug_aranges
                0x00000000000006e8       0x48 ./Application/Common/utilities/lpm.o
 .debug_aranges
                0x0000000000000730       0x30 ./Application/Common/utilities/memory_manager.o
 .debug_aranges
                0x0000000000000760       0x60 ./Application/Common/utilities/scheduler.o
 .debug_aranges
                0x00000000000007c0       0x30 ./Application/P2P_LB_Example/crc.o
 .debug_aranges
                0x00000000000007f0       0x40 ./Application/P2P_LB_Example/lb_demo.o
 .debug_aranges
                0x0000000000000830       0x40 ./Application/P2P_LB_Example/lb_server_app.o
 .debug_aranges
                0x0000000000000870       0x70 ./Application/P2P_LB_Example/main.o
 .debug_aranges
                0x00000000000008e0       0x40 ./Application/P2P_LB_Example/save.o
 .debug_aranges
                0x0000000000000920       0x70 ./Application/P2P_LB_Example/stm32l4xx_it.o
 .debug_aranges
                0x0000000000000990       0x28 ./Application/P2P_LB_Example/system_stm32l4xx.o
 .debug_aranges
                0x00000000000009b8       0xf0 ./Drivers/BSP/STM32L475x_IoT_Discovery/stm32l475e_iot01.o
 .debug_aranges
                0x0000000000000aa8       0x28 ./Drivers/CMSIS/startup_stm32l475xx.o
 .debug_aranges
                0x0000000000000ad0      0x128 ./Drivers/STM32L4xx_HAL_Drivers/stm32l4xx_hal.o
 .debug_aranges
                0x0000000000000bf8       0xa8 ./Drivers/STM32L4xx_HAL_Drivers/stm32l4xx_hal_cortex.o
 .debug_aranges
                0x0000000000000ca0       0x78 ./Drivers/STM32L4xx_HAL_Drivers/stm32l4xx_hal_dma.o
 .debug_aranges
                0x0000000000000d18       0x78 ./Drivers/STM32L4xx_HAL_Drivers/stm32l4xx_hal_flash.o
 .debug_aranges
                0x0000000000000d90       0x50 ./Drivers/STM32L4xx_HAL_Drivers/stm32l4xx_hal_flash_ex.o
 .debug_aranges
                0x0000000000000de0       0x58 ./Drivers/STM32L4xx_HAL_Drivers/stm32l4xx_hal_gpio.o
 .debug_aranges
                0x0000000000000e38       0x98 ./Drivers/STM32L4xx_HAL_Drivers/stm32l4xx_hal_pwr.o
 .debug_aranges
                0x0000000000000ed0      0x138 ./Drivers/STM32L4xx_HAL_Drivers/stm32l4xx_hal_pwr_ex.o
 .debug_aranges
                0x0000000000001008       0x88 ./Drivers/STM32L4xx_HAL_Drivers/stm32l4xx_hal_rcc.o
 .debug_aranges
                0x0000000000001090       0xd8 ./Drivers/STM32L4xx_HAL_Drivers/stm32l4xx_hal_rtc.o
 .debug_aranges
                0x0000000000001168      0x118 ./Drivers/STM32L4xx_HAL_Drivers/stm32l4xx_hal_rtc_ex.o
 .debug_aranges
                0x0000000000001280      0x190 ./Drivers/STM32L4xx_HAL_Drivers/stm32l4xx_hal_spi.o

.debug_ranges   0x0000000000000000     0x1b70
 .debug_ranges  0x0000000000000000      0x120 ./Application/Common/ble_core/bluenrg_gap_aci.o
 .debug_ranges  0x0000000000000120      0x168 ./Application/Common/ble_core/bluenrg_gatt_aci.o
 .debug_ranges  0x0000000000000288       0x58 ./Application/Common/ble_core/bluenrg_hal_aci.o
 .debug_ranges  0x00000000000002e0       0x18 ./Application/Common/ble_core/osal.o
 .debug_ranges  0x00000000000002f8       0x28 ./Application/Common/ble_services/lbs_stm.o
 .debug_ranges  0x0000000000000320       0x48 ./Application/Common/ble_services/svc_ctl.o
 .debug_ranges  0x0000000000000368       0x18 ./Application/Common/hw_interface/hw_lpm.o
 .debug_ranges  0x0000000000000380      0x2c8 ./Application/Common/hw_interface/hw_spi.o
 .debug_ranges  0x0000000000000648      0x1e0 ./Application/Common/hw_interface/hw_timerserver.o
 .debug_ranges  0x0000000000000828       0xe0 ./Application/Common/tl/tl_ble_hci.o
 .debug_ranges  0x0000000000000908       0x50 ./Application/Common/tl/tl_ble_io.o
 .debug_ranges  0x0000000000000958       0x30 ./Application/Common/tl/tl_ble_reassembly.o
 .debug_ranges  0x0000000000000988       0x30 ./Application/Common/tl/tl_ble_spi.o
 .debug_ranges  0x00000000000009b8       0x98 ./Application/Common/utilities/list.o
 .debug_ranges  0x0000000000000a50       0x38 ./Application/Common/utilities/lpm.o
 .debug_ranges  0x0000000000000a88       0x50 ./Application/Common/utilities/memory_manager.o
 .debug_ranges  0x0000000000000ad8       0x68 ./Application/Common/utilities/scheduler.o
 .debug_ranges  0x0000000000000b40       0x20 ./Application/P2P_LB_Example/crc.o
 .debug_ranges  0x0000000000000b60       0x30 ./Application/P2P_LB_Example/lb_demo.o
 .debug_ranges  0x0000000000000b90       0x30 ./Application/P2P_LB_Example/lb_server_app.o
 .debug_ranges  0x0000000000000bc0       0xa8 ./Application/P2P_LB_Example/main.o
 .debug_ranges  0x0000000000000c68       0x60 ./Application/P2P_LB_Example/save.o
 .debug_ranges  0x0000000000000cc8       0x60 ./Application/P2P_LB_Example/stm32l4xx_it.o
 .debug_ranges  0x0000000000000d28       0x18 ./Application/P2P_LB_Example/system_stm32l4xx.o
 .debug_ranges  0x0000000000000d40      0x1c8 ./Drivers/BSP/STM32L475x_IoT_Discovery/stm32l475e_iot01.o
 .debug_ranges  0x0000000000000f08       0x20 ./Drivers/CMSIS/startup_stm32l475xx.o
 .debug_ranges  0x0000000000000f28      0x118 ./Drivers/STM32L4xx_HAL_Drivers/stm32l4xx_hal.o
 .debug_ranges  0x0000000000001040      0x150 ./Drivers/STM32L4xx_HAL_Drivers/stm32l4xx_hal_cortex.o
 .debug_ranges  0x0000000000001190       0x80 ./Drivers/STM32L4xx_HAL_Drivers/stm32l4xx_hal_dma.o
 .debug_ranges  0x0000000000001210       0x80 ./Drivers/STM32L4xx_HAL_Drivers/stm32l4xx_hal_flash.o
 .debug_ranges  0x0000000000001290      0x138 ./Drivers/STM32L4xx_HAL_Drivers/stm32l4xx_hal_flash_ex.o
 .debug_ranges  0x00000000000013c8       0x68 ./Drivers/STM32L4xx_HAL_Drivers/stm32l4xx_hal_gpio.o
 .debug_ranges  0x0000000000001430       0x88 ./Drivers/STM32L4xx_HAL_Drivers/stm32l4xx_hal_pwr.o
 .debug_ranges  0x00000000000014b8      0x140 ./Drivers/STM32L4xx_HAL_Drivers/stm32l4xx_hal_pwr_ex.o
 .debug_ranges  0x00000000000015f8       0x98 ./Drivers/STM32L4xx_HAL_Drivers/stm32l4xx_hal_rcc.o
 .debug_ranges  0x0000000000001690      0x168 ./Drivers/STM32L4xx_HAL_Drivers/stm32l4xx_hal_rtc.o
 .debug_ranges  0x00000000000017f8      0x108 ./Drivers/STM32L4xx_HAL_Drivers/stm32l4xx_hal_rtc_ex.o
 .debug_ranges  0x0000000000001900      0x270 ./Drivers/STM32L4xx_HAL_Drivers/stm32l4xx_hal_spi.o

.debug_macro    0x0000000000000000    0x30042
 .debug_macro   0x0000000000000000       0xe6 ./Application/Common/ble_core/bluenrg_gap_aci.o
 .debug_macro   0x00000000000000e6      0xac0 ./Application/Common/ble_core/bluenrg_gap_aci.o
 .debug_macro   0x0000000000000ba6       0x22 ./Application/Common/ble_core/bluenrg_gap_aci.o
 .debug_macro   0x0000000000000bc8       0x8e ./Application/Common/ble_core/bluenrg_gap_aci.o
 .debug_macro   0x0000000000000c56       0x51 ./Application/Common/ble_core/bluenrg_gap_aci.o
 .debug_macro   0x0000000000000ca7      0x103 ./Application/Common/ble_core/bluenrg_gap_aci.o
 .debug_macro   0x0000000000000daa       0x6a ./Application/Common/ble_core/bluenrg_gap_aci.o
 .debug_macro   0x0000000000000e14      0x1df ./Application/Common/ble_core/bluenrg_gap_aci.o
 .debug_macro   0x0000000000000ff3       0x3a ./Application/Common/ble_core/bluenrg_gap_aci.o
 .debug_macro   0x000000000000102d      0x15a ./Application/Common/ble_core/bluenrg_gap_aci.o
 .debug_macro   0x0000000000001187       0x16 ./Application/Common/ble_core/bluenrg_gap_aci.o
 .debug_macro   0x000000000000119d       0xa0 ./Application/Common/ble_core/bluenrg_gap_aci.o
 .debug_macro   0x000000000000123d      0x38f ./Application/Common/ble_core/bluenrg_gap_aci.o
 .debug_macro   0x00000000000015cc      0x172 ./Application/Common/ble_core/bluenrg_gap_aci.o
 .debug_macro   0x000000000000173e      0x4c3 ./Application/Common/ble_core/bluenrg_gap_aci.o
 .debug_macro   0x0000000000001c01       0x42 ./Application/Common/ble_core/bluenrg_gap_aci.o
 .debug_macro   0x0000000000001c43      0x19b ./Application/Common/ble_core/bluenrg_gap_aci.o
 .debug_macro   0x0000000000001dde       0xe6 ./Application/Common/ble_core/bluenrg_gatt_aci.o
 .debug_macro   0x0000000000001ec4       0xab ./Application/Common/ble_core/bluenrg_gatt_aci.o
 .debug_macro   0x0000000000001f6f       0xe6 ./Application/Common/ble_core/bluenrg_hal_aci.o
 .debug_macro   0x0000000000002055      0x264 ./Application/Common/ble_core/bluenrg_hal_aci.o
 .debug_macro   0x00000000000022b9      0x10f ./Application/Common/ble_core/osal.o
 .debug_macro   0x00000000000023c8       0x4c ./Application/Common/ble_core/osal.o
 .debug_macro   0x0000000000002414       0x18 ./Application/Common/ble_core/osal.o
 .debug_macro   0x000000000000242c       0x94 ./Application/Common/ble_core/osal.o
 .debug_macro   0x00000000000024c0       0x3c ./Application/Common/ble_core/osal.o
 .debug_macro   0x00000000000024fc       0x34 ./Application/Common/ble_core/osal.o
 .debug_macro   0x0000000000002530      0x174 ./Application/Common/ble_core/osal.o
 .debug_macro   0x00000000000026a4       0x16 ./Application/Common/ble_core/osal.o
 .debug_macro   0x00000000000026ba       0x43 ./Application/Common/ble_core/osal.o
 .debug_macro   0x00000000000026fd       0x57 ./Application/Common/ble_core/osal.o
 .debug_macro   0x0000000000002754       0x34 ./Application/Common/ble_core/osal.o
 .debug_macro   0x0000000000002788       0x10 ./Application/Common/ble_core/osal.o
 .debug_macro   0x0000000000002798       0x58 ./Application/Common/ble_core/osal.o
 .debug_macro   0x00000000000027f0       0x71 ./Application/Common/ble_core/osal.o
 .debug_macro   0x0000000000002861       0x1c ./Application/Common/ble_core/osal.o
 .debug_macro   0x000000000000287d      0x12a ./Application/Common/ble_core/osal.o
 .debug_macro   0x00000000000029a7      0x339 ./Application/Common/ble_core/osal.o
 .debug_macro   0x0000000000002ce0       0x10 ./Application/Common/ble_core/osal.o
 .debug_macro   0x0000000000002cf0       0x35 ./Application/Common/ble_core/osal.o
 .debug_macro   0x0000000000002d25       0x20 ./Application/Common/ble_core/osal.o
 .debug_macro   0x0000000000002d45      0x513 ./Application/Common/ble_services/lbs_stm.o
 .debug_macro   0x0000000000003258       0x52 ./Application/Common/ble_services/lbs_stm.o
 .debug_macro   0x00000000000032aa       0x1c ./Application/Common/ble_services/lbs_stm.o
 .debug_macro   0x00000000000032c6       0x10 ./Application/Common/ble_services/lbs_stm.o
 .debug_macro   0x00000000000032d6       0x10 ./Application/Common/ble_services/lbs_stm.o
 .debug_macro   0x00000000000032e6       0x1c ./Application/Common/ble_services/lbs_stm.o
 .debug_macro   0x0000000000003302       0x52 ./Application/Common/ble_services/lbs_stm.o
 .debug_macro   0x0000000000003354       0x22 ./Application/Common/ble_services/lbs_stm.o
 .debug_macro   0x0000000000003376       0x10 ./Application/Common/ble_services/lbs_stm.o
 .debug_macro   0x0000000000003386       0x40 ./Application/Common/ble_services/lbs_stm.o
 .debug_macro   0x00000000000033c6       0xd5 ./Application/Common/ble_services/lbs_stm.o
 .debug_macro   0x000000000000349b       0x1c ./Application/Common/ble_services/lbs_stm.o
 .debug_macro   0x00000000000034b7       0x3d ./Application/Common/ble_services/lbs_stm.o
 .debug_macro   0x00000000000034f4       0x16 ./Application/Common/ble_services/lbs_stm.o
 .debug_macro   0x000000000000350a      0x145 ./Application/Common/ble_services/lbs_stm.o
 .debug_macro   0x000000000000364f       0x16 ./Application/Common/ble_services/lbs_stm.o
 .debug_macro   0x0000000000003665       0x16 ./Application/Common/ble_services/lbs_stm.o
 .debug_macro   0x000000000000367b       0x29 ./Application/Common/ble_services/lbs_stm.o
 .debug_macro   0x00000000000036a4       0x4c ./Application/Common/ble_services/lbs_stm.o
 .debug_macro   0x00000000000036f0       0x2e ./Application/Common/ble_services/lbs_stm.o
 .debug_macro   0x000000000000371e       0x28 ./Application/Common/ble_services/lbs_stm.o
 .debug_macro   0x0000000000003746       0x1c ./Application/Common/ble_services/lbs_stm.o
 .debug_macro   0x0000000000003762       0x22 ./Application/Common/ble_services/lbs_stm.o
 .debug_macro   0x0000000000003784       0xfb ./Application/Common/ble_services/lbs_stm.o
 .debug_macro   0x000000000000387f     0x1011 ./Application/Common/ble_services/lbs_stm.o
 .debug_macro   0x0000000000004890      0x11f ./Application/Common/ble_services/lbs_stm.o
 .debug_macro   0x00000000000049af    0x19db6 ./Application/Common/ble_services/lbs_stm.o
 .debug_macro   0x000000000001e765       0x43 ./Application/Common/ble_services/lbs_stm.o
 .debug_macro   0x000000000001e7a8       0xb4 ./Application/Common/ble_services/lbs_stm.o
 .debug_macro   0x000000000001e85c     0x3897 ./Application/Common/ble_services/lbs_stm.o
 .debug_macro   0x00000000000220f3       0x56 ./Application/Common/ble_services/lbs_stm.o
 .debug_macro   0x0000000000022149     0x1519 ./Application/Common/ble_services/lbs_stm.o
 .debug_macro   0x0000000000023662      0x59e ./Application/Common/ble_services/lbs_stm.o
 .debug_macro   0x0000000000023c00      0x6fa ./Application/Common/ble_services/lbs_stm.o
 .debug_macro   0x00000000000242fa      0x13d ./Application/Common/ble_services/lbs_stm.o
 .debug_macro   0x0000000000024437      0x17d ./Application/Common/ble_services/lbs_stm.o
 .debug_macro   0x00000000000245b4      0x125 ./Application/Common/ble_services/lbs_stm.o
 .debug_macro   0x00000000000246d9      0x16a ./Application/Common/ble_services/lbs_stm.o
 .debug_macro   0x0000000000024843      0x26b ./Application/Common/ble_services/lbs_stm.o
 .debug_macro   0x0000000000024aae      0x23d ./Application/Common/ble_services/lbs_stm.o
 .debug_macro   0x0000000000024ceb      0x37c ./Application/Common/ble_services/lbs_stm.o
 .debug_macro   0x0000000000025067       0xd6 ./Application/Common/ble_services/lbs_stm.o
 .debug_macro   0x000000000002513d      0x322 ./Application/Common/ble_services/lbs_stm.o
 .debug_macro   0x000000000002545f      0x22c ./Application/Common/ble_services/lbs_stm.o
 .debug_macro   0x000000000002568b       0x61 ./Application/Common/ble_services/lbs_stm.o
 .debug_macro   0x00000000000256ec       0xa5 ./Application/Common/ble_services/lbs_stm.o
 .debug_macro   0x0000000000025791      0x122 ./Application/Common/ble_services/lbs_stm.o
 .debug_macro   0x00000000000258b3      0x3e9 ./Application/Common/ble_services/lbs_stm.o
 .debug_macro   0x0000000000025c9c      0x31a ./Application/Common/ble_services/lbs_stm.o
 .debug_macro   0x0000000000025fb6      0x4fb ./Application/Common/ble_services/lbs_stm.o
 .debug_macro   0x00000000000264b1       0xe4 ./Application/Common/ble_services/lbs_stm.o
 .debug_macro   0x0000000000026595      0x2fe ./Application/Common/ble_services/lbs_stm.o
 .debug_macro   0x0000000000026893      0x5ba ./Application/Common/ble_services/lbs_stm.o
 .debug_macro   0x0000000000026e4d       0x44 ./Application/Common/ble_services/lbs_stm.o
 .debug_macro   0x0000000000026e91      0x331 ./Application/Common/ble_services/lbs_stm.o
 .debug_macro   0x00000000000271c2      0x208 ./Application/Common/ble_services/lbs_stm.o
 .debug_macro   0x00000000000273ca      0x1a7 ./Application/Common/ble_services/lbs_stm.o
 .debug_macro   0x0000000000027571      0x4bb ./Application/Common/ble_services/lbs_stm.o
 .debug_macro   0x0000000000027a2c      0x1c5 ./Application/Common/ble_services/lbs_stm.o
 .debug_macro   0x0000000000027bf1      0x2c4 ./Application/Common/ble_services/lbs_stm.o
 .debug_macro   0x0000000000027eb5       0x43 ./Application/Common/ble_services/lbs_stm.o
 .debug_macro   0x0000000000027ef8       0x9a ./Application/Common/ble_services/lbs_stm.o
 .debug_macro   0x0000000000027f92      0x195 ./Application/Common/ble_services/lbs_stm.o
 .debug_macro   0x0000000000028127      0x2d7 ./Application/Common/ble_services/lbs_stm.o
 .debug_macro   0x00000000000283fe       0x88 ./Application/Common/ble_services/lbs_stm.o
 .debug_macro   0x0000000000028486      0x38f ./Application/Common/ble_services/lbs_stm.o
 .debug_macro   0x0000000000028815       0x1d ./Application/Common/ble_services/lbs_stm.o
 .debug_macro   0x0000000000028832      0x172 ./Application/Common/ble_services/lbs_stm.o
 .debug_macro   0x00000000000289a4      0x1b7 ./Application/Common/ble_services/lbs_stm.o
 .debug_macro   0x0000000000028b5b      0x43a ./Application/Common/ble_services/svc_ctl.o