sample_service.c:112:12:Add_Sample_Service	56	static
sample_service.c:173:6:Make_Connection	72	static
sample_service.c:220:6:startReadTXCharHandle	40	static
sample_service.c:237:6:startReadRXCharHandle	40	static
sample_service.c:256:6:receiveData	24	static
sample_service.c:273:6:sendData	24	static
sample_service.c:288:6:enableNotification	16	static
sample_service.c:302:6:whynotwork	32	static
sample_service.c:321:6:Attribute_Modified_CB	24	static
sample_service.c:409:6:Read_Request_CB	40	static
sample_service.c:431:6:GAP_ConnectionComplete_CB	24	static
sample_service.c:448:6:GAP_DisconnectionComplete_CB	8	static
sample_service.c:469:6:GATT_Notification_CB	16	static
sample_service.c:483:6:user_notify	56	static
