Archive member included to satisfy reference by file (symbol)

d:/cubeide/stm32cubeide_1.7.0/stm32cubeide/plugins/com.st.stm32cube.ide.mcu.externaltools.gnu-tools-for-stm32.9-2020-q2-update.win32_2.0.0.202105311346/tools/bin/../lib/gcc/arm-none-eabi/9.3.1/../../../../arm-none-eabi/lib/thumb/v7e-m+fp/hard\libc_nano.a(lib_a-errno.o)
                              ./SW4STM32/syscalls.o (__errno)
d:/cubeide/stm32cubeide_1.7.0/stm32cubeide/plugins/com.st.stm32cube.ide.mcu.externaltools.gnu-tools-for-stm32.9-2020-q2-update.win32_2.0.0.202105311346/tools/bin/../lib/gcc/arm-none-eabi/9.3.1/../../../../arm-none-eabi/lib/thumb/v7e-m+fp/hard\libc_nano.a(lib_a-exit.o)
                              d:/cubeide/stm32cubeide_1.7.0/stm32cubeide/plugins/com.st.stm32cube.ide.mcu.externaltools.gnu-tools-for-stm32.9-2020-q2-update.win32_2.0.0.202105311346/tools/bin/../lib/gcc/arm-none-eabi/9.3.1/../../../../arm-none-eabi/lib/thumb/v7e-m+fp/hard/crt0.o (exit)
d:/cubeide/stm32cubeide_1.7.0/stm32cubeide/plugins/com.st.stm32cube.ide.mcu.externaltools.gnu-tools-for-stm32.9-2020-q2-update.win32_2.0.0.202105311346/tools/bin/../lib/gcc/arm-none-eabi/9.3.1/../../../../arm-none-eabi/lib/thumb/v7e-m+fp/hard\libc_nano.a(lib_a-impure.o)
                              d:/cubeide/stm32cubeide_1.7.0/stm32cubeide/plugins/com.st.stm32cube.ide.mcu.externaltools.gnu-tools-for-stm32.9-2020-q2-update.win32_2.0.0.202105311346/tools/bin/../lib/gcc/arm-none-eabi/9.3.1/../../../../arm-none-eabi/lib/thumb/v7e-m+fp/hard\libc_nano.a(lib_a-exit.o) (_global_impure_ptr)
d:/cubeide/stm32cubeide_1.7.0/stm32cubeide/plugins/com.st.stm32cube.ide.mcu.externaltools.gnu-tools-for-stm32.9-2020-q2-update.win32_2.0.0.202105311346/tools/bin/../lib/gcc/arm-none-eabi/9.3.1/../../../../arm-none-eabi/lib/thumb/v7e-m+fp/hard\libc_nano.a(lib_a-init.o)
                              d:/cubeide/stm32cubeide_1.7.0/stm32cubeide/plugins/com.st.stm32cube.ide.mcu.externaltools.gnu-tools-for-stm32.9-2020-q2-update.win32_2.0.0.202105311346/tools/bin/../lib/gcc/arm-none-eabi/9.3.1/../../../../arm-none-eabi/lib/thumb/v7e-m+fp/hard/crt0.o (__libc_init_array)
d:/cubeide/stm32cubeide_1.7.0/stm32cubeide/plugins/com.st.stm32cube.ide.mcu.externaltools.gnu-tools-for-stm32.9-2020-q2-update.win32_2.0.0.202105311346/tools/bin/../lib/gcc/arm-none-eabi/9.3.1/../../../../arm-none-eabi/lib/thumb/v7e-m+fp/hard\libc_nano.a(lib_a-memcpy-stub.o)
                              ./Application/User/save.o (memcpy)
d:/cubeide/stm32cubeide_1.7.0/stm32cubeide/plugins/com.st.stm32cube.ide.mcu.externaltools.gnu-tools-for-stm32.9-2020-q2-update.win32_2.0.0.202105311346/tools/bin/../lib/gcc/arm-none-eabi/9.3.1/../../../../arm-none-eabi/lib/thumb/v7e-m+fp/hard\libc_nano.a(lib_a-memset.o)
                              d:/cubeide/stm32cubeide_1.7.0/stm32cubeide/plugins/com.st.stm32cube.ide.mcu.externaltools.gnu-tools-for-stm32.9-2020-q2-update.win32_2.0.0.202105311346/tools/bin/../lib/gcc/arm-none-eabi/9.3.1/../../../../arm-none-eabi/lib/thumb/v7e-m+fp/hard/crt0.o (memset)
d:/cubeide/stm32cubeide_1.7.0/stm32cubeide/plugins/com.st.stm32cube.ide.mcu.externaltools.gnu-tools-for-stm32.9-2020-q2-update.win32_2.0.0.202105311346/tools/bin/../lib/gcc/arm-none-eabi/9.3.1/../../../../arm-none-eabi/lib/thumb/v7e-m+fp/hard\libc_nano.a(lib_a-printf.o)
                              ./Application/User/main.o (printf)
d:/cubeide/stm32cubeide_1.7.0/stm32cubeide/plugins/com.st.stm32cube.ide.mcu.externaltools.gnu-tools-for-stm32.9-2020-q2-update.win32_2.0.0.202105311346/tools/bin/../lib/gcc/arm-none-eabi/9.3.1/../../../../arm-none-eabi/lib/thumb/v7e-m+fp/hard\libc_nano.a(lib_a-puts.o)
                              ./Application/User/LPMwRTC.o (puts)
d:/cubeide/stm32cubeide_1.7.0/stm32cubeide/plugins/com.st.stm32cube.ide.mcu.externaltools.gnu-tools-for-stm32.9-2020-q2-update.win32_2.0.0.202105311346/tools/bin/../lib/gcc/arm-none-eabi/9.3.1/../../../../arm-none-eabi/lib/thumb/v7e-m+fp/hard\libc_nano.a(lib_a-sprintf.o)
                              ./Application/User/main.o (sprintf)
d:/cubeide/stm32cubeide_1.7.0/stm32cubeide/plugins/com.st.stm32cube.ide.mcu.externaltools.gnu-tools-for-stm32.9-2020-q2-update.win32_2.0.0.202105311346/tools/bin/../lib/gcc/arm-none-eabi/9.3.1/../../../../arm-none-eabi/lib/thumb/v7e-m+fp/hard\libc_nano.a(lib_a-strcpy.o)
                              ./Application/WIFI/es_wifi.o (strcpy)
d:/cubeide/stm32cubeide_1.7.0/stm32cubeide/plugins/com.st.stm32cube.ide.mcu.externaltools.gnu-tools-for-stm32.9-2020-q2-update.win32_2.0.0.202105311346/tools/bin/../lib/gcc/arm-none-eabi/9.3.1/../../../../arm-none-eabi/lib/thumb/v7e-m+fp/hard\libc_nano.a(lib_a-strlen.o)
                              ./Application/User/main.o (strlen)
d:/cubeide/stm32cubeide_1.7.0/stm32cubeide/plugins/com.st.stm32cube.ide.mcu.externaltools.gnu-tools-for-stm32.9-2020-q2-update.win32_2.0.0.202105311346/tools/bin/../lib/gcc/arm-none-eabi/9.3.1/../../../../arm-none-eabi/lib/thumb/v7e-m+fp/hard\libc_nano.a(lib_a-strncmp.o)
[...]
Memory Configuration

Name             Origin             Length             Attributes
RAM              0x0000000020000000 0x0000000000018000 xrw
RAM2             0x0000000010000000 0x0000000000008000 xrw
FLASH            0x0000000008020000 0x0000000000020000 xr
*default*        0x0000000000000000 0xffffffffffffffff

Linker script and memory map

LOAD d:/cubeide/stm32cubeide_1.7.0/stm32cubeide/plugins/com.st.stm32cube.ide.mcu.externaltools.gnu-tools-for-stm32.9-2020-q2-update.win32_2.0.0.202105311346/tools/bin/../lib/gcc/arm-none-eabi/9.3.1/thumb/v7e-m+fp/hard/crti.o
LOAD d:/cubeide/stm32cubeide_1.7.0/stm32cubeide/plugins/com.st.stm32cube.ide.mcu.externaltools.gnu-tools-for-stm32.9-2020-q2-update.win32_2.0.0.202105311346/tools/bin/../lib/gcc/arm-none-eabi/9.3.1/thumb/v7e-m+fp/hard/crtbegin.o
LOAD d:/cubeide/stm32cubeide_1.7.0/stm32cubeide/plugins/com.st.stm32cube.ide.mcu.externaltools.gnu-tools-for-stm32.9-2020-q2-update.win32_2.0.0.202105311346/tools/bin/../lib/gcc/arm-none-eabi/9.3.1/../../../../arm-none-eabi/lib/thumb/v7e-m+fp/hard/crt0.o
LOAD ./Application/User/LPMwRTC.o
LOAD ./Application/User/adc.o
LOAD ./Application/User/crc.o
LOAD ./Application/User/main.o
LOAD ./Application/User/save.o
LOAD ./Application/User/stm32l4xx_it.o
LOAD ./Application/WIFI/es_wifi.o
LOAD ./Application/WIFI/es_wifi_io.o
LOAD ./Application/WIFI/wifi.o
LOAD ./Drivers/BSP/B-L475E-IOT01/stm32l475e_iot01.o
LOAD ./Drivers/CMSIS/system_stm32l4xx.o
LOAD ./Drivers/STM32L4xx_HAL_Driver/stm32l4xx_hal.o
LOAD ./Drivers/STM32L4xx_HAL_Driver/stm32l4xx_hal_adc.o
LOAD ./Drivers/STM32L4xx_HAL_Driver/stm32l4xx_hal_adc_ex.o
LOAD ./Drivers/STM32L4xx_HAL_Driver/stm32l4xx_hal_cortex.o
LOAD ./Drivers/STM32L4xx_HAL_Driver/stm32l4xx_hal_dma.o
LOAD ./Drivers/STM32L4xx_HAL_Driver/stm32l4xx_hal_flash.o
LOAD ./Drivers/STM32L4xx_HAL_Driver/stm32l4xx_hal_flash_ex.o
LOAD ./Drivers/STM32L4xx_HAL_Driver/stm32l4xx_hal_gpio.o
LOAD ./Drivers/STM32L4xx_HAL_Driver/stm32l4xx_hal_i2c.o
LOAD ./Drivers/STM32L4xx_HAL_Driver/stm32l4xx_hal_i2c_ex.o
LOAD ./Drivers/STM32L4xx_HAL_Driver/stm32l4xx_hal_pwr.o
LOAD ./Drivers/STM32L4xx_HAL_Driver/stm32l4xx_hal_pwr_ex.o
LOAD ./Drivers/STM32L4xx_HAL_Driver/stm32l4xx_hal_rcc.o
LOAD ./Drivers/STM32L4xx_HAL_Driver/stm32l4xx_hal_rcc_ex.o
LOAD ./Drivers/STM32L4xx_HAL_Driver/stm32l4xx_hal_rtc.o
LOAD ./Drivers/STM32L4xx_HAL_Driver/stm32l4xx_hal_rtc_ex.o
LOAD ./Drivers/STM32L4xx_HAL_Driver/stm32l4xx_hal_spi.o
LOAD ./Drivers/STM32L4xx_HAL_Driver/stm32l4xx_hal_spi_ex.o
LOAD ./Drivers/STM32L4xx_HAL_Driver/stm32l4xx_hal_uart.o
LOAD ./Drivers/STM32L4xx_HAL_Driver/stm32l4xx_hal_uart_ex.o
LOAD ./SW4STM32/startup_stm32l475xx.o
LOAD ./SW4STM32/syscalls.o
START GROUP
LOAD d:/cubeide/stm32cubeide_1.7.0/stm32cubeide/plugins/com.st.stm32cube.ide.mcu.externaltools.gnu-tools-for-stm32.9-2020-q2-update.win32_2.0.0.202105311346/tools/bin/../lib/gcc/arm-none-eabi/9.3.1/../../../../arm-none-eabi/lib/thumb/v7e-m+fp/hard\libc_nano.a
LOAD d:/cubeide/stm32cubeide_1.7.0/stm32cubeide/plugins/com.st.stm32cube.ide.mcu.externaltools.gnu-tools-for-stm32.9-2020-q2-update.win32_2.0.0.202105311346/tools/bin/../lib/gcc/arm-none-eabi/9.3.1/../../../../arm-none-eabi/lib/thumb/v7e-m+fp/hard\libm.a
END GROUP
START GROUP
LOAD d:/cubeide/stm32cubeide_1.7.0/stm32cubeide/plugins/com.st.stm32cube.ide.mcu.externaltools.gnu-tools-for-stm32.9-2020-q2-update.win32_2.0.0.202105311346/tools/bin/../lib/gcc/arm-none-eabi/9.3.1/thumb/v7e-m+fp/hard\libgcc.a
LOAD d:/cubeide/stm32cubeide_1.7.0/stm32cubeide/plugins/com.st.stm32cube.ide.mcu.externaltools.gnu-tools-for-stm32.9-2020-q2-update.win32_2.0.0.202105311346/tools/bin/../lib/gcc/arm-none-eabi/9.3.1/../../../../arm-none-eabi/lib/thumb/v7e-m+fp/hard\libc_nano.a
END GROUP
START GROUP
LOAD d:/cubeide/stm32cubeide_1.7.0/stm32cubeide/plugins/com.st.stm32cube.ide.mcu.externaltools.gnu-tools-for-stm32.9-2020-q2-update.win32_2.0.0.202105311346/tools/bin/../lib/gcc/arm-none-eabi/9.3.1/thumb/v7e-m+fp/hard\libgcc.a
LOAD d:/cubeide/stm32cubeide_1.7.0/stm32cubeide/plugins/com.st.stm32cube.ide.mcu.externaltools.gnu-tools-for-stm32.9-2020-q2-update.win32_2.0.0.202105311346/tools/bin/../lib/gcc/arm-none-eabi/9.3.1/../../../../arm-none-eabi/lib/thumb/v7e-m+fp/hard\libc_nano.a
LOAD d:/cubeide/stm32cubeide_1.7.0/stm32cubeide/plugins/com.st.stm32cube.ide.mcu.externaltools.gnu-tools-for-stm32.9-2020-q2-update.win32_2.0.0.202105311346/tools/bin/../lib/gcc/arm-none-eabi/9.3.1/../../../../arm-none-eabi/lib/thumb/v7e-m+fp/hard\libnosys.a
END GROUP
START GROUP
LOAD d:/cubeide/stm32cubeide_1.7.0/stm32cubeide/plugins/com.st.stm32cube.ide.mcu.externaltools.gnu-tools-for-stm32.9-2020-q2-update.win32_2.0.0.202105311346/tools/bin/../lib/gcc/arm-none-eabi/9.3.1/thumb/v7e-m+fp/hard\libgcc.a
LOAD d:/cubeide/stm32cubeide_1.7.0/stm32cubeide/plugins/com.st.stm32cube.ide.mcu.externaltools.gnu-tools-for-stm32.9-2020-q2-update.win32_2.0.0.202105311346/tools/bin/../lib/gcc/arm-none-eabi/9.3.1/../../../../arm-none-eabi/lib/thumb/v7e-m+fp/hard\libc_nano.a
LOAD d:/cubeide/stm32cubeide_1.7.0/stm32cubeide/plugins/com.st.stm32cube.ide.mcu.externaltools.gnu-tools-for-stm32.9-2020-q2-update.win32_2.0.0.202105311346/tools/bin/../lib/gcc/arm-none-eabi/9.3.1/../../../../arm-none-eabi/lib/thumb/v7e-m+fp/hard\libnosys.a
END GROUP
LOAD d:/cubeide/stm32cubeide_1.7.0/stm32cubeide/plugins/com.st.stm32cube.ide.mcu.externaltools.gnu-tools-for-stm32.9-2020-q2-update.win32_2.0.0.202105311346/tools/bin/../lib/gcc/arm-none-eabi/9.3.1/thumb/v7e-m+fp/hard/crtend.o
LOAD d:/cubeide/stm32cubeide_1.7.0/stm32cubeide/plugins/com.st.stm32cube.ide.mcu.externaltools.gnu-tools-for-stm32.9-2020-q2-update.win32_2.0.0.202105311346/tools/bin/../lib/gcc/arm-none-eabi/9.3.1/thumb/v7e-m+fp/hard/crtn.o
                0x0000000020018000                _estack = 0x20018000
                0x0000000000010000                _Min_Heap_Size = 0x10000
                0x0000000000007000                _Min_Stack_Size = 0x7000

.isr_vector     0x0000000008020000      0x188
                0x0000000008020000                . = ALIGN (0x8)
 *(.isr_vector)
 .isr_vector    0x0000000008020000      0x188 ./SW4STM32/startup_stm32l475xx.o
                0x0000000008020000                g_pfnVectors
                0x0000000008020188                . = ALIGN (0x8)

.text           0x0000000008020190     0x67d0
                0x0000000008020190                . = ALIGN (0x8)
 *(.text)
 .text          0x0000000008020190       0x40 d:/cubeide/stm32cubeide_1.7.0/stm32cubeide/plugins/com.st.stm32cube.ide.mcu.externaltools.gnu-tools-for-stm32.9-2020-q2-update.win32_2.0.0.202105311346/tools/bin/../lib/gcc/arm-none-eabi/9.3.1/thumb/v7e-m+fp/hard/crtbegin.o
 .text          0x00000000080201d0       0x10 d:/cubeide/stm32cubeide_1.7.0/stm32cubeide/plugins/com.st.stm32cube.ide.mcu.externaltools.gnu-tools-for-stm32.9-2020-q2-update.win32_2.0.0.202105311346/tools/bin/../lib/gcc/arm-none-eabi/9.3.1/../../../../arm-none-eabi/lib/thumb/v7e-m+fp/hard\libc_nano.a(lib_a-strlen.o)
                0x00000000080201d0                strlen
 .text          0x00000000080201e0       0xa0 d:/cubeide/stm32cubeide_1.7.0/stm32cubeide/plugins/com.st.stm32cube.ide.mcu.externaltools.gnu-tools-for-stm32.9-2020-q2-update.win32_2.0.0.202105311346/tools/bin/../lib/gcc/arm-none-eabi/9.3.1/../../../../arm-none-eabi/lib/thumb/v7e-m+fp/hard\libc_nano.a(lib_a-memchr.o)
                0x00000000080201e0                memchr
 .text          0x0000000008020280      0x254 d:/cubeide/stm32cubeide_1.7.0/stm32cubeide/plugins/com.st.stm32cube.ide.mcu.externaltools.gnu-tools-for-stm32.9-2020-q2-update.win32_2.0.0.202105311346/tools/bin/../lib/gcc/arm-none-eabi/9.3.1/thumb/v7e-m+fp/hard\libgcc.a(_arm_muldf3.o)
                0x0000000008020280                __muldf3
                0x0000000008020280                __aeabi_dmul
 .text          0x00000000080204d4      0x378 d:/cubeide/stm32cubeide_1.7.0/stm32cubeide/plugins/com.st.stm32cube.ide.mcu.externaltools.gnu-tools-for-stm32.9-2020-q2-update.win32_2.0.0.202105311346/tools/bin/../lib/gcc/arm-none-eabi/9.3.1/thumb/v7e-m+fp/hard\libgcc.a(_arm_addsubdf3.o)
                0x00000000080204d4                __aeabi_drsub
                0x00000000080204dc                __aeabi_dsub
                0x00000000080204dc                __subdf3
                0x00000000080204e0                __aeabi_dadd
                0x00000000080204e0                __adddf3
                0x0000000008020758                __floatunsidf
                0x0000000008020758                __aeabi_ui2d
                0x0000000008020778                __floatsidf
                0x0000000008020778                __aeabi_i2d
                0x000000000802079c                __aeabi_f2d
                0x000000000802079c                __extendsfdf2
                0x00000000080207e0                __floatundidf
                0x00000000080207e0                __aeabi_ul2d
                0x00000000080207f0                __floatdidf
                0x00000000080207f0                __aeabi_l2d
 .text          0x000000000802084c       0x50 d:/cubeide/stm32cubeide_1.7.0/stm32cubeide/plugins/com.st.stm32cube.ide.mcu.externaltools.gnu-tools-for-stm32.9-2020-q2-update.win32_2.0.0.202105311346/tools/bin/../lib/gcc/arm-none-eabi/9.3.1/thumb/v7e-m+fp/hard\libgcc.a(_arm_fixdfsi.o)
                0x000000000802084c                __aeabi_d2iz
                0x000000000802084c                __fixdfsi
 .text          0x000000000802089c       0x30 d:/cubeide/stm32cubeide_1.7.0/stm32cubeide/plugins/com.st.stm32cube.ide.mcu.externaltools.gnu-tools-for-stm32.9-2020-q2-update.win32_2.0.0.202105311346/tools/bin/../lib/gcc/arm-none-eabi/9.3.1/thumb/v7e-m+fp/hard\libgcc.a(_aeabi_uldivmod.o)
                0x000000000802089c                __aeabi_uldivmod
 .text          0x00000000080208cc      0x2c4 d:/cubeide/stm32cubeide_1.7.0/stm32cubeide/plugins/com.st.stm32cube.ide.mcu.externaltools.gnu-tools-for-stm32.9-2020-q2-update.win32_2.0.0.202105311346/tools/bin/../lib/gcc/arm-none-eabi/9.3.1/thumb/v7e-m+fp/hard\libgcc.a(_udivmoddi4.o)
                0x00000000080208cc                __udivmoddi4
 .text          0x0000000008020b90        0x4 d:/cubeide/stm32cubeide_1.7.0/stm32cubeide/plugins/com.st.stm32cube.ide.mcu.externaltools.gnu-tools-for-stm32.9-2020-q2-update.win32_2.0.0.202105311346/tools/bin/../lib/gcc/arm-none-eabi/9.3.1/thumb/v7e-m+fp/hard\libgcc.a(_dvmd_tls.o)
                0x0000000008020b90                __aeabi_idiv0
                0x0000000008020b90                __aeabi_ldiv0
 *(.text*)
 .text.Potato_enter_standby
                0x0000000008020b94       0x38 ./Application/User/LPMwRTC.o
                0x0000000008020b94                Potato_enter_standby
 .text.HAL_RTCEx_WakeUpTimerEventCallback
                0x0000000008020bcc       0x24 ./Application/User/LPMwRTC.o
                0x0000000008020bcc                HAL_RTCEx_WakeUpTimerEventCallback
 .text.Potato_Readadc
                0x0000000008020bf0       0x78 ./Application/User/adc.o
                0x0000000008020bf0                Potato_Readadc
 .text.crcSlow  0x0000000008020c68       0x36 ./Application/User/crc.o
                0x0000000008020c68                crcSlow
 .text.SystemClock_Config
                0x0000000008020c9e       0x54 ./Application/User/main.o
                0x0000000008020c9e                SystemClock_Config
 *fill*         0x0000000008020cf2        0x2 
 .text.__io_putchar
                0x0000000008020cf4       0x20 ./Application/User/main.o
                0x0000000008020cf4                __io_putchar
 .text.HAL_GPIO_EXTI_Callback
                0x0000000008020d14        0xa ./Application/User/main.o
                0x0000000008020d14                HAL_GPIO_EXTI_Callback
 *fill*         0x0000000008020d1e        0x2 
 .text.SPI3_IRQHandler
                0x0000000008020d20        0xc ./Application/User/main.o
                0x0000000008020d20                SPI3_IRQHandler
 .text.MX_ADC1_Init
                0x0000000008020d2c       0x7c ./Application/User/main.o
                0x0000000008020d2c                MX_ADC1_Init
 .text.startup.main
                0x0000000008020da8      0x2c8 ./Application/User/main.o
                0x0000000008020da8                main
 .text.HAL_ADC_MspInit
                0x0000000008021070       0x98 ./Application/User/main.o
                0x0000000008021070                HAL_ADC_MspInit
 .text.RTC_WKUP_IRQHandler
                0x0000000008021108        0xc ./Application/User/main.o
                0x0000000008021108                RTC_WKUP_IRQHandler
 .text.Potato_Load
                0x0000000008021114       0x60 ./Application/User/save.o
                0x0000000008021114                Potato_Load
 .text.NMI_Handler
                0x0000000008021174        0x2 ./Application/User/stm32l4xx_it.o
                0x0000000008021174                NMI_Handler
 .text.HardFault_Handler
                0x0000000008021176        0x2 ./Application/User/stm32l4xx_it.o
                0x0000000008021176                HardFault_Handler
 .text.MemManage_Handler
                0x0000000008021178        0x2 ./Application/User/stm32l4xx_it.o
                0x0000000008021178                MemManage_Handler
 .text.BusFault_Handler
                0x000000000802117a        0x2 ./Application/User/stm32l4xx_it.o
                0x000000000802117a                BusFault_Handler
 .text.UsageFault_Handler
                0x000000000802117c        0x2 ./Application/User/stm32l4xx_it.o
                0x000000000802117c                UsageFault_Handler
 .text.SVC_Handler
                0x000000000802117e        0x2 ./Application/User/stm32l4xx_it.o
                0x000000000802117e                SVC_Handler
 .text.DebugMon_Handler
                0x0000000008021180        0x2 ./Application/User/stm32l4xx_it.o
                0x0000000008021180                DebugMon_Handler
 .text.PendSV_Handler
                0x0000000008021182        0x2 ./Application/User/stm32l4xx_it.o
                0x0000000008021182                PendSV_Handler
 .text.SysTick_Handler
                0x0000000008021184        0x4 ./Application/User/stm32l4xx_it.o
                0x0000000008021184                SysTick_Handler
 .text.EXTI1_IRQHandler
                0x0000000008021188        0x6 ./Application/User/stm32l4xx_it.o
                0x0000000008021188                EXTI1_IRQHandler
 .text.ParseNumber
                0x000000000802118e       0x38 ./Application/WIFI/es_wifi.o
 .text.ParseMAC
                0x00000000080211c6       0x66 ./Application/WIFI/es_wifi.o
 .text.ParseIP  0x000000000802122c       0x32 ./Application/WIFI/es_wifi.o
 *fill*         0x000000000802125e        0x2 
 .text.AT_ExecuteCommand
                0x0000000008021260       0x78 ./Application/WIFI/es_wifi.o
 .text.AT_RequestSendData
                0x00000000080212d8       0x90 ./Application/WIFI/es_wifi.o
 .text.ES_WIFI_Init
                0x0000000008021368       0xc4 ./Application/WIFI/es_wifi.o
                0x0000000008021368                ES_WIFI_Init
 .text.ES_WIFI_RegisterBusIO
                0x000000000802142c       0x24 ./Application/WIFI/es_wifi.o
                0x000000000802142c                ES_WIFI_RegisterBusIO
 .text.ES_WIFI_Connect
                0x0000000008021450       0x80 ./Application/WIFI/es_wifi.o
                0x0000000008021450                ES_WIFI_Connect
 .text.ES_WIFI_IsConnected
                0x00000000080214d0       0x38 ./Application/WIFI/es_wifi.o
                0x00000000080214d0                ES_WIFI_IsConnected
 .text.ES_WIFI_GetNetworkSettings
                0x0000000008021508       0xe8 ./Application/WIFI/es_wifi.o
                0x0000000008021508                ES_WIFI_GetNetworkSettings
 .text.ES_WIFI_GetMACAddress
                0x00000000080215f0       0x3c ./Application/WIFI/es_wifi.o
                0x00000000080215f0                ES_WIFI_GetMACAddress
 .text.ES_WIFI_StartClientConnection
                0x000000000802162c      0x100 ./Application/WIFI/es_wifi.o
                0x000000000802162c                ES_WIFI_StartClientConnection
 .text.ES_WIFI_SendData
                0x000000000802172c      0x104 ./Application/WIFI/es_wifi.o
                0x000000000802172c                ES_WIFI_SendData
 .text.SPI_WIFI_DelayUs
                0x0000000008021830       0x6c ./Application/WIFI/es_wifi_io.o
 .text.wait_spi_tx_event
                0x000000000802189c       0x2c ./Application/WIFI/es_wifi_io.o
 .text.SPI_WIFI_MspInit
                0x00000000080218c8      0x114 ./Application/WIFI/es_wifi_io.o
                0x00000000080218c8                SPI_WIFI_MspInit
 .text.SPI_WIFI_ResetModule
                0x00000000080219dc       0xd0 ./Application/WIFI/es_wifi_io.o
                0x00000000080219dc                SPI_WIFI_ResetModule
 .text.SPI_WIFI_Init
                0x0000000008021aac       0x80 ./Application/WIFI/es_wifi_io.o
                0x0000000008021aac                SPI_WIFI_Init
 .text.SPI_WIFI_DeInit
                0x0000000008021b2c       0x10 ./Application/WIFI/es_wifi_io.o
                0x0000000008021b2c                SPI_WIFI_DeInit
 .text.SPI_WIFI_ReceiveData
                0x0000000008021b3c       0xf4 ./Application/WIFI/es_wifi_io.o
                0x0000000008021b3c                SPI_WIFI_ReceiveData
 .text.SPI_WIFI_SendData
                0x0000000008021c30       0xb4 ./Application/WIFI/es_wifi_io.o
                0x0000000008021c30                SPI_WIFI_SendData
 .text.SPI_WIFI_Delay
                0x0000000008021ce4        0x4 ./Application/WIFI/es_wifi_io.o
                0x0000000008021ce4                SPI_WIFI_Delay
 .text.HAL_SPI_RxCpltCallback
                0x0000000008021ce8       0x10 ./Application/WIFI/es_wifi_io.o
                0x0000000008021ce8                HAL_SPI_RxCpltCallback
 .text.HAL_SPI_TxCpltCallback
                0x0000000008021cf8       0x10 ./Application/WIFI/es_wifi_io.o
                0x0000000008021cf8                HAL_SPI_TxCpltCallback
 .text.SPI_WIFI_ISR
                0x0000000008021d08       0x14 ./Application/WIFI/es_wifi_io.o
                0x0000000008021d08                SPI_WIFI_ISR
 .text.WIFI_Init
                0x0000000008021d1c       0x48 ./Application/WIFI/wifi.o
                0x0000000008021d1c                WIFI_Init
 .text.WIFI_Connect
                0x0000000008021d64       0x28 ./Application/WIFI/wifi.o
                0x0000000008021d64                WIFI_Connect
 .text.WIFI_GetMAC_Address
                0x0000000008021d8c       0x18 ./Application/WIFI/wifi.o
                0x0000000008021d8c                WIFI_GetMAC_Address
 .text.WIFI_GetIP_Address
                0x0000000008021da4       0x20 ./Application/WIFI/wifi.o
                0x0000000008021da4                WIFI_GetIP_Address
 .text.WIFI_OpenClientConnection
                0x0000000008021dc4       0x50 ./Application/WIFI/wifi.o
                0x0000000008021dc4                WIFI_OpenClientConnection
 .text.WIFI_SendData
                0x0000000008021e14       0x24 ./Application/WIFI/wifi.o
                0x0000000008021e14                WIFI_SendData
 .text.BSP_LED_Init
                0x0000000008021e38       0x44 ./Drivers/BSP/B-L475E-IOT01/stm32l475e_iot01.o
                0x0000000008021e38                BSP_LED_Init
 .text.BSP_LED_On
                0x0000000008021e7c       0x14 ./Drivers/BSP/B-L475E-IOT01/stm32l475e_iot01.o
                0x0000000008021e7c                BSP_LED_On
 .text.BSP_COM_Init
                0x0000000008021e90       0x88 ./Drivers/BSP/B-L475E-IOT01/stm32l475e_iot01.o
                0x0000000008021e90                BSP_COM_Init
 .text.SystemInit
                0x0000000008021f18       0x4c ./Drivers/CMSIS/system_stm32l4xx.o
                0x0000000008021f18                SystemInit
 .text.HAL_MspInit
                0x0000000008021f64        0x2 ./Drivers/STM32L4xx_HAL_Driver/stm32l4xx_hal.o
                0x0000000008021f64                HAL_MspInit
 *fill*         0x0000000008021f66        0x2 
 .text.HAL_InitTick
                0x0000000008021f68       0x48 ./Drivers/STM32L4xx_HAL_Driver/stm32l4xx_hal.o
                0x0000000008021f68                HAL_InitTick
 .text.HAL_Init
                0x0000000008021fb0       0x1e ./Drivers/STM32L4xx_HAL_Driver/stm32l4xx_hal.o
                0x0000000008021fb0                HAL_Init
 *fill*         0x0000000008021fce        0x2 
 .text.HAL_IncTick
                0x0000000008021fd0       0x18 ./Drivers/STM32L4xx_HAL_Driver/stm32l4xx_hal.o
                0x0000000008021fd0                HAL_IncTick
 .text.HAL_GetTick
                0x0000000008021fe8        0xc ./Drivers/STM32L4xx_HAL_Driver/stm32l4xx_hal.o
                0x0000000008021fe8                HAL_GetTick
 .text.HAL_Delay
                0x0000000008021ff4       0x28 ./Drivers/STM32L4xx_HAL_Driver/stm32l4xx_hal.o
                0x0000000008021ff4                HAL_Delay
 .text.HAL_SuspendTick
                0x000000000802201c       0x10 ./Drivers/STM32L4xx_HAL_Driver/stm32l4xx_hal.o
                0x000000000802201c                HAL_SuspendTick
 .text.HAL_ResumeTick
                0x000000000802202c       0x10 ./Drivers/STM32L4xx_HAL_Driver/stm32l4xx_hal.o
                0x000000000802202c                HAL_ResumeTick
 .text.LL_ADC_SetChannelSamplingTime
                0x000000000802203c       0x22 ./Drivers/STM32L4xx_HAL_Driver/stm32l4xx_hal_adc.o
 .text.LL_ADC_REG_IsConversionOngoing
                0x000000000802205e        0x8 ./Drivers/STM32L4xx_HAL_Driver/stm32l4xx_hal_adc.o
 *fill*         0x0000000008022066        0x2 
 .text.HAL_ADC_Init
                0x0000000008022068      0x1b8 ./Drivers/STM32L4xx_HAL_Driver/stm32l4xx_hal_adc.o
                0x0000000008022068                HAL_ADC_Init
 .text.HAL_ADC_PollForConversion
                0x0000000008022220       0xf0 ./Drivers/STM32L4xx_HAL_Driver/stm32l4xx_hal_adc.o
                0x0000000008022220                HAL_ADC_PollForConversion
 .text.HAL_ADC_GetValue
                0x0000000008022310        0x6 ./Drivers/STM32L4xx_HAL_Driver/stm32l4xx_hal_adc.o
                0x0000000008022310                HAL_ADC_GetValue
 *fill*         0x0000000008022316        0x2 
 .text.HAL_ADC_ConfigChannel
                0x0000000008022318      0x360 ./Drivers/STM32L4xx_HAL_Driver/stm32l4xx_hal_adc.o
                0x0000000008022318                HAL_ADC_ConfigChannel
 .text.ADC_Enable
                0x0000000008022678       0x74 ./Drivers/STM32L4xx_HAL_Driver/stm32l4xx_hal_adc.o
                0x0000000008022678                ADC_Enable
 .text.HAL_ADC_Start
                0x00000000080226ec       0xe0 ./Drivers/STM32L4xx_HAL_Driver/stm32l4xx_hal_adc.o
                0x00000000080226ec                HAL_ADC_Start
 .text.LL_ADC_REG_IsConversionOngoing
                0x00000000080227cc        0x8 ./Drivers/STM32L4xx_HAL_Driver/stm32l4xx_hal_adc_ex.o
 .text.HAL_ADCEx_MultiModeConfigChannel
                0x00000000080227d4       0xd8 ./Drivers/STM32L4xx_HAL_Driver/stm32l4xx_hal_adc_ex.o
                0x00000000080227d4                HAL_ADCEx_MultiModeConfigChannel
 .text.HAL_NVIC_SetPriorityGrouping
                0x00000000080228ac       0x24 ./Drivers/STM32L4xx_HAL_Driver/stm32l4xx_hal_cortex.o
                0x00000000080228ac                HAL_NVIC_SetPriorityGrouping
 .text.HAL_NVIC_SetPriority
                0x00000000080228d0       0x64 ./Drivers/STM32L4xx_HAL_Driver/stm32l4xx_hal_cortex.o
                0x00000000080228d0                HAL_NVIC_SetPriority
 .text.HAL_NVIC_EnableIRQ
                0x0000000008022934       0x1c ./Drivers/STM32L4xx_HAL_Driver/stm32l4xx_hal_cortex.o
                0x0000000008022934                HAL_NVIC_EnableIRQ
 .text.HAL_SYSTICK_Config
                0x0000000008022950       0x2c ./Drivers/STM32L4xx_HAL_Driver/stm32l4xx_hal_cortex.o
                0x0000000008022950                HAL_SYSTICK_Config
 .text.HAL_DMA_Abort_IT
                0x000000000802297c       0x4c ./Drivers/STM32L4xx_HAL_Driver/stm32l4xx_hal_dma.o
                0x000000000802297c                HAL_DMA_Abort_IT
 .text.HAL_GPIO_Init
                0x00000000080229c8      0x1bc ./Drivers/STM32L4xx_HAL_Driver/stm32l4xx_hal_gpio.o
                0x00000000080229c8                HAL_GPIO_Init
 .text.HAL_GPIO_ReadPin
                0x0000000008022b84        0xc ./Drivers/STM32L4xx_HAL_Driver/stm32l4xx_hal_gpio.o
                0x0000000008022b84                HAL_GPIO_ReadPin
 .text.HAL_GPIO_WritePin
                0x0000000008022b90        0xa ./Drivers/STM32L4xx_HAL_Driver/stm32l4xx_hal_gpio.o
                0x0000000008022b90                HAL_GPIO_WritePin
 *fill*         0x0000000008022b9a        0x2 
 .text.HAL_GPIO_EXTI_IRQHandler
                0x0000000008022b9c       0x18 ./Drivers/STM32L4xx_HAL_Driver/stm32l4xx_hal_gpio.o
                0x0000000008022b9c                HAL_GPIO_EXTI_IRQHandler
 .text.HAL_PWR_EnterSTANDBYMode
                0x0000000008022bb4       0x24 ./Drivers/STM32L4xx_HAL_Driver/stm32l4xx_hal_pwr.o
                0x0000000008022bb4                HAL_PWR_EnterSTANDBYMode
 .text.HAL_PWREx_GetVoltageRange
                0x0000000008022bd8       0x10 ./Drivers/STM32L4xx_HAL_Driver/stm32l4xx_hal_pwr_ex.o
                0x0000000008022bd8                HAL_PWREx_GetVoltageRange
 .text.RCC_SetFlashLatencyFromMSIRange
                0x0000000008022be8       0x84 ./Drivers/STM32L4xx_HAL_Driver/stm32l4xx_hal_rcc.o
 .text.HAL_RCC_GetSysClockFreq
                0x0000000008022c6c       0x9c ./Drivers/STM32L4xx_HAL_Driver/stm32l4xx_hal_rcc.o
                0x0000000008022c6c                HAL_RCC_GetSysClockFreq
 .text.HAL_RCC_OscConfig
                0x0000000008022d08      0x50c ./Drivers/STM32L4xx_HAL_Driver/stm32l4xx_hal_rcc.o
                0x0000000008022d08                HAL_RCC_OscConfig
 .text.HAL_RCC_ClockConfig
                0x0000000008023214      0x128 ./Drivers/STM32L4xx_HAL_Driver/stm32l4xx_hal_rcc.o
                0x0000000008023214                HAL_RCC_ClockConfig
 .text.HAL_RCC_GetPCLK1Freq
                0x000000000802333c       0x24 ./Drivers/STM32L4xx_HAL_Driver/stm32l4xx_hal_rcc.o
                0x000000000802333c                HAL_RCC_GetPCLK1Freq
 .text.HAL_RCC_GetPCLK2Freq
                0x0000000008023360       0x24 ./Drivers/STM32L4xx_HAL_Driver/stm32l4xx_hal_rcc.o
                0x0000000008023360                HAL_RCC_GetPCLK2Freq
 .text.RCCEx_PLLSAI1_Config
                0x0000000008023384      0x118 ./Drivers/STM32L4xx_HAL_Driver/stm32l4xx_hal_rcc_ex.o
 .text.RCCEx_PLLSAI2_Config
                0x000000000802349c       0xfc ./Drivers/STM32L4xx_HAL_Driver/stm32l4xx_hal_rcc_ex.o
 .text.HAL_RCCEx_PeriphCLKConfig
                0x0000000008023598      0x3d4 ./Drivers/STM32L4xx_HAL_Driver/stm32l4xx_hal_rcc_ex.o
                0x0000000008023598                HAL_RCCEx_PeriphCLKConfig
 .text.HAL_RTC_MspInit
                0x000000000802396c        0x2 ./Drivers/STM32L4xx_HAL_Driver/stm32l4xx_hal_rtc.o
                0x000000000802396c                HAL_RTC_MspInit
 .text.HAL_RTC_WaitForSynchro
                0x000000000802396e       0x30 ./Drivers/STM32L4xx_HAL_Driver/stm32l4xx_hal_rtc.o
                0x000000000802396e                HAL_RTC_WaitForSynchro
 .text.RTC_EnterInitMode
                0x000000000802399e       0x44 ./Drivers/STM32L4xx_HAL_Driver/stm32l4xx_hal_rtc.o
                0x000000000802399e                RTC_EnterInitMode
 *fill*         0x00000000080239e2        0x2 
 .text.RTC_ExitInitMode
                0x00000000080239e4       0x48 ./Drivers/STM32L4xx_HAL_Driver/stm32l4xx_hal_rtc.o
                0x00000000080239e4                RTC_ExitInitMode
 .text.HAL_RTC_Init
                0x0000000008023a2c       0x8c ./Drivers/STM32L4xx_HAL_Driver/stm32l4xx_hal_rtc.o
                0x0000000008023a2c                HAL_RTC_Init
 .text.HAL_RTCEx_SetWakeUpTimer_IT
                0x0000000008023ab8       0xbc ./Drivers/STM32L4xx_HAL_Driver/stm32l4xx_hal_rtc_ex.o
                0x0000000008023ab8                HAL_RTCEx_SetWakeUpTimer_IT
 .text.HAL_RTCEx_DeactivateWakeUpTimer
                0x0000000008023b74       0x76 ./Drivers/STM32L4xx_HAL_Driver/stm32l4xx_hal_rtc_ex.o
                0x0000000008023b74                HAL_RTCEx_DeactivateWakeUpTimer
 *fill*         0x0000000008023bea        0x2 
 .text.HAL_RTCEx_WakeUpTimerIRQHandler
                0x0000000008023bec       0x30 ./Drivers/STM32L4xx_HAL_Driver/stm32l4xx_hal_rtc_ex.o
                0x0000000008023bec                HAL_RTCEx_WakeUpTimerIRQHandler
 .text.SPI_WaitFifoStateUntilTimeout
                0x0000000008023c1c       0xc8 ./Drivers/STM32L4xx_HAL_Driver/stm32l4xx_hal_spi.o
 .text.SPI_WaitFlagStateUntilTimeout
                0x0000000008023ce4       0xb8 ./Drivers/STM32L4xx_HAL_Driver/stm32l4xx_hal_spi.o
 .text.SPI_EndRxTransaction
                0x0000000008023d9c       0x76 ./Drivers/STM32L4xx_HAL_Driver/stm32l4xx_hal_spi.o
 .text.SPI_EndRxTxTransaction
                0x0000000008023e12       0x52 ./Drivers/STM32L4xx_HAL_Driver/stm32l4xx_hal_spi.o
 .text.HAL_SPI_MspInit
                0x0000000008023e64        0x2 ./Drivers/STM32L4xx_HAL_Driver/stm32l4xx_hal_spi.o
                0x0000000008023e64                HAL_SPI_MspInit
 .text.HAL_SPI_Init
                0x0000000008023e66      0x108 ./Drivers/STM32L4xx_HAL_Driver/stm32l4xx_hal_spi.o
                0x0000000008023e66                HAL_SPI_Init
 .text.HAL_SPI_MspDeInit
                0x0000000008023f6e        0x2 ./Drivers/STM32L4xx_HAL_Driver/stm32l4xx_hal_spi.o
                0x0000000008023f6e                HAL_SPI_MspDeInit
 .text.HAL_SPI_DeInit
                0x0000000008023f70       0x2c ./Drivers/STM32L4xx_HAL_Driver/stm32l4xx_hal_spi.o
                0x0000000008023f70                HAL_SPI_DeInit
 .text.HAL_SPI_TransmitReceive
                0x0000000008023f9c      0x376 ./Drivers/STM32L4xx_HAL_Driver/stm32l4xx_hal_spi.o
                0x0000000008023f9c                HAL_SPI_TransmitReceive
 .text.HAL_SPI_Receive
                0x0000000008024312      0x22e ./Drivers/STM32L4xx_HAL_Driver/stm32l4xx_hal_spi.o
                0x0000000008024312                HAL_SPI_Receive
 .text.HAL_SPI_Transmit_IT
                0x0000000008024540       0xb4 ./Drivers/STM32L4xx_HAL_Driver/stm32l4xx_hal_spi.o
                0x0000000008024540                HAL_SPI_Transmit_IT
 .text.HAL_SPI_TransmitReceive_IT
                0x00000000080245f4      0x100 ./Drivers/STM32L4xx_HAL_Driver/stm32l4xx_hal_spi.o
                0x00000000080245f4                HAL_SPI_TransmitReceive_IT
 .text.HAL_SPI_Receive_IT
                0x00000000080246f4       0xfc ./Drivers/STM32L4xx_HAL_Driver/stm32l4xx_hal_spi.o
                0x00000000080246f4                HAL_SPI_Receive_IT
 .text.HAL_SPI_TxRxCpltCallback
                0x00000000080247f0        0x2 ./Drivers/STM32L4xx_HAL_Driver/stm32l4xx_hal_spi.o
                0x00000000080247f0                HAL_SPI_TxRxCpltCallback
 .text.HAL_SPI_ErrorCallback
                0x00000000080247f2        0x2 ./Drivers/STM32L4xx_HAL_Driver/stm32l4xx_hal_spi.o
                0x00000000080247f2                HAL_SPI_ErrorCallback
 .text.SPI_CloseTx_ISR
                0x00000000080247f4       0x52 ./Drivers/STM32L4xx_HAL_Driver/stm32l4xx_hal_spi.o
 .text.SPI_TxISR_8BIT
                0x0000000008024846       0x34 ./Drivers/STM32L4xx_HAL_Driver/stm32l4xx_hal_spi.o
 .text.SPI_TxISR_16BIT
                0x000000000802487a       0x30 ./Drivers/STM32L4xx_HAL_Driver/stm32l4xx_hal_spi.o
 .text.SPI_CloseRx_ISR
                0x00000000080248aa       0x58 ./Drivers/STM32L4xx_HAL_Driver/stm32l4xx_hal_spi.o
 *fill*         0x0000000008024902        0x2 
 .text.SPI_RxISR_8BIT
                0x0000000008024904       0x58 ./Drivers/STM32L4xx_HAL_Driver/stm32l4xx_hal_spi.o
 .text.SPI_RxISR_8BITCRC
                0x000000000802495c       0x22 ./Drivers/STM32L4xx_HAL_Driver/stm32l4xx_hal_spi.o
 *fill*         0x000000000802497e        0x2 
 .text.SPI_RxISR_16BIT
                0x0000000008024980       0x54 ./Drivers/STM32L4xx_HAL_Driver/stm32l4xx_hal_spi.o
 .text.SPI_RxISR_16BITCRC
                0x00000000080249d4       0x1c ./Drivers/STM32L4xx_HAL_Driver/stm32l4xx_hal_spi.o
 .text.SPI_CloseRxTx_ISR
                0x00000000080249f0       0x72 ./Drivers/STM32L4xx_HAL_Driver/stm32l4xx_hal_spi.o
 .text.SPI_2linesTxISR_8BIT
                0x0000000008024a62       0x64 ./Drivers/STM32L4xx_HAL_Driver/stm32l4xx_hal_spi.o
 *fill*         0x0000000008024ac6        0x2 
 .text.SPI_2linesRxISR_8BIT
                0x0000000008024ac8       0x84 ./Drivers/STM32L4xx_HAL_Driver/stm32l4xx_hal_spi.o
 .text.SPI_2linesRxISR_8BITCRC
                0x0000000008024b4c       0x30 ./Drivers/STM32L4xx_HAL_Driver/stm32l4xx_hal_spi.o
 .text.SPI_2linesTxISR_16BIT
                0x0000000008024b7c       0x54 ./Drivers/STM32L4xx_HAL_Driver/stm32l4xx_hal_spi.o
 .text.SPI_2linesRxISR_16BIT
                0x0000000008024bd0       0x50 ./Drivers/STM32L4xx_HAL_Driver/stm32l4xx_hal_spi.o
 .text.SPI_2linesRxISR_16BITCRC
                0x0000000008024c20       0x1c ./Drivers/STM32L4xx_HAL_Driver/stm32l4xx_hal_spi.o
 .text.HAL_SPI_IRQHandler
                0x0000000008024c3c      0x10c ./Drivers/STM32L4xx_HAL_Driver/stm32l4xx_hal_spi.o
                0x0000000008024c3c                HAL_SPI_IRQHandler
 .text.SPI_DMAAbortOnError
                0x0000000008024d48       0x12 ./Drivers/STM32L4xx_HAL_Driver/stm32l4xx_hal_spi.o
 .text.HAL_UART_MspInit
                0x0000000008024d5a        0x2 ./Drivers/STM32L4xx_HAL_Driver/stm32l4xx_hal_uart.o
                0x0000000008024d5a                HAL_UART_MspInit
 .text.UART_SetConfig
                0x0000000008024d5c      0x290 ./Drivers/STM32L4xx_HAL_Driver/stm32l4xx_hal_uart.o
                0x0000000008024d5c                UART_SetConfig
 .text.UART_AdvFeatureConfig
                0x0000000008024fec       0xa8 ./Drivers/STM32L4xx_HAL_Driver/stm32l4xx_hal_uart.o
                0x0000000008024fec                UART_AdvFeatureConfig
 .text.UART_WaitOnFlagUntilTimeout
                0x0000000008025094       0x8c ./Drivers/STM32L4xx_HAL_Driver/stm32l4xx_hal_uart.o
                0x0000000008025094                UART_WaitOnFlagUntilTimeout
 .text.HAL_UART_Transmit
                0x0000000008025120       0xb4 ./Drivers/STM32L4xx_HAL_Driver/stm32l4xx_hal_uart.o
                0x0000000008025120                HAL_UART_Transmit
 .text.UART_CheckIdleState
                0x00000000080251d4       0x66 ./Drivers/STM32L4xx_HAL_Driver/stm32l4xx_hal_uart.o
                0x00000000080251d4                UART_CheckIdleState
 .text.HAL_UART_Init
                0x000000000802523a       0x5c ./Drivers/STM32L4xx_HAL_Driver/stm32l4xx_hal_uart.o
                0x000000000802523a                HAL_UART_Init
 *fill*         0x0000000008025296        0x2 
 .text.Reset_Handler
                0x0000000008025298       0x50 ./SW4STM32/startup_stm32l475xx.o
                0x0000000008025298                Reset_Handler
 .text.Default_Handler
                0x00000000080252e8        0x2 ./SW4STM32/startup_stm32l475xx.o
                0x00000000080252e8                RTC_Alarm_IRQHandler
                0x00000000080252e8                EXTI2_IRQHandler
                0x00000000080252e8                TIM8_TRG_COM_IRQHandler
                0x00000000080252e8                TIM8_CC_IRQHandler
                0x00000000080252e8                TIM1_CC_IRQHandler
                0x00000000080252e8                TSC_IRQHandler
                0x00000000080252e8                TAMP_STAMP_IRQHandler
                0x00000000080252e8                EXTI3_IRQHandler
                0x00000000080252e8                LPTIM2_IRQHandler
                0x00000000080252e8                DFSDM1_FLT1_IRQHandler
                0x00000000080252e8                I2C3_ER_IRQHandler
                0x00000000080252e8                DFSDM1_FLT2_IRQHandler
                0x00000000080252e8                EXTI0_IRQHandler
                0x00000000080252e8                I2C2_EV_IRQHandler
                0x00000000080252e8                CAN1_RX0_IRQHandler
                0x00000000080252e8                FPU_IRQHandler
                0x00000000080252e8                TIM1_UP_TIM16_IRQHandler
                0x00000000080252e8                ADC1_2_IRQHandler
                0x00000000080252e8                SPI1_IRQHandler
                0x00000000080252e8                TIM6_DAC_IRQHandler
                0x00000000080252e8                TIM8_UP_IRQHandler
                0x00000000080252e8                DMA2_Channel2_IRQHandler
                0x00000000080252e8                DMA1_Channel4_IRQHandler
                0x00000000080252e8                SAI2_IRQHandler
                0x00000000080252e8                DFSDM1_FLT3_IRQHandler
                0x00000000080252e8                USART3_IRQHandler
                0x00000000080252e8                DMA1_Channel7_IRQHandler
                0x00000000080252e8                CAN1_RX1_IRQHandler
                0x00000000080252e8                UART5_IRQHandler
                0x00000000080252e8                ADC3_IRQHandler
                0x00000000080252e8                TIM4_IRQHandler
                0x00000000080252e8                DMA2_Channel1_IRQHandler
                0x00000000080252e8                QUADSPI_IRQHandler
                0x00000000080252e8                I2C1_EV_IRQHandler
                0x00000000080252e8                DMA1_Channel6_IRQHandler
                0x00000000080252e8                UART4_IRQHandler
                0x00000000080252e8                DMA2_Channel4_IRQHandler
                0x00000000080252e8                TIM3_IRQHandler
                0x00000000080252e8                RCC_IRQHandler
                0x00000000080252e8                DMA1_Channel1_IRQHandler
                0x00000000080252e8                Default_Handler
                0x00000000080252e8                DMA2_Channel7_IRQHandler
                0x00000000080252e8                EXTI15_10_IRQHandler
                0x00000000080252e8                TIM7_IRQHandler
                0x00000000080252e8                SDMMC1_IRQHandler
                0x00000000080252e8                TIM5_IRQHandler
                0x00000000080252e8                I2C3_EV_IRQHandler
                0x00000000080252e8                EXTI9_5_IRQHandler
                0x00000000080252e8                PVD_PVM_IRQHandler
                0x00000000080252e8                SPI2_IRQHandler
                0x00000000080252e8                CAN1_TX_IRQHandler
                0x00000000080252e8                DMA2_Channel5_IRQHandler
                0x00000000080252e8                DMA1_Channel5_IRQHandler
                0x00000000080252e8                EXTI4_IRQHandler
                0x00000000080252e8                RNG_IRQHandler
                0x00000000080252e8                TIM1_TRG_COM_TIM17_IRQHandler
                0x00000000080252e8                DMA1_Channel3_IRQHandler
                0x00000000080252e8                COMP_IRQHandler
                0x00000000080252e8                WWDG_IRQHandler
                0x00000000080252e8                LPUART1_IRQHandler
                0x00000000080252e8                DMA2_Channel6_IRQHandler
                0x00000000080252e8                TIM2_IRQHandler
                0x00000000080252e8                USART2_IRQHandler
                0x00000000080252e8                DFSDM1_FLT0_IRQHandler
                0x00000000080252e8                I2C2_ER_IRQHandler
                0x00000000080252e8                DMA1_Channel2_IRQHandler
                0x00000000080252e8                TIM8_BRK_IRQHandler
                0x00000000080252e8                CAN1_SCE_IRQHandler
                0x00000000080252e8                FLASH_IRQHandler
                0x00000000080252e8                USART1_IRQHandler
                0x00000000080252e8                OTG_FS_IRQHandler
                0x00000000080252e8                I2C1_ER_IRQHandler
                0x00000000080252e8                FMC_IRQHandler
                0x00000000080252e8                SWPMI1_IRQHandler
                0x00000000080252e8                LPTIM1_IRQHandler
                0x00000000080252e8                SAI1_IRQHandler
                0x00000000080252e8                DMA2_Channel3_IRQHandler
                0x00000000080252e8                TIM1_BRK_TIM15_IRQHandler
 .text._getpid  0x00000000080252ea        0x4 ./SW4STM32/syscalls.o
                0x00000000080252ea                _getpid
 .text._kill    0x00000000080252ee       0x10 ./SW4STM32/syscalls.o
                0x00000000080252ee                _kill
 .text._exit    0x00000000080252fe        0xc ./SW4STM32/syscalls.o
                0x00000000080252fe                _exit
 .text._read    0x000000000802530a        0xe ./SW4STM32/syscalls.o
                0x000000000802530a                _read
 .text._write   0x0000000008025318       0x1a ./SW4STM32/syscalls.o
                0x0000000008025318                _write
 *fill*         0x0000000008025332        0x2 
 .text._sbrk    0x0000000008025334       0x34 ./SW4STM32/syscalls.o
                0x0000000008025334                _sbrk
 .text._close   0x0000000008025368        0x6 ./SW4STM32/syscalls.o
                0x0000000008025368                _close
 .text._fstat   0x000000000802536e        0xa ./SW4STM32/syscalls.o
                0x000000000802536e                _fstat
 .text._isatty  0x0000000008025378        0x4 ./SW4STM32/syscalls.o
                0x0000000008025378                _isatty
 .text._lseek   0x000000000802537c        0x4 ./SW4STM32/syscalls.o
                0x000000000802537c                _lseek
 .text.__errno  0x0000000008025380        0xc d:/cubeide/stm32cubeide_1.7.0/stm32cubeide/plugins/com.st.stm32cube.ide.mcu.externaltools.gnu-tools-for-stm32.9-2020-q2-update.win32_2.0.0.202105311346/tools/bin/../lib/gcc/arm-none-eabi/9.3.1/../../../../arm-none-eabi/lib/thumb/v7e-m+fp/hard\libc_nano.a(lib_a-errno.o)
                0x0000000008025380                __errno
 .text.__libc_init_array
                0x000000000802538c       0x48 d:/cubeide/stm32cubeide_1.7.0/stm32cubeide/plugins/com.st.stm32cube.ide.mcu.externaltools.gnu-tools-for-stm32.9-2020-q2-update.win32_2.0.0.202105311346/tools/bin/../lib/gcc/arm-none-eabi/9.3.1/../../../../arm-none-eabi/lib/thumb/v7e-m+fp/hard\libc_nano.a(lib_a-init.o)
                0x000000000802538c                __libc_init_array
 .text.memcpy   0x00000000080253d4       0x1c d:/cubeide/stm32cubeide_1.7.0/stm32cubeide/plugins/com.st.stm32cube.ide.mcu.externaltools.gnu-tools-for-stm32.9-2020-q2-update.win32_2.0.0.202105311346/tools/bin/../lib/gcc/arm-none-eabi/9.3.1/../../../../arm-none-eabi/lib/thumb/v7e-m+fp/hard\libc_nano.a(lib_a-memcpy-stub.o)
                0x00000000080253d4                memcpy
 .text.memset   0x00000000080253f0       0x10 d:/cubeide/stm32cubeide_1.7.0/stm32cubeide/plugins/com.st.stm32cube.ide.mcu.externaltools.gnu-tools-for-stm32.9-2020-q2-update.win32_2.0.0.202105311346/tools/bin/../lib/gcc/arm-none-eabi/9.3.1/../../../../arm-none-eabi/lib/thumb/v7e-m+fp/hard\libc_nano.a(lib_a-memset.o)
                0x00000000080253f0                memset
 .text.printf   0x0000000008025400       0x30 d:/cubeide/stm32cubeide_1.7.0/stm32cubeide/plugins/com.st.stm32cube.ide.mcu.externaltools.gnu-tools-for-stm32.9-2020-q2-update.win32_2.0.0.202105311346/tools/bin/../lib/gcc/arm-none-eabi/9.3.1/../../../../arm-none-eabi/lib/thumb/v7e-m+fp/hard\libc_nano.a(lib_a-printf.o)
                0x0000000008025400                iprintf
                0x0000000008025400                printf
 .text._puts_r  0x0000000008025430       0xdc d:/cubeide/stm32cubeide_1.7.0/stm32cubeide/plugins/com.st.stm32cube.ide.mcu.externaltools.gnu-tools-for-stm32.9-2020-q2-update.win32_2.0.0.202105311346/tools/bin/../lib/gcc/arm-none-eabi/9.3.1/../../../../arm-none-eabi/lib/thumb/v7e-m+fp/hard\libc_nano.a(lib_a-puts.o)
                0x0000000008025430                _puts_r
 .text.puts     0x000000000802550c       0x10 d:/cubeide/stm32cubeide_1.7.0/stm32cubeide/plugins/com.st.stm32cube.ide.mcu.externaltools.gnu-tools-for-stm32.9-2020-q2-update.win32_2.0.0.202105311346/tools/bin/../lib/gcc/arm-none-eabi/9.3.1/../../../../arm-none-eabi/lib/thumb/v7e-m+fp/hard\libc_nano.a(lib_a-puts.o)
                0x000000000802550c                puts
 .text.sprintf  0x000000000802551c       0x40 d:/cubeide/stm32cubeide_1.7.0/stm32cubeide/plugins/com.st.stm32cube.ide.mcu.externaltools.gnu-tools-for-stm32.9-2020-q2-update.win32_2.0.0.202105311346/tools/bin/../lib/gcc/arm-none-eabi/9.3.1/../../../../arm-none-eabi/lib/thumb/v7e-m+fp/hard\libc_nano.a(lib_a-sprintf.o)
                0x000000000802551c                siprintf
                0x000000000802551c                sprintf
 .text.strcpy   0x000000000802555c       0x10 d:/cubeide/stm32cubeide_1.7.0/stm32cubeide/plugins/com.st.stm32cube.ide.mcu.externaltools.gnu-tools-for-stm32.9-2020-q2-update.win32_2.0.0.202105311346/tools/bin/../lib/gcc/arm-none-eabi/9.3.1/../../../../arm-none-eabi/lib/thumb/v7e-m+fp/hard\libc_nano.a(lib_a-strcpy.o)
                0x000000000802555c                strcpy
 .text.strncpy  0x000000000802556c       0x26 d:/cubeide/stm32cubeide_1.7.0/stm32cubeide/plugins/com.st.stm32cube.ide.mcu.externaltools.gnu-tools-for-stm32.9-2020-q2-update.win32_2.0.0.202105311346/tools/bin/../lib/gcc/arm-none-eabi/9.3.1/../../../../arm-none-eabi/lib/thumb/v7e-m+fp/hard\libc_nano.a(lib_a-strncpy.o)
                0x000000000802556c                strncpy
 .text.strstr   0x0000000008025592       0x2e d:/cubeide/stm32cubeide_1.7.0/stm32cubeide/plugins/com.st.stm32cube.ide.mcu.externaltools.gnu-tools-for-stm32.9-2020-q2-update.win32_2.0.0.202105311346/tools/bin/../lib/gcc/arm-none-eabi/9.3.1/../../../../arm-none-eabi/lib/thumb/v7e-m+fp/hard\libc_nano.a(lib_a-strstr.o)
                0x0000000008025592                strstr
 .text.strtok   0x00000000080255c0       0x68 d:/cubeide/stm32cubeide_1.7.0/stm32cubeide/plugins/com.st.stm32cube.ide.mcu.externaltools.gnu-tools-for-stm32.9-2020-q2-update.win32_2.0.0.202105311346/tools/bin/../lib/gcc/arm-none-eabi/9.3.1/../../../../arm-none-eabi/lib/thumb/v7e-m+fp/hard\libc_nano.a(lib_a-strtok.o)
                0x00000000080255c0                strtok
 .text.__strtok_r
                0x0000000008025628       0x50 d:/cubeide/stm32cubeide_1.7.0/stm32cubeide/plugins/com.st.stm32cube.ide.mcu.externaltools.gnu-tools-for-stm32.9-2020-q2-update.win32_2.0.0.202105311346/tools/bin/../lib/gcc/arm-none-eabi/9.3.1/../../../../arm-none-eabi/lib/thumb/v7e-m+fp/hard\libc_nano.a(lib_a-strtok_r.o)
                0x0000000008025628                __strtok_r
 .text.__swbuf_r
                0x0000000008025678       0xa4 d:/cubeide/stm32cubeide_1.7.0/stm32cubeide/plugins/com.st.stm32cube.ide.mcu.externaltools.gnu-tools-for-stm32.9-2020-q2-update.win32_2.0.0.202105311346/tools/bin/../lib/gcc/arm-none-eabi/9.3.1/../../../../arm-none-eabi/lib/thumb/v7e-m+fp/hard\libc_nano.a(lib_a-wbuf.o)
                0x0000000008025678                __swbuf_r
 .text.__swsetup_r
                0x000000000802571c       0xdc d:/cubeide/stm32cubeide_1.7.0/stm32cubeide/plugins/com.st.stm32cube.ide.mcu.externaltools.gnu-tools-for-stm32.9-2020-q2-update.win32_2.0.0.202105311346/tools/bin/../lib/gcc/arm-none-eabi/9.3.1/../../../../arm-none-eabi/lib/thumb/v7e-m+fp/hard\libc_nano.a(lib_a-wsetup.o)
                0x000000000802571c                __swsetup_r
 .text.__assert_func
                0x00000000080257f8       0x3c d:/cubeide/stm32cubeide_1.7.0/stm32cubeide/plugins/com.st.stm32cube.ide.mcu.externaltools.gnu-tools-for-stm32.9-2020-q2-update.win32_2.0.0.202105311346/tools/bin/../lib/gcc/arm-none-eabi/9.3.1/../../../../arm-none-eabi/lib/thumb/v7e-m+fp/hard\libc_nano.a(lib_a-assert.o)
                0x00000000080257f8                __assert_func
 .text.__sflush_r
                0x0000000008025834      0x10c d:/cubeide/stm32cubeide_1.7.0/stm32cubeide/plugins/com.st.stm32cube.ide.mcu.externaltools.gnu-tools-for-stm32.9-2020-q2-update.win32_2.0.0.202105311346/tools/bin/../lib/gcc/arm-none-eabi/9.3.1/../../../../arm-none-eabi/lib/thumb/v7e-m+fp/hard\libc_nano.a(lib_a-fflush.o)
                0x0000000008025834                __sflush_r
 .text._fflush_r
                0x0000000008025940       0x78 d:/cubeide/stm32cubeide_1.7.0/stm32cubeide/plugins/com.st.stm32cube.ide.mcu.externaltools.gnu-tools-for-stm32.9-2020-q2-update.win32_2.0.0.202105311346/tools/bin/../lib/gcc/arm-none-eabi/9.3.1/../../../../arm-none-eabi/lib/thumb/v7e-m+fp/hard\libc_nano.a(lib_a-fflush.o)
                0x0000000008025940                _fflush_r
 .text.std      0x00000000080259b8       0x48 d:/cubeide/stm32cubeide_1.7.0/stm32cubeide/plugins/com.st.stm32cube.ide.mcu.externaltools.gnu-tools-for-stm32.9-2020-q2-update.win32_2.0.0.202105311346/tools/bin/../lib/gcc/arm-none-eabi/9.3.1/../../../../arm-none-eabi/lib/thumb/v7e-m+fp/hard\libc_nano.a(lib_a-findfp.o)
 .text._cleanup_r
                0x0000000008025a00        0xc d:/cubeide/stm32cubeide_1.7.0/stm32cubeide/plugins/com.st.stm32cube.ide.mcu.externaltools.gnu-tools-for-stm32.9-2020-q2-update.win32_2.0.0.202105311346/tools/bin/../lib/gcc/arm-none-eabi/9.3.1/../../../../arm-none-eabi/lib/thumb/v7e-m+fp/hard\libc_nano.a(lib_a-findfp.o)
                0x0000000008025a00                _cleanup_r
 .text.__sfmoreglue
                0x0000000008025a0c       0x2c d:/cubeide/stm32cubeide_1.7.0/stm32cubeide/plugins/com.st.stm32cube.ide.mcu.externaltools.gnu-tools-for-stm32.9-2020-q2-update.win32_2.0.0.202105311346/tools/bin/../lib/gcc/arm-none-eabi/9.3.1/../../../../arm-none-eabi/lib/thumb/v7e-m+fp/hard\libc_nano.a(lib_a-findfp.o)
                0x0000000008025a0c                __sfmoreglue
 .text.__sfp_lock_acquire
                0x0000000008025a38        0xc d:/cubeide/stm32cubeide_1.7.0/stm32cubeide/plugins/com.st.stm32cube.ide.mcu.externaltools.gnu-tools-for-stm32.9-2020-q2-update.win32_2.0.0.202105311346/tools/bin/../lib/gcc/arm-none-eabi/9.3.1/../../../../arm-none-eabi/lib/thumb/v7e-m+fp/hard\libc_nano.a(lib_a-findfp.o)
                0x0000000008025a38                __sfp_lock_acquire
 .text.__sfp_lock_release
                0x0000000008025a44        0xc d:/cubeide/stm32cubeide_1.7.0/stm32cubeide/plugins/com.st.stm32cube.ide.mcu.externaltools.gnu-tools-for-stm32.9-2020-q2-update.win32_2.0.0.202105311346/tools/bin/../lib/gcc/arm-none-eabi/9.3.1/../../../../arm-none-eabi/lib/thumb/v7e-m+fp/hard\libc_nano.a(lib_a-findfp.o)
                0x0000000008025a44                __sfp_lock_release
 .text.__sinit_lock_acquire
                0x0000000008025a50        0xc d:/cubeide/stm32cubeide_1.7.0/stm32cubeide/plugins/com.st.stm32cube.ide.mcu.externaltools.gnu-tools-for-stm32.9-2020-q2-update.win32_2.0.0.202105311346/tools/bin/../lib/gcc/arm-none-eabi/9.3.1/../../../../arm-none-eabi/lib/thumb/v7e-m+fp/hard\libc_nano.a(lib_a-findfp.o)
                0x0000000008025a50                __sinit_lock_acquire
 .text.__sinit_lock_release
                0x0000000008025a5c        0xc d:/cubeide/stm32cubeide_1.7.0/stm32cubeide/plugins/com.st.stm32cube.ide.mcu.externaltools.gnu-tools-for-stm32.9-2020-q2-update.win32_2.0.0.202105311346/tools/bin/../lib/gcc/arm-none-eabi/9.3.1/../../../../arm-none-eabi/lib/thumb/v7e-m+fp/hard\libc_nano.a(lib_a-findfp.o)
                0x0000000008025a5c                __sinit_lock_release
 .text.__sinit  0x0000000008025a68       0x70 d:/cubeide/stm32cubeide_1.7.0/stm32cubeide/plugins/com.st.stm32cube.ide.mcu.externaltools.gnu-tools-for-stm32.9-2020-q2-update.win32_2.0.0.202105311346/tools/bin/../lib/gcc/arm-none-eabi/9.3.1/../../../../arm-none-eabi/lib/thumb/v7e-m+fp/hard\libc_nano.a(lib_a-findfp.o)
                0x0000000008025a68                __sinit
 .text.__sfp    0x0000000008025ad8       0x8c d:/cubeide/stm32cubeide_1.7.0/stm32cubeide/plugins/com.st.stm32cube.ide.mcu.externaltools.gnu-tools-for-stm32.9-2020-q2-update.win32_2.0.0.202105311346/tools/bin/../lib/gcc/arm-none-eabi/9.3.1/../../../../arm-none-eabi/lib/thumb/v7e-m+fp/hard\libc_nano.a(lib_a-findfp.o)
                0x0000000008025ad8                __sfp
 .text.fprintf  0x0000000008025b64       0x24 d:/cubeide/stm32cubeide_1.7.0/stm32cubeide/plugins/com.st.stm32cube.ide.mcu.externaltools.gnu-tools-for-stm32.9-2020-q2-update.win32_2.0.0.202105311346/tools/bin/../lib/gcc/arm-none-eabi/9.3.1/../../../../arm-none-eabi/lib/thumb/v7e-m+fp/hard\libc_nano.a(lib_a-fprintf.o)
                0x0000000008025b64                fiprintf
                0x0000000008025b64                fprintf
 .text._fwalk_reent
                0x0000000008025b88       0x3e d:/cubeide/stm32cubeide_1.7.0/stm32cubeide/plugins/com.st.stm32cube.ide.mcu.externaltools.gnu-tools-for-stm32.9-2020-q2-update.win32_2.0.0.202105311346/tools/bin/../lib/gcc/arm-none-eabi/9.3.1/../../../../arm-none-eabi/lib/thumb/v7e-m+fp/hard\libc_nano.a(lib_a-fwalk.o)
                0x0000000008025b88                _fwalk_reent
 .text.__retarget_lock_init_recursive
                0x0000000008025bc6        0x2 d:/cubeide/stm32cubeide_1.7.0/stm32cubeide/plugins/com.st.stm32cube.ide.mcu.externaltools.gnu-tools-for-stm32.9-2020-q2-update.win32_2.0.0.202105311346/tools/bin/../lib/gcc/arm-none-eabi/9.3.1/../../../../arm-none-eabi/lib/thumb/v7e-m+fp/hard\libc_nano.a(lib_a-lock.o)
                0x0000000008025bc6                __retarget_lock_init_recursive
 .text.__retarget_lock_acquire_recursive
                0x0000000008025bc8        0x2 d:/cubeide/stm32cubeide_1.7.0/stm32cubeide/plugins/com.st.stm32cube.ide.mcu.externaltools.gnu-tools-for-stm32.9-2020-q2-update.win32_2.0.0.202105311346/tools/bin/../lib/gcc/arm-none-eabi/9.3.1/../../../../arm-none-eabi/lib/thumb/v7e-m+fp/hard\libc_nano.a(lib_a-lock.o)
                0x0000000008025bc8                __retarget_lock_acquire_recursive
 .text.__retarget_lock_release_recursive
                0x0000000008025bca        0x2 d:/cubeide/stm32cubeide_1.7.0/stm32cubeide/plugins/com.st.stm32cube.ide.mcu.externaltools.gnu-tools-for-stm32.9-2020-q2-update.win32_2.0.0.202105311346/tools/bin/../lib/gcc/arm-none-eabi/9.3.1/../../../../arm-none-eabi/lib/thumb/v7e-m+fp/hard\libc_nano.a(lib_a-lock.o)
                0x0000000008025bca                __retarget_lock_release_recursive
 .text.__swhatbuf_r
                0x0000000008025bcc       0x48 d:/cubeide/stm32cubeide_1.7.0/stm32cubeide/plugins/com.st.stm32cube.ide.mcu.externaltools.gnu-tools-for-stm32.9-2020-q2-update.win32_2.0.0.202105311346/tools/bin/../lib/gcc/arm-none-eabi/9.3.1/../../../../arm-none-eabi/lib/thumb/v7e-m+fp/hard\libc_nano.a(lib_a-makebuf.o)
                0x0000000008025bcc                __swhatbuf_r
 .text.__smakebuf_r
                0x0000000008025c14       0x80 d:/cubeide/stm32cubeide_1.7.0/stm32cubeide/plugins/com.st.stm32cube.ide.mcu.externaltools.gnu-tools-for-stm32.9-2020-q2-update.win32_2.0.0.202105311346/tools/bin/../lib/gcc/arm-none-eabi/9.3.1/../../../../arm-none-eabi/lib/thumb/v7e-m+fp/hard\libc_nano.a(lib_a-makebuf.o)
                0x0000000008025c14                __smakebuf_r
 .text.malloc   0x0000000008025c94       0x10 d:/cubeide/stm32cubeide_1.7.0/stm32cubeide/plugins/com.st.stm32cube.ide.mcu.externaltools.gnu-tools-for-stm32.9-2020-q2-update.win32_2.0.0.202105311346/tools/bin/../lib/gcc/arm-none-eabi/9.3.1/../../../../arm-none-eabi/lib/thumb/v7e-m+fp/hard\libc_nano.a(lib_a-malloc.o)
                0x0000000008025c94                malloc
 .text._free_r  0x0000000008025ca4       0xa0 d:/cubeide/stm32cubeide_1.7.0/stm32cubeide/plugins/com.st.stm32cube.ide.mcu.externaltools.gnu-tools-for-stm32.9-2020-q2-update.win32_2.0.0.202105311346/tools/bin/../lib/gcc/arm-none-eabi/9.3.1/../../../../arm-none-eabi/lib/thumb/v7e-m+fp/hard\libc_nano.a(lib_a-nano-freer.o)
                0x0000000008025ca4                _free_r
 .text._malloc_r
                0x0000000008025d44       0xb4 d:/cubeide/stm32cubeide_1.7.0/stm32cubeide/plugins/com.st.stm32cube.ide.mcu.externaltools.gnu-tools-for-stm32.9-2020-q2-update.win32_2.0.0.202105311346/tools/bin/../lib/gcc/arm-none-eabi/9.3.1/../../../../arm-none-eabi/lib/thumb/v7e-m+fp/hard\libc_nano.a(lib_a-nano-mallocr.o)
                0x0000000008025d44                _malloc_r
 .text.__ssputs_r
                0x0000000008025df8       0xb6 d:/cubeide/stm32cubeide_1.7.0/stm32cubeide/plugins/com.st.stm32cube.ide.mcu.externaltools.gnu-tools-for-stm32.9-2020-q2-update.win32_2.0.0.202105311346/tools/bin/../lib/gcc/arm-none-eabi/9.3.1/../../../../arm-none-eabi/lib/thumb/v7e-m+fp/hard\libc_nano.a(lib_a-nano-svfprintf.o)
                0x0000000008025df8                __ssputs_r
 *fill*         0x0000000008025eae        0x2 
 .text._svfprintf_r
                0x0000000008025eb0      0x200 d:/cubeide/stm32cubeide_1.7.0/stm32cubeide/plugins/com.st.stm32cube.ide.mcu.externaltools.gnu-tools-for-stm32.9-2020-q2-update.win32_2.0.0.202105311346/tools/bin/../lib/gcc/arm-none-eabi/9.3.1/../../../../arm-none-eabi/lib/thumb/v7e-m+fp/hard\libc_nano.a(lib_a-nano-svfprintf.o)
                0x0000000008025eb0                _svfiprintf_r
                0x0000000008025eb0                _svfprintf_r
 .text.__sfputc_r
                0x00000000080260b0       0x2e d:/cubeide/stm32cubeide_1.7.0/stm32cubeide/plugins/com.st.stm32cube.ide.mcu.externaltools.gnu-tools-for-stm32.9-2020-q2-update.win32_2.0.0.202105311346/tools/bin/../lib/gcc/arm-none-eabi/9.3.1/../../../../arm-none-eabi/lib/thumb/v7e-m+fp/hard\libc_nano.a(lib_a-nano-vfprintf.o)
 .text.__sfputs_r
                0x00000000080260de       0x24 d:/cubeide/stm32cubeide_1.7.0/stm32cubeide/plugins/com.st.stm32cube.ide.mcu.externaltools.gnu-tools-for-stm32.9-2020-q2-update.win32_2.0.0.202105311346/tools/bin/../lib/gcc/arm-none-eabi/9.3.1/../../../../arm-none-eabi/lib/thumb/v7e-m+fp/hard\libc_nano.a(lib_a-nano-vfprintf.o)
                0x00000000080260de                __sfputs_r
 *fill*         0x0000000008026102        0x2 
 .text._vfprintf_r
                0x0000000008026104      0x260 d:/cubeide/stm32cubeide_1.7.0/stm32cubeide/plugins/com.st.stm32cube.ide.mcu.externaltools.gnu-tools-for-stm32.9-2020-q2-update.win32_2.0.0.202105311346/tools/bin/../lib/gcc/arm-none-eabi/9.3.1/../../../../arm-none-eabi/lib/thumb/v7e-m+fp/hard\libc_nano.a(lib_a-nano-vfprintf.o)
                0x0000000008026104                _vfprintf_r
                0x0000000008026104                _vfiprintf_r
 .text._printf_common
                0x0000000008026364       0xda d:/cubeide/stm32cubeide_1.7.0/stm32cubeide/plugins/com.st.stm32cube.ide.mcu.externaltools.gnu-tools-for-stm32.9-2020-q2-update.win32_2.0.0.202105311346/tools/bin/../lib/gcc/arm-none-eabi/9.3.1/../../../../arm-none-eabi/lib/thumb/v7e-m+fp/hard\libc_nano.a(lib_a-nano-vfprintf_i.o)
                0x0000000008026364                _printf_common
 *fill*         0x000000000802643e        0x2 
 .text._printf_i
                0x0000000008026440      0x24c d:/cubeide/stm32cubeide_1.7.0/stm32cubeide/plugins/com.st.stm32cube.ide.mcu.externaltools.gnu-tools-for-stm32.9-2020-q2-update.win32_2.0.0.202105311346/tools/bin/../lib/gcc/arm-none-eabi/9.3.1/../../../../arm-none-eabi/lib/thumb/v7e-m+fp/hard\libc_nano.a(lib_a-nano-vfprintf_i.o)
                0x0000000008026440                _printf_i
 .text._sbrk_r  0x000000000802668c       0x20 d:/cubeide/stm32cubeide_1.7.0/stm32cubeide/plugins/com.st.stm32cube.ide.mcu.externaltools.gnu-tools-for-stm32.9-2020-q2-update.win32_2.0.0.202105311346/tools/bin/../lib/gcc/arm-none-eabi/9.3.1/../../../../arm-none-eabi/lib/thumb/v7e-m+fp/hard\libc_nano.a(lib_a-sbrkr.o)
                0x000000000802668c                _sbrk_r
 .text.__sread  0x00000000080266ac       0x22 d:/cubeide/stm32cubeide_1.7.0/stm32cubeide/plugins/com.st.stm32cube.ide.mcu.externaltools.gnu-tools-for-stm32.9-2020-q2-update.win32_2.0.0.202105311346/tools/bin/../lib/gcc/arm-none-eabi/9.3.1/../../../../arm-none-eabi/lib/thumb/v7e-m+fp/hard\libc_nano.a(lib_a-stdio.o)
                0x00000000080266ac                __sread
 .text.__swrite
                0x00000000080266ce       0x38 d:/cubeide/stm32cubeide_1.7.0/stm32cubeide/plugins/com.st.stm32cube.ide.mcu.externaltools.gnu-tools-for-stm32.9-2020-q2-update.win32_2.0.0.202105311346/tools/bin/../lib/gcc/arm-none-eabi/9.3.1/../../../../arm-none-eabi/lib/thumb/v7e-m+fp/hard\libc_nano.a(lib_a-stdio.o)
                0x00000000080266ce                __swrite
 .text.__sseek  0x0000000008026706       0x24 d:/cubeide/stm32cubeide_1.7.0/stm32cubeide/plugins/com.st.stm32cube.ide.mcu.externaltools.gnu-tools-for-stm32.9-2020-q2-update.win32_2.0.0.202105311346/tools/bin/../lib/gcc/arm-none-eabi/9.3.1/../../../../arm-none-eabi/lib/thumb/v7e-m+fp/hard\libc_nano.a(lib_a-stdio.o)
                0x0000000008026706                __sseek
 .text.__sclose
                0x000000000802672a        0x8 d:/cubeide/stm32cubeide_1.7.0/stm32cubeide/plugins/com.st.stm32cube.ide.mcu.externaltools.gnu-tools-for-stm32.9-2020-q2-update.win32_2.0.0.202105311346/tools/bin/../lib/gcc/arm-none-eabi/9.3.1/../../../../arm-none-eabi/lib/thumb/v7e-m+fp/hard\libc_nano.a(lib_a-stdio.o)
                0x000000000802672a                __sclose
 *fill*         0x0000000008026732        0x2 
 .text._write_r
                0x0000000008026734       0x24 d:/cubeide/stm32cubeide_1.7.0/stm32cubeide/plugins/com.st.stm32cube.ide.mcu.externaltools.gnu-tools-for-stm32.9-2020-q2-update.win32_2.0.0.202105311346/tools/bin/../lib/gcc/arm-none-eabi/9.3.1/../../../../arm-none-eabi/lib/thumb/v7e-m+fp/hard\libc_nano.a(lib_a-writer.o)
                0x0000000008026734                _write_r
 .text.abort    0x0000000008026758        0xe d:/cubeide/stm32cubeide_1.7.0/stm32cubeide/plugins/com.st.stm32cube.ide.mcu.externaltools.gnu-tools-for-stm32.9-2020-q2-update.win32_2.0.0.202105311346/tools/bin/../lib/gcc/arm-none-eabi/9.3.1/../../../../arm-none-eabi/lib/thumb/v7e-m+fp/hard\libc_nano.a(lib_a-abort.o)
                0x0000000008026758                abort
 *fill*         0x0000000008026766        0x2 
 .text._close_r
                0x0000000008026768       0x20 d:/cubeide/stm32cubeide_1.7.0/stm32cubeide/plugins/com.st.stm32cube.ide.mcu.externaltools.gnu-tools-for-stm32.9-2020-q2-update.win32_2.0.0.202105311346/tools/bin/../lib/gcc/arm-none-eabi/9.3.1/../../../../arm-none-eabi/lib/thumb/v7e-m+fp/hard\libc_nano.a(lib_a-closer.o)
                0x0000000008026768                _close_r
 .text._fstat_r
                0x0000000008026788       0x24 d:/cubeide/stm32cubeide_1.7.0/stm32cubeide/plugins/com.st.stm32cube.ide.mcu.externaltools.gnu-tools-for-stm32.9-2020-q2-update.win32_2.0.0.202105311346/tools/bin/../lib/gcc/arm-none-eabi/9.3.1/../../../../arm-none-eabi/lib/thumb/v7e-m+fp/hard\libc_nano.a(lib_a-fstatr.o)
                0x0000000008026788                _fstat_r
 .text._isatty_r
                0x00000000080267ac       0x20 d:/cubeide/stm32cubeide_1.7.0/stm32cubeide/plugins/com.st.stm32cube.ide.mcu.externaltools.gnu-tools-for-stm32.9-2020-q2-update.win32_2.0.0.202105311346/tools/bin/../lib/gcc/arm-none-eabi/9.3.1/../../../../arm-none-eabi/lib/thumb/v7e-m+fp/hard\libc_nano.a(lib_a-isattyr.o)
                0x00000000080267ac                _isatty_r
 .text._lseek_r
                0x00000000080267cc       0x24 d:/cubeide/stm32cubeide_1.7.0/stm32cubeide/plugins/com.st.stm32cube.ide.mcu.externaltools.gnu-tools-for-stm32.9-2020-q2-update.win32_2.0.0.202105311346/tools/bin/../lib/gcc/arm-none-eabi/9.3.1/../../../../arm-none-eabi/lib/thumb/v7e-m+fp/hard\libc_nano.a(lib_a-lseekr.o)
                0x00000000080267cc                _lseek_r
 .text.memmove  0x00000000080267f0       0x34 d:/cubeide/stm32cubeide_1.7.0/stm32cubeide/plugins/com.st.stm32cube.ide.mcu.externaltools.gnu-tools-for-stm32.9-2020-q2-update.win32_2.0.0.202105311346/tools/bin/../lib/gcc/arm-none-eabi/9.3.1/../../../../arm-none-eabi/lib/thumb/v7e-m+fp/hard\libc_nano.a(lib_a-memmove.o)
                0x00000000080267f0                memmove
 .text.__malloc_lock
                0x0000000008026824        0xc d:/cubeide/stm32cubeide_1.7.0/stm32cubeide/plugins/com.st.stm32cube.ide.mcu.externaltools.gnu-tools-for-stm32.9-2020-q2-update.win32_2.0.0.202105311346/tools/bin/../lib/gcc/arm-none-eabi/9.3.1/../../../../arm-none-eabi/lib/thumb/v7e-m+fp/hard\libc_nano.a(lib_a-mlock.o)
                0x0000000008026824                __malloc_lock
 .text.__malloc_unlock
                0x0000000008026830        0xc d:/cubeide/stm32cubeide_1.7.0/stm32cubeide/plugins/com.st.stm32cube.ide.mcu.externaltools.gnu-tools-for-stm32.9-2020-q2-update.win32_2.0.0.202105311346/tools/bin/../lib/gcc/arm-none-eabi/9.3.1/../../../../arm-none-eabi/lib/thumb/v7e-m+fp/hard\libc_nano.a(lib_a-mlock.o)
                0x0000000008026830                __malloc_unlock
 .text._realloc_r
                0x000000000802683c       0x4c d:/cubeide/stm32cubeide_1.7.0/stm32cubeide/plugins/com.st.stm32cube.ide.mcu.externaltools.gnu-tools-for-stm32.9-2020-q2-update.win32_2.0.0.202105311346/tools/bin/../lib/gcc/arm-none-eabi/9.3.1/../../../../arm-none-eabi/lib/thumb/v7e-m+fp/hard\libc_nano.a(lib_a-nano-reallocr.o)
                0x000000000802683c                _realloc_r
 .text._read_r  0x0000000008026888       0x24 d:/cubeide/stm32cubeide_1.7.0/stm32cubeide/plugins/com.st.stm32cube.ide.mcu.externaltools.gnu-tools-for-stm32.9-2020-q2-update.win32_2.0.0.202105311346/tools/bin/../lib/gcc/arm-none-eabi/9.3.1/../../../../arm-none-eabi/lib/thumb/v7e-m+fp/hard\libc_nano.a(lib_a-readr.o)
                0x0000000008026888                _read_r
 .text._raise_r
                0x00000000080268ac       0x50 d:/cubeide/stm32cubeide_1.7.0/stm32cubeide/plugins/com.st.stm32cube.ide.mcu.externaltools.gnu-tools-for-stm32.9-2020-q2-update.win32_2.0.0.202105311346/tools/bin/../lib/gcc/arm-none-eabi/9.3.1/../../../../arm-none-eabi/lib/thumb/v7e-m+fp/hard\libc_nano.a(lib_a-signal.o)
                0x00000000080268ac                _raise_r
 .text.raise    0x00000000080268fc       0x10 d:/cubeide/stm32cubeide_1.7.0/stm32cubeide/plugins/com.st.stm32cube.ide.mcu.externaltools.gnu-tools-for-stm32.9-2020-q2-update.win32_2.0.0.202105311346/tools/bin/../lib/gcc/arm-none-eabi/9.3.1/../../../../arm-none-eabi/lib/thumb/v7e-m+fp/hard\libc_nano.a(lib_a-signal.o)
                0x00000000080268fc                raise
 .text._kill_r  0x000000000802690c       0x24 d:/cubeide/stm32cubeide_1.7.0/stm32cubeide/plugins/com.st.stm32cube.ide.mcu.externaltools.gnu-tools-for-stm32.9-2020-q2-update.win32_2.0.0.202105311346/tools/bin/../lib/gcc/arm-none-eabi/9.3.1/../../../../arm-none-eabi/lib/thumb/v7e-m+fp/hard\libc_nano.a(lib_a-signalr.o)
                0x000000000802690c                _kill_r
 .text._getpid_r
                0x0000000008026930        0x4 d:/cubeide/stm32cubeide_1.7.0/stm32cubeide/plugins/com.st.stm32cube.ide.mcu.externaltools.gnu-tools-for-stm32.9-2020-q2-update.win32_2.0.0.202105311346/tools/bin/../lib/gcc/arm-none-eabi/9.3.1/../../../../arm-none-eabi/lib/thumb/v7e-m+fp/hard\libc_nano.a(lib_a-signalr.o)
                0x0000000008026930                _getpid_r
 .text._malloc_usable_size_r
                0x0000000008026934       0x10 d:/cubeide/stm32cubeide_1.7.0/stm32cubeide/plugins/com.st.stm32cube.ide.mcu.externaltools.gnu-tools-for-stm32.9-2020-q2-update.win32_2.0.0.202105311346/tools/bin/../lib/gcc/arm-none-eabi/9.3.1/../../../../arm-none-eabi/lib/thumb/v7e-m+fp/hard\libc_nano.a(lib_a-nano-msizer.o)
                0x0000000008026934                _malloc_usable_size_r
 *(.glue_7)
 .glue_7        0x0000000008026944        0x0 linker stubs
 *(.glue_7t)
 .glue_7t       0x0000000008026944        0x0 linker stubs
 *(.eh_frame)
 .eh_frame      0x0000000008026944        0x0 d:/cubeide/stm32cubeide_1.7.0/stm32cubeide/plugins/com.st.stm32cube.ide.mcu.externaltools.gnu-tools-for-stm32.9-2020-q2-update.win32_2.0.0.202105311346/tools/bin/../lib/gcc/arm-none-eabi/9.3.1/thumb/v7e-m+fp/hard/crtbegin.o
 *(.init)
 .init          0x0000000008026944        0x4 d:/cubeide/stm32cubeide_1.7.0/stm32cubeide/plugins/com.st.stm32cube.ide.mcu.externaltools.gnu-tools-for-stm32.9-2020-q2-update.win32_2.0.0.202105311346/tools/bin/../lib/gcc/arm-none-eabi/9.3.1/thumb/v7e-m+fp/hard/crti.o
                0x0000000008026944                _init
 .init          0x0000000008026948        0x8 d:/cubeide/stm32cubeide_1.7.0/stm32cubeide/plugins/com.st.stm32cube.ide.mcu.externaltools.gnu-tools-for-stm32.9-2020-q2-update.win32_2.0.0.202105311346/tools/bin/../lib/gcc/arm-none-eabi/9.3.1/thumb/v7e-m+fp/hard/crtn.o
 *(.fini)
 .fini          0x0000000008026950        0x4 d:/cubeide/stm32cubeide_1.7.0/stm32cubeide/plugins/com.st.stm32cube.ide.mcu.externaltools.gnu-tools-for-stm32.9-2020-q2-update.win32_2.0.0.202105311346/tools/bin/../lib/gcc/arm-none-eabi/9.3.1/thumb/v7e-m+fp/hard/crti.o
                0x0000000008026950                _fini
 .fini          0x0000000008026954        0x8 d:/cubeide/stm32cubeide_1.7.0/stm32cubeide/plugins/com.st.stm32cube.ide.mcu.externaltools.gnu-tools-for-stm32.9-2020-q2-update.win32_2.0.0.202105311346/tools/bin/../lib/gcc/arm-none-eabi/9.3.1/thumb/v7e-m+fp/hard/crtn.o
                0x0000000008026960                . = ALIGN (0x8)
 *fill*         0x000000000802695c        0x4 
                0x0000000008026960                _etext = .

.vfp11_veneer   0x0000000008026960        0x0
 .vfp11_veneer  0x0000000008026960        0x0 linker stubs

.v4_bx          0x0000000008026960        0x0
 .v4_bx         0x0000000008026960        0x0 linker stubs

.iplt           0x0000000008026960        0x0
 .iplt          0x0000000008026960        0x0 d:/cubeide/stm32cubeide_1.7.0/stm32cubeide/plugins/com.st.stm32cube.ide.mcu.externaltools.gnu-tools-for-stm32.9-2020-q2-update.win32_2.0.0.202105311346/tools/bin/../lib/gcc/arm-none-eabi/9.3.1/thumb/v7e-m+fp/hard/crtbegin.o

.rodata         0x0000000008026960      0x9b0
                0x0000000008026960                . = ALIGN (0x8)
 *(.rodata)
 .rodata        0x0000000008026960       0x48 ./Drivers/CMSIS/system_stm32l4xx.o
                0x0000000008026960                MSIRangeTable
                0x0000000008026990                AHBPrescTable
                0x00000000080269a0                APBPrescTable
 .rodata        0x00000000080269a8       0x10 ./Drivers/STM32L4xx_HAL_Driver/stm32l4xx_hal_uart.o
 *(.rodata*)
 .rodata.str1.1
                0x00000000080269b8        0xa ./Application/User/LPMwRTC.o
 .rodata.str1.1
                0x00000000080269c2      0x3b5 ./Application/User/main.o
 .rodata.str1.1
                0x0000000008026d77      0x448 ./Application/WIFI/es_wifi.o
                                        0x462 (size before relaxing)
 *fill*         0x00000000080271bf        0x1 
 .rodata._global_impure_ptr
                0x00000000080271c0        0x4 d:/cubeide/stm32cubeide_1.7.0/stm32cubeide/plugins/com.st.stm32cube.ide.mcu.externaltools.gnu-tools-for-stm32.9-2020-q2-update.win32_2.0.0.202105311346/tools/bin/../lib/gcc/arm-none-eabi/9.3.1/../../../../arm-none-eabi/lib/thumb/v7e-m+fp/hard\libc_nano.a(lib_a-impure.o)
                0x00000000080271c0                _global_impure_ptr
 .rodata.strtok.str1.1
                0x00000000080271c4       0x78 d:/cubeide/stm32cubeide_1.7.0/stm32cubeide/plugins/com.st.stm32cube.ide.mcu.externaltools.gnu-tools-for-stm32.9-2020-q2-update.win32_2.0.0.202105311346/tools/bin/../lib/gcc/arm-none-eabi/9.3.1/../../../../arm-none-eabi/lib/thumb/v7e-m+fp/hard\libc_nano.a(lib_a-strtok.o)
 .rodata.__assert_func.str1.1
                0x000000000802723c       0x3c d:/cubeide/stm32cubeide_1.7.0/stm32cubeide/plugins/com.st.stm32cube.ide.mcu.externaltools.gnu-tools-for-stm32.9-2020-q2-update.win32_2.0.0.202105311346/tools/bin/../lib/gcc/arm-none-eabi/9.3.1/../../../../arm-none-eabi/lib/thumb/v7e-m+fp/hard\libc_nano.a(lib_a-assert.o)
                                         0x3d (size before relaxing)
 .rodata.__sf_fake_stderr
                0x0000000008027278       0x20 d:/cubeide/stm32cubeide_1.7.0/stm32cubeide/plugins/com.st.stm32cube.ide.mcu.externaltools.gnu-tools-for-stm32.9-2020-q2-update.win32_2.0.0.202105311346/tools/bin/../lib/gcc/arm-none-eabi/9.3.1/../../../../arm-none-eabi/lib/thumb/v7e-m+fp/hard\libc_nano.a(lib_a-findfp.o)
                0x0000000008027278                __sf_fake_stderr
 .rodata.__sf_fake_stdin
                0x0000000008027298       0x20 d:/cubeide/stm32cubeide_1.7.0/stm32cubeide/plugins/com.st.stm32cube.ide.mcu.externaltools.gnu-tools-for-stm32.9-2020-q2-update.win32_2.0.0.202105311346/tools/bin/../lib/gcc/arm-none-eabi/9.3.1/../../../../arm-none-eabi/lib/thumb/v7e-m+fp/hard\libc_nano.a(lib_a-findfp.o)
                0x0000000008027298                __sf_fake_stdin
 .rodata.__sf_fake_stdout
                0x00000000080272b8       0x20 d:/cubeide/stm32cubeide_1.7.0/stm32cubeide/plugins/com.st.stm32cube.ide.mcu.externaltools.gnu-tools-for-stm32.9-2020-q2-update.win32_2.0.0.202105311346/tools/bin/../lib/gcc/arm-none-eabi/9.3.1/../../../../arm-none-eabi/lib/thumb/v7e-m+fp/hard\libc_nano.a(lib_a-findfp.o)
                0x00000000080272b8                __sf_fake_stdout
 .rodata._svfprintf_r.str1.1
                0x00000000080272d8       0x11 d:/cubeide/stm32cubeide_1.7.0/stm32cubeide/plugins/com.st.stm32cube.ide.mcu.externaltools.gnu-tools-for-stm32.9-2020-q2-update.win32_2.0.0.202105311346/tools/bin/../lib/gcc/arm-none-eabi/9.3.1/../../../../arm-none-eabi/lib/thumb/v7e-m+fp/hard\libc_nano.a(lib_a-nano-svfprintf.o)
 .rodata._vfprintf_r.str1.1
                0x00000000080272e9       0x11 d:/cubeide/stm32cubeide_1.7.0/stm32cubeide/plugins/com.st.stm32cube.ide.mcu.externaltools.gnu-tools-for-stm32.9-2020-q2-update.win32_2.0.0.202105311346/tools/bin/../lib/gcc/arm-none-eabi/9.3.1/../../../../arm-none-eabi/lib/thumb/v7e-m+fp/hard\libc_nano.a(lib_a-nano-vfprintf.o)
 .rodata._printf_i.str1.1
                0x00000000080272e9       0x22 d:/cubeide/stm32cubeide_1.7.0/stm32cubeide/plugins/com.st.stm32cube.ide.mcu.externaltools.gnu-tools-for-stm32.9-2020-q2-update.win32_2.0.0.202105311346/tools/bin/../lib/gcc/arm-none-eabi/9.3.1/../../../../arm-none-eabi/lib/thumb/v7e-m+fp/hard\libc_nano.a(lib_a-nano-vfprintf_i.o)
                0x0000000008027310                . = ALIGN (0x8)
 *fill*         0x000000000802730b        0x5 

.ARM.extab      0x0000000008027310        0x0
                0x0000000008027310                . = ALIGN (0x8)
 *(.ARM.extab* .gnu.linkonce.armextab.*)
                0x0000000008027310                . = ALIGN (0x8)

.ARM            0x0000000008027310        0x8
                0x0000000008027310                . = ALIGN (0x8)
                0x0000000008027310                __exidx_start = .
 *(.ARM.exidx*)
 .ARM.exidx     0x0000000008027310        0x8 d:/cubeide/stm32cubeide_1.7.0/stm32cubeide/plugins/com.st.stm32cube.ide.mcu.externaltools.gnu-tools-for-stm32.9-2020-q2-update.win32_2.0.0.202105311346/tools/bin/../lib/gcc/arm-none-eabi/9.3.1/thumb/v7e-m+fp/hard\libgcc.a(_udivmoddi4.o)
                0x0000000008027318                __exidx_end = .
                0x0000000008027318                . = ALIGN (0x8)

.rel.dyn        0x0000000008027318        0x0
 .rel.iplt      0x0000000008027318        0x0 d:/cubeide/stm32cubeide_1.7.0/stm32cubeide/plugins/com.st.stm32cube.ide.mcu.externaltools.gnu-tools-for-stm32.9-2020-q2-update.win32_2.0.0.202105311346/tools/bin/../lib/gcc/arm-none-eabi/9.3.1/thumb/v7e-m+fp/hard/crtbegin.o

.preinit_array  0x0000000008027318        0x0
                0x0000000008027318                . = ALIGN (0x8)
                0x0000000008027318                PROVIDE (__preinit_array_start = .)
 *(.preinit_array*)
                0x0000000008027318                PROVIDE (__preinit_array_end = .)
                0x0000000008027318                . = ALIGN (0x8)

.init_array     0x0000000008027318        0x8
                0x0000000008027318                . = ALIGN (0x8)
                0x0000000008027318                PROVIDE (__init_array_start = .)
 *(SORT_BY_NAME(.init_array.*))
 *(.init_array*)
 .init_array    0x0000000008027318        0x4 d:/cubeide/stm32cubeide_1.7.0/stm32cubeide/plugins/com.st.stm32cube.ide.mcu.externaltools.gnu-tools-for-stm32.9-2020-q2-update.win32_2.0.0.202105311346/tools/bin/../lib/gcc/arm-none-eabi/9.3.1/thumb/v7e-m+fp/hard/crtbegin.o
                0x000000000802731c                PROVIDE (__init_array_end = .)
                0x0000000008027320                . = ALIGN (0x8)
 *fill*         0x000000000802731c        0x4 

.fini_array     0x0000000008027320        0x8
                0x0000000008027320                . = ALIGN (0x8)
                [!provide]                        PROVIDE (__fini_array_start = .)
 *(SORT_BY_NAME(.fini_array.*))
 *(.fini_array*)
 .fini_array    0x0000000008027320        0x4 d:/cubeide/stm32cubeide_1.7.0/stm32cubeide/plugins/com.st.stm32cube.ide.mcu.externaltools.gnu-tools-for-stm32.9-2020-q2-update.win32_2.0.0.202105311346/tools/bin/../lib/gcc/arm-none-eabi/9.3.1/thumb/v7e-m+fp/hard/crtbegin.o
                [!provide]                        PROVIDE (__fini_array_end = .)
                0x0000000008027328                . = ALIGN (0x8)
 *fill*         0x0000000008027324        0x4 
                0x0000000008027328                _sidata = LOADADDR (.data)

.data           0x0000000020000000       0x88 load address 0x0000000008027328
                0x0000000020000000                . = ALIGN (0x8)
                0x0000000020000000                _sdata = .
 *(.data)
 .data          0x0000000020000000        0x4 ./Application/User/main.o
                0x0000000020000000                RemoteIP
 .data          0x0000000020000004       0x14 ./Drivers/BSP/B-L475E-IOT01/stm32l475e_iot01.o
                0x0000000020000004                GPIO_PORT
                0x0000000020000008                BUTTON_PORT
                0x000000002000000c                COM_TX_PORT
                0x0000000020000010                COM_RX_PORT
                0x0000000020000014                COM_USART
 .data          0x0000000020000018        0x4 ./Drivers/CMSIS/system_stm32l4xx.o
                0x0000000020000018                SystemCoreClock
 .data          0x000000002000001c        0x8 ./Drivers/STM32L4xx_HAL_Driver/stm32l4xx_hal.o
                0x000000002000001c                uwTickFreq
                0x0000000020000020                uwTickPrio
 *(.data*)
 .data._impure_ptr
                0x0000000020000024        0x4 d:/cubeide/stm32cubeide_1.7.0/stm32cubeide/plugins/com.st.stm32cube.ide.mcu.externaltools.gnu-tools-for-stm32.9-2020-q2-update.win32_2.0.0.202105311346/tools/bin/../lib/gcc/arm-none-eabi/9.3.1/../../../../arm-none-eabi/lib/thumb/v7e-m+fp/hard\libc_nano.a(lib_a-impure.o)
                0x0000000020000024                _impure_ptr
 .data.impure_data
                0x0000000020000028       0x60 d:/cubeide/stm32cubeide_1.7.0/stm32cubeide/plugins/com.st.stm32cube.ide.mcu.externaltools.gnu-tools-for-stm32.9-2020-q2-update.win32_2.0.0.202105311346/tools/bin/../lib/gcc/arm-none-eabi/9.3.1/../../../../arm-none-eabi/lib/thumb/v7e-m+fp/hard\libc_nano.a(lib_a-impure.o)
                0x0000000020000088                . = ALIGN (0x8)
                0x0000000020000088                _edata = .

.igot.plt       0x0000000020000088        0x0 load address 0x00000000080273b0
 .igot.plt      0x0000000020000088        0x0 d:/cubeide/stm32cubeide_1.7.0/stm32cubeide/plugins/com.st.stm32cube.ide.mcu.externaltools.gnu-tools-for-stm32.9-2020-q2-update.win32_2.0.0.202105311346/tools/bin/../lib/gcc/arm-none-eabi/9.3.1/thumb/v7e-m+fp/hard/crtbegin.o
                0x0000000020000088                . = ALIGN (0x4)

.bss            0x0000000020000088      0xb7c load address 0x00000000080273b0
                0x0000000020000088                _sbss = .
                0x0000000020000088                __bss_start__ = _sbss
 *(.bss)
 .bss           0x0000000020000088       0x1c d:/cubeide/stm32cubeide_1.7.0/stm32cubeide/plugins/com.st.stm32cube.ide.mcu.externaltools.gnu-tools-for-stm32.9-2020-q2-update.win32_2.0.0.202105311346/tools/bin/../lib/gcc/arm-none-eabi/9.3.1/thumb/v7e-m+fp/hard/crtbegin.o
 .bss           0x00000000200000a4       0x10 ./Application/WIFI/es_wifi_io.o
 .bss           0x00000000200000b4        0x8 ./SW4STM32/syscalls.o
                0x00000000200000b8                __env
 *(.bss*)
 .bss.__malloc_free_list
                0x00000000200000bc        0x4 d:/cubeide/stm32cubeide_1.7.0/stm32cubeide/plugins/com.st.stm32cube.ide.mcu.externaltools.gnu-tools-for-stm32.9-2020-q2-update.win32_2.0.0.202105311346/tools/bin/../lib/gcc/arm-none-eabi/9.3.1/../../../../arm-none-eabi/lib/thumb/v7e-m+fp/hard\libc_nano.a(lib_a-nano-mallocr.o)
                0x00000000200000bc                __malloc_free_list
 .bss.__malloc_sbrk_start
                0x00000000200000c0        0x4 d:/cubeide/stm32cubeide_1.7.0/stm32cubeide/plugins/com.st.stm32cube.ide.mcu.externaltools.gnu-tools-for-stm32.9-2020-q2-update.win32_2.0.0.202105311346/tools/bin/../lib/gcc/arm-none-eabi/9.3.1/../../../../arm-none-eabi/lib/thumb/v7e-m+fp/hard\libc_nano.a(lib_a-nano-mallocr.o)
                0x00000000200000c0                __malloc_sbrk_start
 *(COMMON)
 COMMON         0x00000000200000c4       0xf8 ./Application/User/main.o
                0x00000000200000c4                POTATO
                0x000000002000012c                PASSWORD
                0x0000000020000130                hadc1
                0x0000000020000194                hrtc
                0x00000000200001b8                SSID
 COMMON         0x00000000200001bc       0x64 ./Application/WIFI/es_wifi_io.o
                0x00000000200001bc                hspi
 COMMON         0x0000000020000220      0x900 ./Application/WIFI/wifi.o
                0x0000000020000220                EsWifiObj
 COMMON         0x0000000020000b20       0xd0 ./Drivers/BSP/B-L475E-IOT01/stm32l475e_iot01.o
                0x0000000020000b20                hDiscoUart
                0x0000000020000ba4                hI2cHandler
 COMMON         0x0000000020000bf0        0x4 ./Drivers/STM32L4xx_HAL_Driver/stm32l4xx_hal.o
                0x0000000020000bf0                uwTick
 COMMON         0x0000000020000bf4        0x9 d:/cubeide/stm32cubeide_1.7.0/stm32cubeide/plugins/com.st.stm32cube.ide.mcu.externaltools.gnu-tools-for-stm32.9-2020-q2-update.win32_2.0.0.202105311346/tools/bin/../lib/gcc/arm-none-eabi/9.3.1/../../../../arm-none-eabi/lib/thumb/v7e-m+fp/hard\libc_nano.a(lib_a-lock.o)
                0x0000000020000bf4                __lock___atexit_recursive_mutex
                0x0000000020000bf5                __lock___arc4random_mutex
                0x0000000020000bf6                __lock___env_recursive_mutex
                0x0000000020000bf7                __lock___sinit_recursive_mutex
                0x0000000020000bf8                __lock___malloc_recursive_mutex
                0x0000000020000bf9                __lock___at_quick_exit_mutex
                0x0000000020000bfa                __lock___dd_hash_mutex
                0x0000000020000bfb                __lock___tz_mutex
                0x0000000020000bfc                __lock___sfp_recursive_mutex
 *fill*         0x0000000020000bfd        0x3 
 COMMON         0x0000000020000c00        0x4 d:/cubeide/stm32cubeide_1.7.0/stm32cubeide/plugins/com.st.stm32cube.ide.mcu.externaltools.gnu-tools-for-stm32.9-2020-q2-update.win32_2.0.0.202105311346/tools/bin/../lib/gcc/arm-none-eabi/9.3.1/../../../../arm-none-eabi/lib/thumb/v7e-m+fp/hard\libc_nano.a(lib_a-reent.o)
                0x0000000020000c00                errno
                0x0000000020000c04                . = ALIGN (0x4)
                0x0000000020000c04                _ebss = .
                0x0000000020000c04                __bss_end__ = _ebss

._user_heap_stack
                0x0000000020000c04    0x17004 load address 0x00000000080273b0
                0x0000000020000c08                . = ALIGN (0x8)
 *fill*         0x0000000020000c04        0x4 
                0x0000000020000c08                PROVIDE (end = .)
                [!provide]                        PROVIDE (_end = .)
                0x0000000020010c08                . = (. + _Min_Heap_Size)
 *fill*         0x0000000020000c08    0x10000 
                0x0000000020017c08                . = (. + _Min_Stack_Size)
 *fill*         0x0000000020010c08     0x7000 
                0x0000000020017c08                . = ALIGN (0x8)

/DISCARD/
 libc.a(*)
 libm.a(*)
 libgcc.a(*)

.ARM.attributes
                0x0000000000000000       0x30
 *(.ARM.attributes)
 .ARM.attributes
                0x0000000000000000       0x1e d:/cubeide/stm32cubeide_1.7.0/stm32cubeide/plugins/com.st.stm32cube.ide.mcu.externaltools.gnu-tools-for-stm32.9-2020-q2-update.win32_2.0.0.202105311346/tools/bin/../lib/gcc/arm-none-eabi/9.3.1/thumb/v7e-m+fp/hard/crti.o
 .ARM.attributes
                0x000000000000001e       0x34 d:/cubeide/stm32cubeide_1.7.0/stm32cubeide/plugins/com.st.stm32cube.ide.mcu.externaltools.gnu-tools-for-stm32.9-2020-q2-update.win32_2.0.0.202105311346/tools/bin/../lib/gcc/arm-none-eabi/9.3.1/thumb/v7e-m+fp/hard/crtbegin.o
 .ARM.attributes
                0x0000000000000052       0x34 ./Application/User/LPMwRTC.o
 .ARM.attributes
                0x0000000000000086       0x34 ./Application/User/adc.o
 .ARM.attributes
                0x00000000000000ba       0x34 ./Application/User/crc.o
 .ARM.attributes
                0x00000000000000ee       0x34 ./Application/User/main.o
 .ARM.attributes
                0x0000000000000122       0x34 ./Application/User/save.o
 .ARM.attributes
                0x0000000000000156       0x34 ./Application/User/stm32l4xx_it.o
 .ARM.attributes
                0x000000000000018a       0x34 ./Application/WIFI/es_wifi.o
 .ARM.attributes
                0x00000000000001be       0x34 ./Application/WIFI/es_wifi_io.o
 .ARM.attributes
                0x00000000000001f2       0x34 ./Application/WIFI/wifi.o
 .ARM.attributes
                0x0000000000000226       0x34 ./Drivers/BSP/B-L475E-IOT01/stm32l475e_iot01.o
 .ARM.attributes
                0x000000000000025a       0x34 ./Drivers/CMSIS/system_stm32l4xx.o
 .ARM.attributes
                0x000000000000028e       0x34 ./Drivers/STM32L4xx_HAL_Driver/stm32l4xx_hal.o
 .ARM.attributes
                0x00000000000002c2       0x34 ./Drivers/STM32L4xx_HAL_Driver/stm32l4xx_hal_adc.o
 .ARM.attributes
                0x00000000000002f6       0x34 ./Drivers/STM32L4xx_HAL_Driver/stm32l4xx_hal_adc_ex.o
 .ARM.attributes
                0x000000000000032a       0x34 ./Drivers/STM32L4xx_HAL_Driver/stm32l4xx_hal_cortex.o
 .ARM.attributes
                0x000000000000035e       0x34 ./Drivers/STM32L4xx_HAL_Driver/stm32l4xx_hal_dma.o
 .ARM.attributes
                0x0000000000000392       0x34 ./Drivers/STM32L4xx_HAL_Driver/stm32l4xx_hal_gpio.o
 .ARM.attributes
                0x00000000000003c6       0x34 ./Drivers/STM32L4xx_HAL_Driver/stm32l4xx_hal_pwr.o
 .ARM.attributes
                0x00000000000003fa       0x34 ./Drivers/STM32L4xx_HAL_Driver/stm32l4xx_hal_pwr_ex.o
 .ARM.attributes
                0x000000000000042e       0x34 ./Drivers/STM32L4xx_HAL_Driver/stm32l4xx_hal_rcc.o
 .ARM.attributes
                0x0000000000000462       0x34 ./Drivers/STM32L4xx_HAL_Driver/stm32l4xx_hal_rcc_ex.o
 .ARM.attributes
                0x0000000000000496       0x34 ./Drivers/STM32L4xx_HAL_Driver/stm32l4xx_hal_rtc.o
 .ARM.attributes
                0x00000000000004ca       0x34 ./Drivers/STM32L4xx_HAL_Driver/stm32l4xx_hal_rtc_ex.o
 .ARM.attributes
                0x00000000000004fe       0x34 ./Drivers/STM32L4xx_HAL_Driver/stm32l4xx_hal_spi.o
 .ARM.attributes
                0x0000000000000532       0x34 ./Drivers/STM32L4xx_HAL_Driver/stm32l4xx_hal_uart.o
 .ARM.attributes
                0x0000000000000566       0x21 ./SW4STM32/startup_stm32l475xx.o
 .ARM.attributes
                0x0000000000000587       0x34 ./SW4STM32/syscalls.o
 .ARM.attributes
                0x00000000000005bb       0x34 d:/cubeide/stm32cubeide_1.7.0/stm32cubeide/plugins/com.st.stm32cube.ide.mcu.externaltools.gnu-tools-for-stm32.9-2020-q2-update.win32_2.0.0.202105311346/tools/bin/../lib/gcc/arm-none-eabi/9.3.1/../../../../arm-none-eabi/lib/thumb/v7e-m+fp/hard\libc_nano.a(lib_a-errno.o)
 .ARM.attributes
                0x00000000000005ef       0x32 d:/cubeide/stm32cubeide_1.7.0/stm32cubeide/plugins/com.st.stm32cube.ide.mcu.externaltools.gnu-tools-for-stm32.9-2020-q2-update.win32_2.0.0.202105311346/tools/bin/../lib/gcc/arm-none-eabi/9.3.1/../../../../arm-none-eabi/lib/thumb/v7e-m+fp/hard\libc_nano.a(lib_a-impure.o)
 .ARM.attributes
                0x0000000000000621       0x34 d:/cubeide/stm32cubeide_1.7.0/stm32cubeide/plugins/com.st.stm32cube.ide.mcu.externaltools.gnu-tools-for-stm32.9-2020-q2-update.win32_2.0.0.202105311346/tools/bin/../lib/gcc/arm-none-eabi/9.3.1/../../../../arm-none-eabi/lib/thumb/v7e-m+fp/hard\libc_nano.a(lib_a-init.o)
 .ARM.attributes
                0x0000000000000655       0x34 d:/cubeide/stm32cubeide_1.7.0/stm32cubeide/plugins/com.st.stm32cube.ide.mcu.externaltools.gnu-tools-for-stm32.9-2020-q2-update.win32_2.0.0.202105311346/tools/bin/../lib/gcc/arm-none-eabi/9.3.1/../../../../arm-none-eabi/lib/thumb/v7e-m+fp/hard\libc_nano.a(lib_a-memcpy-stub.o)
 .ARM.attributes
                0x0000000000000689       0x34 d:/cubeide/stm32cubeide_1.7.0/stm32cubeide/plugins/com.st.stm32cube.ide.mcu.externaltools.gnu-tools-for-stm32.9-2020-q2-update.win32_2.0.0.202105311346/tools/bin/../lib/gcc/arm-none-eabi/9.3.1/../../../../arm-none-eabi/lib/thumb/v7e-m+fp/hard\libc_nano.a(lib_a-memset.o)
 .ARM.attributes
                0x00000000000006bd       0x34 d:/cubeide/stm32cubeide_1.7.0/stm32cubeide/plugins/com.st.stm32cube.ide.mcu.externaltools.gnu-tools-for-stm32.9-2020-q2-update.win32_2.0.0.202105311346/tools/bin/../lib/gcc/arm-none-eabi/9.3.1/../../../../arm-none-eabi/lib/thumb/v7e-m+fp/hard\libc_nano.a(lib_a-printf.o)
 .ARM.attributes
                0x00000000000006f1       0x34 d:/cubeide/stm32cubeide_1.7.0/stm32cubeide/plugins/com.st.stm32cube.ide.mcu.externaltools.gnu-tools-for-stm32.9-2020-q2-update.win32_2.0.0.202105311346/tools/bin/../lib/gcc/arm-none-eabi/9.3.1/../../../../arm-none-eabi/lib/thumb/v7e-m+fp/hard\libc_nano.a(lib_a-puts.o)
 .ARM.attributes
                0x0000000000000725       0x34 d:/cubeide/stm32cubeide_1.7.0/stm32cubeide/plugins/com.st.stm32cube.ide.mcu.externaltools.gnu-tools-for-stm32.9-2020-q2-update.win32_2.0.0.202105311346/tools/bin/../lib/gcc/arm-none-eabi/9.3.1/../../../../arm-none-eabi/lib/thumb/v7e-m+fp/hard\libc_nano.a(lib_a-sprintf.o)
 .ARM.attributes
                0x0000000000000759       0x34 d:/cubeide/stm32cubeide_1.7.0/stm32cubeide/plugins/com.st.stm32cube.ide.mcu.externaltools.gnu-tools-for-stm32.9-2020-q2-update.win32_2.0.0.202105311346/tools/bin/../lib/gcc/arm-none-eabi/9.3.1/../../../../arm-none-eabi/lib/thumb/v7e-m+fp/hard\libc_nano.a(lib_a-strcpy.o)
 .ARM.attributes
                0x000000000000078d       0x17 d:/cubeide/stm32cubeide_1.7.0/stm32cubeide/plugins/com.st.stm32cube.ide.mcu.externaltools.gnu-tools-for-stm32.9-2020-q2-update.win32_2.0.0.202105311346/tools/bin/../lib/gcc/arm-none-eabi/9.3.1/../../../../arm-none-eabi/lib/thumb/v7e-m+fp/hard\libc_nano.a(lib_a-strlen.o)
 .ARM.attributes
                0x00000000000007a4       0x34 d:/cubeide/stm32cubeide_1.7.0/stm32cubeide/plugins/com.st.stm32cube.ide.mcu.externaltools.gnu-tools-for-stm32.9-2020-q2-update.win32_2.0.0.202105311346/tools/bin/../lib/gcc/arm-none-eabi/9.3.1/../../../../arm-none-eabi/lib/thumb/v7e-m+fp/hard\libc_nano.a(lib_a-strncpy.o)
 .ARM.attributes
                0x00000000000007d8       0x34 d:/cubeide/stm32cubeide_1.7.0/stm32cubeide/plugins/com.st.stm32cube.ide.mcu.externaltools.gnu-tools-for-stm32.9-2020-q2-update.win32_2.0.0.202105311346/tools/bin/../lib/gcc/arm-none-eabi/9.3.1/../../../../arm-none-eabi/lib/thumb/v7e-m+fp/hard\libc_nano.a(lib_a-strstr.o)
 .ARM.attributes
                0x000000000000080c       0x34 d:/cubeide/stm32cubeide_1.7.0/stm32cubeide/plugins/com.st.stm32cube.ide.mcu.externaltools.gnu-tools-for-stm32.9-2020-q2-update.win32_2.0.0.202105311346/tools/bin/../lib/gcc/arm-none-eabi/9.3.1/../../../../arm-none-eabi/lib/thumb/v7e-m+fp/hard\libc_nano.a(lib_a-strtok.o)
 .ARM.attributes
                0x0000000000000840       0x34 d:/cubeide/stm32cubeide_1.7.0/stm32cubeide/plugins/com.st.stm32cube.ide.mcu.externaltools.gnu-tools-for-stm32.9-2020-q2-update.win32_2.0.0.202105311346/tools/bin/../lib/gcc/arm-none-eabi/9.3.1/../../../../arm-none-eabi/lib/thumb/v7e-m+fp/hard\libc_nano.a(lib_a-strtok_r.o)
 .ARM.attributes
                0x0000000000000874       0x34 d:/cubeide/stm32cubeide_1.7.0/stm32cubeide/plugins/com.st.stm32cube.ide.mcu.externaltools.gnu-tools-for-stm32.9-2020-q2-update.win32_2.0.0.202105311346/tools/bin/../lib/gcc/arm-none-eabi/9.3.1/../../../../arm-none-eabi/lib/thumb/v7e-m+fp/hard\libc_nano.a(lib_a-wbuf.o)
 .ARM.attributes
                0x00000000000008a8       0x34 d:/cubeide/stm32cubeide_1.7.0/stm32cubeide/plugins/com.st.stm32cube.ide.mcu.externaltools.gnu-tools-for-stm32.9-2020-q2-update.win32_2.0.0.202105311346/tools/bin/../lib/gcc/arm-none-eabi/9.3.1/../../../../arm-none-eabi/lib/thumb/v7e-m+fp/hard\libc_nano.a(lib_a-wsetup.o)
 .ARM.attributes
                0x00000000000008dc       0x34 d:/cubeide/stm32cubeide_1.7.0/stm32cubeide/plugins/com.st.stm32cube.ide.mcu.externaltools.gnu-tools-for-stm32.9-2020-q2-update.win32_2.0.0.202105311346/tools/bin/../lib/gcc/arm-none-eabi/9.3.1/../../../../arm-none-eabi/lib/thumb/v7e-m+fp/hard\libc_nano.a(lib_a-assert.o)
 .ARM.attributes
                0x0000000000000910       0x34 d:/cubeide/stm32cubeide_1.7.0/stm32cubeide/plugins/com.st.stm32cube.ide.mcu.externaltools.gnu-tools-for-stm32.9-2020-q2-update.win32_2.0.0.202105311346/tools/bin/../lib/gcc/arm-none-eabi/9.3.1/../../../../arm-none-eabi/lib/thumb/v7e-m+fp/hard\libc_nano.a(lib_a-fflush.o)
 .ARM.attributes
                0x0000000000000944       0x34 d:/cubeide/stm32cubeide_1.7.0/stm32cubeide/plugins/com.st.stm32cube.ide.mcu.externaltools.gnu-tools-for-stm32.9-2020-q2-update.win32_2.0.0.202105311346/tools/bin/../lib/gcc/arm-none-eabi/9.3.1/../../../../arm-none-eabi/lib/thumb/v7e-m+fp/hard\libc_nano.a(lib_a-findfp.o)
 .ARM.attributes