hw_spi.c:258:13:pf_nRFResetTimerCallBack	0	static
hw_spi.c:270:13:TimerTxRxCallback	0	static
hw_spi.c:566:13:Enable_SPI_CS	0	static
hw_spi.c:577:13:Disable_SPI_CS	0	static
hw_spi.c:590:13:DisableEnable_SPI_CS	8	static
hw_spi.c:539:13:Enable_SPI_Receiving_Path	16	static
stm32l4xx_ll_dma.h:997:22:LL_DMA_SetDataLength.constprop	0	static
hw_spi.c:777:13:ReceiveHeader	16	static
hw_spi.c:684:13:SPI_Receive_Manager	16	static
hw_spi.c:331:13:TimerTransmitCallback	8	static
hw_spi.c:347:6:HAL_SPI_MspInit	88	static
hw_spi.c:802:6:HW_BNRG_Close	0	static
hw_spi.c:810:6:HW_BNRG_Init	56	static,ignoring_inline_asm
hw_spi.c:870:6:HW_BNRG_EvtReq	0	static
hw_spi.c:889:6:HW_BNRG_SpiIrqCb	16	static,ignoring_inline_asm
hw_spi.c:907:6:HW_BNRG_DMATxCb	16	static
hw_spi.c:1045:6:HW_BNRG_SetupStdbyMode	0	static
hw_spi.c:1058:6:HW_BNRG_TimStartAllowed	0	static
hw_spi.c:1075:13:HW_BNRG_TimStartReq	0	static
hw_spi.c:613:13:WakeupBlueNRG	8	static
hw_spi.c:847:6:HW_BNRG_Send	8	static,ignoring_inline_asm
hw_spi.c:282:13:ReceiveClosure	8	static,ignoring_inline_asm
hw_spi.c:316:13:ProcessEndOfReceive	8	static
hw_spi.c:929:6:HW_BNRG_DMARxCb	16	static
